 CrisInstaller

 Timestamp is 51137631 (Thu Feb 07 18:38:57 2013)

 Preferred load address is 00400000

 Start         Length     Name                   Class
 0001:00000000 000001f0H .idata$5                CODE
 0001:000001f0 000006a8H .rdata                  CODE
 0001:000008a0 000162d4H .text                   CODE
 0001:00016b80 00000004H .text$0                 CODE
 0001:00016b90 00007bd0H .text$1                 CODE
 0001:0001e760 00000004H .text$2                 CODE
 0001:0001e764 00000014H .idata$2                CODE
 0001:0001e778 00000014H .idata$3                CODE
 0001:0001e78c 000001f0H .idata$4                CODE
 0001:0001e97c 00000650H .idata$6                CODE
 0001:0001efcc 00000000H .edata                  CODE
 0002:00000000 00000004H .data                   DATA
 0002:00000008 00001778H .bss                    DATA
 0003:00000000 00000568H .rsrc$01                DATA
 0003:00000570 00013252H .rsrc$02                DATA

  Address         Publics by Value              Rva+Base     Lib:Object

 0001:00000000       __imp____vba@0970DB34      00401000     CrisInstaller.OBJ
 0001:00000000       __imp_@__vba@0970DB34      00401000     CrisInstaller.OBJ
 0001:00000004       __imp____vbaStrI2          00401004     CrisInstaller.OBJ
 0001:00000004       __imp_@__vbaStrI2          00401004     CrisInstaller.OBJ
 0001:00000008       __imp___CIcos              00401008     CrisInstaller.OBJ
 0001:0000000c       __imp___adj_fptan          0040100c     CrisInstaller.OBJ
 0001:00000010       __imp____vbaStrI4          00401010     CrisInstaller.OBJ
 0001:00000010       __imp_@__vbaStrI4          00401010     CrisInstaller.OBJ
 0001:00000014       __imp_@__vbaVarMove        00401014     CrisInstaller.OBJ
 0001:00000014       __imp____vbaVarMove        00401014     CrisInstaller.OBJ
 0001:00000018       __imp____vbaVarVargNofree  00401018     CrisInstaller.OBJ
 0001:00000018       __imp_@__vbaVarVargNofree  00401018     CrisInstaller.OBJ
 0001:0000001c       __imp____vbaFreeVar        0040101c     CrisInstaller.OBJ
 0001:0000001c       __imp_@__vbaFreeVar        0040101c     CrisInstaller.OBJ
 0001:00000020       __imp_@__vba@0970D5F0      00401020     CrisInstaller.OBJ
 0001:00000020       __imp____vba@0970D5F0      00401020     CrisInstaller.OBJ
 0001:00000024       __imp____vbaLenBstr        00401024     CrisInstaller.OBJ
 0001:00000024       __imp_@__vbaLenBstr        00401024     CrisInstaller.OBJ
 0001:00000028       __imp_@__vbaStrVarMove     00401028     CrisInstaller.OBJ
 0001:00000028       __imp____vbaStrVarMove     00401028     CrisInstaller.OBJ
 0001:0000002c       __imp_@__vbaLineInputStr   0040102c     CrisInstaller.OBJ
 0001:0000002c       __imp____vbaLineInputStr   0040102c     CrisInstaller.OBJ
 0001:00000030       __imp_@__vbaLateIdCall     00401030     CrisInstaller.OBJ
 0001:00000030       __imp____vbaLateIdCall     00401030     CrisInstaller.OBJ
 0001:00000034       __imp_@__vbaFreeVarList    00401034     CrisInstaller.OBJ
 0001:00000034       __imp____vbaFreeVarList    00401034     CrisInstaller.OBJ
 0001:00000038       __imp____vbaEnd            00401038     CrisInstaller.OBJ
 0001:00000038       __imp_@__vbaEnd            00401038     CrisInstaller.OBJ
 0001:0000003c       __imp___adj_fdiv_m64       0040103c     CrisInstaller.OBJ
 0001:00000040       __imp_@__vbaFreeObjList    00401040     CrisInstaller.OBJ
 0001:00000040       __imp____vbaFreeObjList    00401040     CrisInstaller.OBJ
 0001:00000044       __imp____vba@0970E70C      00401044     CrisInstaller.OBJ
 0001:00000044       __imp_@__vba@0970E70C      00401044     CrisInstaller.OBJ
 0001:00000048       __imp___adj_fprem1         00401048     CrisInstaller.OBJ
 0001:0000004c       __imp____vbaRecAnsiToUni   0040104c     CrisInstaller.OBJ
 0001:0000004c       __imp_@__vbaRecAnsiToUni   0040104c     CrisInstaller.OBJ
 0001:00000050       __imp____vbaCopyBytes      00401050     CrisInstaller.OBJ
 0001:00000050       __imp_@__vbaCopyBytes      00401050     CrisInstaller.OBJ
 0001:00000054       __imp____vbaStrCat         00401054     CrisInstaller.OBJ
 0001:00000054       __imp_@__vbaStrCat         00401054     CrisInstaller.OBJ
 0001:00000058       __imp_@__vbaLsetFixstr     00401058     CrisInstaller.OBJ
 0001:00000058       __imp____vbaLsetFixstr     00401058     CrisInstaller.OBJ
 0001:0000005c       __imp_@__vbaSetSystemError 0040105c     CrisInstaller.OBJ
 0001:0000005c       __imp____vbaSetSystemError 0040105c     CrisInstaller.OBJ
 0001:00000060       __imp____vbaRecDestruct    00401060     CrisInstaller.OBJ
 0001:00000060       __imp_@__vbaRecDestruct    00401060     CrisInstaller.OBJ
 0001:00000064       __imp_@__vbaHresultCheckObj 00401064     CrisInstaller.OBJ
 0001:00000064       __imp____vbaHresultCheckObj 00401064     CrisInstaller.OBJ
 0001:00000068       __imp___adj_fdiv_m32       00401068     CrisInstaller.OBJ
 0001:0000006c       __imp_@__vba@0970D0C4      0040106c     CrisInstaller.OBJ
 0001:0000006c       __imp____vba@0970D0C4      0040106c     CrisInstaller.OBJ
 0001:00000070       __imp____vba@0970DDF8      00401070     CrisInstaller.OBJ
 0001:00000070       __imp_@__vba@0970DDF8      00401070     CrisInstaller.OBJ
 0001:00000074       __imp____vbaStrBool        00401074     CrisInstaller.OBJ
 0001:00000074       __imp_@__vbaStrBool        00401074     CrisInstaller.OBJ
 0001:00000078       __imp____vbaExitProc       00401078     CrisInstaller.OBJ
 0001:00000078       __imp_@__vbaExitProc       00401078     CrisInstaller.OBJ
 0001:0000007c       __imp_@__vba@0970DE78      0040107c     CrisInstaller.OBJ
 0001:0000007c       __imp____vba@0970DE78      0040107c     CrisInstaller.OBJ
 0001:00000080       __imp_@__vba@0970E68C      00401080     CrisInstaller.OBJ
 0001:00000080       __imp____vba@0970E68C      00401080     CrisInstaller.OBJ
 0001:00000084       __imp_@__vbaOnError        00401084     CrisInstaller.OBJ
 0001:00000084       __imp____vbaOnError        00401084     CrisInstaller.OBJ
 0001:00000088       __imp_@__vbaObjSet         00401088     CrisInstaller.OBJ
 0001:00000088       __imp____vbaObjSet         00401088     CrisInstaller.OBJ
 0001:0000008c       __imp_@__vba@0970E744      0040108c     CrisInstaller.OBJ
 0001:0000008c       __imp____vba@0970E744      0040108c     CrisInstaller.OBJ
 0001:00000090       __imp___adj_fdiv_m16i      00401090     CrisInstaller.OBJ
 0001:00000094       __imp____vbaObjSetAddref   00401094     CrisInstaller.OBJ
 0001:00000094       __imp_@__vbaObjSetAddref   00401094     CrisInstaller.OBJ
 0001:00000098       __imp___adj_fdivr_m16i     00401098     CrisInstaller.OBJ
 0001:0000009c       __imp_@__vba@0970ED40      0040109c     CrisInstaller.OBJ
 0001:0000009c       __imp____vba@0970ED40      0040109c     CrisInstaller.OBJ
 0001:000000a0       __imp____vba@0970EA4C      004010a0     CrisInstaller.OBJ
 0001:000000a0       __imp_@__vba@0970EA4C      004010a0     CrisInstaller.OBJ
 0001:000000a4       __imp_@__vbaBoolVar        004010a4     CrisInstaller.OBJ
 0001:000000a4       __imp____vbaBoolVar        004010a4     CrisInstaller.OBJ
 0001:000000a8       __imp___CIsin              004010a8     CrisInstaller.OBJ
 0001:000000ac       __imp____vba@0970E77C      004010ac     CrisInstaller.OBJ
 0001:000000ac       __imp_@__vba@0970E77C      004010ac     CrisInstaller.OBJ
 0001:000000b0       __imp_@__vba@0970EABC      004010b0     CrisInstaller.OBJ
 0001:000000b0       __imp____vba@0970EABC      004010b0     CrisInstaller.OBJ
 0001:000000b4       __imp_@__vba@0970E8E8      004010b4     CrisInstaller.OBJ
 0001:000000b4       __imp____vba@0970E8E8      004010b4     CrisInstaller.OBJ
 0001:000000b8       __imp____vbaChkstk         004010b8     CrisInstaller.OBJ
 0001:000000bc       __imp____vbaFileClose      004010bc     CrisInstaller.OBJ
 0001:000000bc       __imp_@__vbaFileClose      004010bc     CrisInstaller.OBJ
 0001:000000c0       __imp_@__vba@096FB7C8      004010c0     CrisInstaller.OBJ
 0001:000000c0       __imp____vba@096FB7C8      004010c0     CrisInstaller.OBJ
 0001:000000c8       __imp_@__vba@0970EC3C      004010c8     CrisInstaller.OBJ
 0001:000000c8       __imp____vba@0970EC3C      004010c8     CrisInstaller.OBJ
 0001:000000cc       __imp_@__vbaGenerateBoundsError 004010cc     CrisInstaller.OBJ
 0001:000000cc       __imp____vbaGenerateBoundsError 004010cc     CrisInstaller.OBJ
 0001:000000d0       __imp_@__vbaStrCmp         004010d0     CrisInstaller.OBJ
 0001:000000d0       __imp____vbaStrCmp         004010d0     CrisInstaller.OBJ
 0001:000000d4       __imp_@__vba@0970DBEC      004010d4     CrisInstaller.OBJ
 0001:000000d4       __imp____vba@0970DBEC      004010d4     CrisInstaller.OBJ
 0001:000000d8       __imp____vbaVarTstEq       004010d8     CrisInstaller.OBJ
 0001:000000d8       __imp_@__vbaVarTstEq       004010d8     CrisInstaller.OBJ
 0001:000000dc       __imp____vbaI2I4           004010dc     CrisInstaller.OBJ
 0001:000000dc       __imp_@__vbaI2I4           004010dc     CrisInstaller.OBJ
 0001:000000e4       __imp_@__vbaVarLateMemSt   004010e4     CrisInstaller.OBJ
 0001:000000e4       __imp____vbaVarLateMemSt   004010e4     CrisInstaller.OBJ
 0001:000000e8       __imp___adj_fpatan         004010e8     CrisInstaller.OBJ
 0001:000000ec       __imp____vbaFixstrConstruct 004010ec     CrisInstaller.OBJ
 0001:000000ec       __imp_@__vbaFixstrConstruct 004010ec     CrisInstaller.OBJ
 0001:000000f0       __imp____vbaLateIdCallLd   004010f0     CrisInstaller.OBJ
 0001:000000f0       __imp_@__vbaLateIdCallLd   004010f0     CrisInstaller.OBJ
 0001:000000f4       __imp_@__vbaRecUniToAnsi   004010f4     CrisInstaller.OBJ
 0001:000000f4       __imp____vbaRecUniToAnsi   004010f4     CrisInstaller.OBJ
 0001:000000fc       __imp_@__vba@0970D6E4      004010fc     CrisInstaller.OBJ
 0001:000000fc       __imp____vba@0970D6E4      004010fc     CrisInstaller.OBJ
 0001:00000100       __imp_@__vbaUI1I2          00401100     CrisInstaller.OBJ
 0001:00000100       __imp____vbaUI1I2          00401100     CrisInstaller.OBJ
 0001:00000104       __imp___CIsqrt             00401104     CrisInstaller.OBJ
 0001:0000010c       __imp_@__vbaUI1I4          0040110c     CrisInstaller.OBJ
 0001:0000010c       __imp____vbaUI1I4          0040110c     CrisInstaller.OBJ
 0001:00000110       __imp____vbaExceptHandler  00401110     CrisInstaller.OBJ
 0001:00000114       __imp_@__vbaStrToUnicode   00401114     CrisInstaller.OBJ
 0001:00000114       __imp____vbaStrToUnicode   00401114     CrisInstaller.OBJ
 0001:00000118       __imp___adj_fprem          00401118     CrisInstaller.OBJ
 0001:0000011c       __imp___adj_fdivr_m64      0040111c     CrisInstaller.OBJ
 0001:00000120       __imp_@__vba@0970ED78      00401120     CrisInstaller.OBJ
 0001:00000120       __imp____vba@0970ED78      00401120     CrisInstaller.OBJ
 0001:00000124       __imp____vba@0970D7EC      00401124     CrisInstaller.OBJ
 0001:00000124       __imp_@__vba@0970D7EC      00401124     CrisInstaller.OBJ
 0001:00000128       __imp____vbaFPException    00401128     CrisInstaller.OBJ
 0001:0000012c       __imp_@__vbaInStrVar       0040112c     CrisInstaller.OBJ
 0001:0000012c       __imp____vbaInStrVar       0040112c     CrisInstaller.OBJ
 0001:00000130       __imp_@__vba@0830ED90      00401130     CrisInstaller.OBJ
 0001:00000130       __imp____vba@0830ED90      00401130     CrisInstaller.OBJ
 0001:00000134       __imp____vba@0970DB6C      00401134     CrisInstaller.OBJ
 0001:00000134       __imp_@__vba@0970DB6C      00401134     CrisInstaller.OBJ
 0001:00000138       __imp_@__vbaStrVarVal      00401138     CrisInstaller.OBJ
 0001:00000138       __imp____vbaStrVarVal      00401138     CrisInstaller.OBJ
 0001:0000013c       __imp_@__vbaVarCat         0040113c     CrisInstaller.OBJ
 0001:0000013c       __imp____vbaVarCat         0040113c     CrisInstaller.OBJ
 0001:00000140       __imp_@__vbaLsetFixstrFree 00401140     CrisInstaller.OBJ
 0001:00000140       __imp____vbaLsetFixstrFree 00401140     CrisInstaller.OBJ
 0001:00000144       __imp____vbaI2Var          00401144     CrisInstaller.OBJ
 0001:00000144       __imp_@__vbaI2Var          00401144     CrisInstaller.OBJ
 0001:00000148       __imp____vba@0970ED08      00401148     CrisInstaller.OBJ
 0001:00000148       __imp_@__vba@0970ED08      00401148     CrisInstaller.OBJ
 0001:0000014c       __imp___CIlog              0040114c     CrisInstaller.OBJ
 0001:00000150       __imp____vbaErrorOverflow  00401150     CrisInstaller.OBJ
 0001:00000150       __imp_@__vbaErrorOverflow  00401150     CrisInstaller.OBJ
 0001:00000154       __imp_@__vbaFileOpen       00401154     CrisInstaller.OBJ
 0001:00000154       __imp____vbaFileOpen       00401154     CrisInstaller.OBJ
 0001:00000158       __imp____vbaNew2           00401158     CrisInstaller.OBJ
 0001:00000158       __imp_@__vbaNew2           00401158     CrisInstaller.OBJ
 0001:0000015c       __imp____vbaInStr          0040115c     CrisInstaller.OBJ
 0001:0000015c       __imp_@__vbaInStr          0040115c     CrisInstaller.OBJ
 0001:00000160       __imp___adj_fdiv_m32i      00401160     CrisInstaller.OBJ
 0001:00000164       __imp___adj_fdivr_m32i     00401164     CrisInstaller.OBJ
 0001:00000168       __imp____vbaStrCopy        00401168     CrisInstaller.OBJ
 0001:00000168       __imp_@__vbaStrCopy        00401168     CrisInstaller.OBJ
 0001:0000016c       __imp____vbaI4Str          0040116c     CrisInstaller.OBJ
 0001:0000016c       __imp_@__vbaI4Str          0040116c     CrisInstaller.OBJ
 0001:00000170       __imp_@__vbaFreeStrList    00401170     CrisInstaller.OBJ
 0001:00000170       __imp____vbaFreeStrList    00401170     CrisInstaller.OBJ
 0001:00000174       __imp____vba@0970D71C      00401174     CrisInstaller.OBJ
 0001:00000174       __imp_@__vba@0970D71C      00401174     CrisInstaller.OBJ
 0001:00000178       __imp___adj_fdivr_m32      00401178     CrisInstaller.OBJ
 0001:0000017c       __imp____vbaPowerR8        0040117c     CrisInstaller.OBJ
 0001:0000017c       __imp_@__vbaPowerR8        0040117c     CrisInstaller.OBJ
 0001:00000180       __imp___adj_fdiv_r         00401180     CrisInstaller.OBJ
 0001:00000188       __imp_@__vbaI4Var          00401188     CrisInstaller.OBJ
 0001:00000188       __imp____vbaI4Var          00401188     CrisInstaller.OBJ
 0001:0000018c       __imp_@__vbaVarAdd         0040118c     CrisInstaller.OBJ
 0001:0000018c       __imp____vbaVarAdd         0040118c     CrisInstaller.OBJ
 0001:00000190       __imp_@__vbaStrToAnsi      00401190     CrisInstaller.OBJ
 0001:00000190       __imp____vbaStrToAnsi      00401190     CrisInstaller.OBJ
 0001:00000194       __imp____vbaVarDup         00401194     CrisInstaller.OBJ
 0001:00000194       __imp_@__vbaVarDup         00401194     CrisInstaller.OBJ
 0001:00000198       __imp____vba@0970EA84      00401198     CrisInstaller.OBJ
 0001:00000198       __imp_@__vba@0970EA84      00401198     CrisInstaller.OBJ
 0001:0000019c       __imp____vbaFpI2           0040119c     CrisInstaller.OBJ
 0001:0000019c       __imp_@__vbaFpI2           0040119c     CrisInstaller.OBJ
 0001:000001a0       __imp_@__vbaVarLateMemCallLd 004011a0     CrisInstaller.OBJ
 0001:000001a0       __imp____vbaVarLateMemCallLd 004011a0     CrisInstaller.OBJ
 0001:000001a4       __imp_@__vbaFpI4           004011a4     CrisInstaller.OBJ
 0001:000001a4       __imp____vbaFpI4           004011a4     CrisInstaller.OBJ
 0001:000001a8       __imp_@__vba@0970D1DC      004011a8     CrisInstaller.OBJ
 0001:000001a8       __imp____vba@0970D1DC      004011a8     CrisInstaller.OBJ
 0001:000001ac       __imp____vbaRecDestructAnsi 004011ac     CrisInstaller.OBJ
 0001:000001ac       __imp_@__vbaRecDestructAnsi 004011ac     CrisInstaller.OBJ
 0001:000001b0       __imp___CIatan             004011b0     CrisInstaller.OBJ
 0001:000001b4       __imp_@__vbaUI1Str         004011b4     CrisInstaller.OBJ
 0001:000001b4       __imp____vbaUI1Str         004011b4     CrisInstaller.OBJ
 0001:000001b8       __imp_@__vbaStrMove        004011b8     CrisInstaller.OBJ
 0001:000001b8       __imp____vbaStrMove        004011b8     CrisInstaller.OBJ
 0001:000001bc       __imp____vbaCastObj        004011bc     CrisInstaller.OBJ
 0001:000001bc       __imp_@__vbaCastObj        004011bc     CrisInstaller.OBJ
 0001:000001c0       __imp_@__vbaStrVarCopy     004011c0     CrisInstaller.OBJ
 0001:000001c0       __imp____vbaStrVarCopy     004011c0     CrisInstaller.OBJ
 0001:000001c4       __imp____vba@096FB6FC      004011c4     CrisInstaller.OBJ
 0001:000001c4       __imp_@__vba@096FB6FC      004011c4     CrisInstaller.OBJ
 0001:000001c8       __imp___allmul             004011c8     CrisInstaller.OBJ
 0001:000001cc       __imp____vbaLenVarB        004011cc     CrisInstaller.OBJ
 0001:000001cc       __imp_@__vbaLenVarB        004011cc     CrisInstaller.OBJ
 0001:000001d0       __imp____vbaLateIdSt       004011d0     CrisInstaller.OBJ
 0001:000001d0       __imp_@__vbaLateIdSt       004011d0     CrisInstaller.OBJ
 0001:000001d4       __imp___CItan              004011d4     CrisInstaller.OBJ
 0001:000001d8       __imp____vbaUI1Var         004011d8     CrisInstaller.OBJ
 0001:000001d8       __imp_@__vbaUI1Var         004011d8     CrisInstaller.OBJ
 0001:000001dc       __imp___CIexp              004011dc     CrisInstaller.OBJ
 0001:000001e0       __imp_@__vbaMidStmtBstr    004011e0     CrisInstaller.OBJ
 0001:000001e0       __imp____vbaMidStmtBstr    004011e0     CrisInstaller.OBJ
 0001:000001e4       __imp_@__vbaFreeObj        004011e4     CrisInstaller.OBJ
 0001:000001e4       __imp____vbaFreeObj        004011e4     CrisInstaller.OBJ
 0001:000001e8       __imp____vbaFreeStr        004011e8     CrisInstaller.OBJ
 0001:000001e8       __imp_@__vbaFreeStr        004011e8     CrisInstaller.OBJ
 0001:00000290       __real@4@bfff8000000000000000 00401290     fMain.OBJ
 0001:00000294       __real@4@3fff8000000000000000 00401294     fMain.OBJ
 0001:00000298       __real@4@40018000000000000000 00401298     fMain.OBJ
 0001:000002a0       __real@8@40008000000000000000 004012a0     fMain.OBJ
 0001:000002a8       __real@8@3fff8000000000000000 004012a8     fMain.OBJ
 0001:00000414       __real@4@40078580000000000000 00401414     fMain.OBJ
 0001:00000418       __real@4@4006f200000000000000 00401418     fMain.OBJ
 0001:0000041c       __real@4@4006ed00000000000000 0040141c     fMain.OBJ
 0001:00000420       __real@4@4006d400000000000000 00401420     fMain.OBJ
 0001:00000424       __real@4@4006cf00000000000000 00401424     fMain.OBJ
 0001:00000428       __real@4@4006b600000000000000 00401428     fMain.OBJ
 0001:0000042c       __real@4@4006b100000000000000 0040142c     fMain.OBJ
 0001:00000430       __real@4@40069800000000000000 00401430     fMain.OBJ
 0001:00000434       __real@4@4006b900000000000000 00401434     fMain.OBJ
 0001:00000438       __real@4@4006a500000000000000 00401438     fMain.OBJ
 0001:0000043c       __real@4@40088e80000000000000 0040143c     fMain.OBJ
 0001:00000440       __real@4@40088700000000000000 00401440     fMain.OBJ
 0001:00000444       __real@4@40088200000000000000 00401444     fMain.OBJ
 0001:00000448       __real@4@4007a280000000000000 00401448     fMain.OBJ
 0001:0000044c       __real@4@40079600000000000000 0040144c     fMain.OBJ
 0001:00000450       __real@4@40079380000000000000 00401450     fMain.OBJ
 0001:00000454       __real@4@40078700000000000000 00401454     fMain.OBJ
 0001:00000458       __real@4@40078480000000000000 00401458     fMain.OBJ
 0001:0000045c       __real@4@4006f000000000000000 0040145c     fMain.OBJ
 0001:00000460       __real@4@4006eb00000000000000 00401460     fMain.OBJ
 0001:00000464       __real@4@4006d200000000000000 00401464     fMain.OBJ
 0001:00000468       __real@4@4007f500000000000000 00401468     fMain.OBJ
 0001:0000046c       __real@4@4005a000000000000000 0040146c     fMain.OBJ
 0001:00000470       __real@4@4007af00000000000000 00401470     fMain.OBJ
 0001:00000474       __real@4@4007b400000000000000 00401474     fMain.OBJ
 0001:00000478       __real@4@40079d80000000000000 00401478     fMain.OBJ
 0001:0000047c       __real@4@4007c800000000000000 0040147c     fMain.OBJ
 0001:00000480       __real@4@4006be00000000000000 00401480     fMain.OBJ
 0001:00000530       __real@8@4003c800000000000000 00401530     fMain.OBJ
 0001:000008a0       VB@TEXT                    004018a0     CrisInstaller.OBJ
 0001:000008a0       ___vbaChkstk               004018a0     CrisInstaller.OBJ
 0001:000008a6       ___vbaExceptHandler        004018a6     CrisInstaller.OBJ
 0001:000008ac       ___vbaFPException          004018ac     CrisInstaller.OBJ
 0001:000008b2       __adj_fdiv_m16i            004018b2     CrisInstaller.OBJ
 0001:000008b8       __adj_fdiv_m32             004018b8     CrisInstaller.OBJ
 0001:000008be       __adj_fdiv_m32i            004018be     CrisInstaller.OBJ
 0001:000008c4       __adj_fdiv_m64             004018c4     CrisInstaller.OBJ
 0001:000008ca       __adj_fdiv_r               004018ca     CrisInstaller.OBJ
 0001:000008d0       __adj_fdivr_m16i           004018d0     CrisInstaller.OBJ
 0001:000008d6       __adj_fdivr_m32            004018d6     CrisInstaller.OBJ
 0001:000008dc       __adj_fdivr_m32i           004018dc     CrisInstaller.OBJ
 0001:000008e2       __adj_fdivr_m64            004018e2     CrisInstaller.OBJ
 0001:000008e8       __adj_fpatan               004018e8     CrisInstaller.OBJ
 0001:000008ee       __adj_fprem                004018ee     CrisInstaller.OBJ
 0001:000008f4       __adj_fprem1               004018f4     CrisInstaller.OBJ
 0001:000008fa       __adj_fptan                004018fa     CrisInstaller.OBJ
 0001:00000900       __CIatan                   00401900     CrisInstaller.OBJ
 0001:00000906       __CIcos                    00401906     CrisInstaller.OBJ
 0001:0000090c       __CIexp                    0040190c     CrisInstaller.OBJ
 0001:00000912       __CIlog                    00401912     CrisInstaller.OBJ
 0001:00000918       __CIsin                    00401918     CrisInstaller.OBJ
 0001:0000091e       __CIsqrt                   0040191e     CrisInstaller.OBJ
 0001:00000924       __CItan                    00401924     CrisInstaller.OBJ
 0001:0000092a       __allmul                   0040192a     CrisInstaller.OBJ
 0001:00000936       ___vbaRecDestruct          00401936     CrisInstaller.OBJ
 0001:00000936       @__vbaRecDestruct          00401936     CrisInstaller.OBJ
 0001:0000093c       ___vba@096FB6FC            0040193c     CrisInstaller.OBJ
 0001:0000093c       @__vba@096FB6FC            0040193c     CrisInstaller.OBJ
 0001:00000942       @__vbaVarTstEq             00401942     CrisInstaller.OBJ
 0001:00000942       ___vbaVarTstEq             00401942     CrisInstaller.OBJ
 0001:00000948       @__vbaInStr                00401948     CrisInstaller.OBJ
 0001:00000948       ___vbaInStr                00401948     CrisInstaller.OBJ
 0001:0000094e       @__vba@096FB7C8            0040194e     CrisInstaller.OBJ
 0001:0000094e       ___vba@096FB7C8            0040194e     CrisInstaller.OBJ
 0001:00000954       @__vbaRecDestructAnsi      00401954     CrisInstaller.OBJ
 0001:00000954       ___vbaRecDestructAnsi      00401954     CrisInstaller.OBJ
 0001:0000095a       @__vbaRecAnsiToUni         0040195a     CrisInstaller.OBJ
 0001:0000095a       ___vbaRecAnsiToUni         0040195a     CrisInstaller.OBJ
 0001:00000960       ___vbaRecUniToAnsi         00401960     CrisInstaller.OBJ
 0001:00000960       @__vbaRecUniToAnsi         00401960     CrisInstaller.OBJ
 0001:00000966       ___vbaExitProc             00401966     CrisInstaller.OBJ
 0001:00000966       @__vbaExitProc             00401966     CrisInstaller.OBJ
 0001:0000096c       ___vbaLateIdCallLd         0040196c     CrisInstaller.OBJ
 0001:0000096c       @__vbaLateIdCallLd         0040196c     CrisInstaller.OBJ
 0001:00000972       @__vbaLateIdCall           00401972     CrisInstaller.OBJ
 0001:00000972       ___vbaLateIdCall           00401972     CrisInstaller.OBJ
 0001:00000978       ___vbaLateIdSt             00401978     CrisInstaller.OBJ
 0001:00000978       @__vbaLateIdSt             00401978     CrisInstaller.OBJ
 0001:0000097e       @__vbaFileClose            0040197e     CrisInstaller.OBJ
 0001:0000097e       ___vbaFileClose            0040197e     CrisInstaller.OBJ
 0001:00000984       ___vbaLineInputStr         00401984     CrisInstaller.OBJ
 0001:00000984       @__vbaLineInputStr         00401984     CrisInstaller.OBJ
 0001:0000098a       ___vbaFileOpen             0040198a     CrisInstaller.OBJ
 0001:0000098a       @__vbaFileOpen             0040198a     CrisInstaller.OBJ
 0001:00000990       @__vba@0970D0C4            00401990     CrisInstaller.OBJ
 0001:00000990       ___vba@0970D0C4            00401990     CrisInstaller.OBJ
 0001:00000996       ___vbaStrVarMove           00401996     CrisInstaller.OBJ
 0001:00000996       @__vbaStrVarMove           00401996     CrisInstaller.OBJ
 0001:0000099c       @__vbaVarCat               0040199c     CrisInstaller.OBJ
 0001:0000099c       ___vbaVarCat               0040199c     CrisInstaller.OBJ
 0001:000009a2       @__vbaStrVarVal            004019a2     CrisInstaller.OBJ
 0001:000009a2       ___vbaStrVarVal            004019a2     CrisInstaller.OBJ
 0001:000009a8       ___vba@0970D1DC            004019a8     CrisInstaller.OBJ
 0001:000009a8       @__vba@0970D1DC            004019a8     CrisInstaller.OBJ
 0001:000009ae       ___vbaLenBstr              004019ae     CrisInstaller.OBJ
 0001:000009ae       @__vbaLenBstr              004019ae     CrisInstaller.OBJ
 0001:000009b4       ___vbaFreeObjList          004019b4     CrisInstaller.OBJ
 0001:000009b4       @__vbaFreeObjList          004019b4     CrisInstaller.OBJ
 0001:000009ba       ___vbaStrI2                004019ba     CrisInstaller.OBJ
 0001:000009ba       @__vbaStrI2                004019ba     CrisInstaller.OBJ
 0001:000009c0       @__vbaCastObj              004019c0     CrisInstaller.OBJ
 0001:000009c0       ___vbaCastObj              004019c0     CrisInstaller.OBJ
 0001:000009c6       @__vbaObjSetAddref         004019c6     CrisInstaller.OBJ
 0001:000009c6       ___vbaObjSetAddref         004019c6     CrisInstaller.OBJ
 0001:000009cc       @__vba@0970D5F0            004019cc     CrisInstaller.OBJ
 0001:000009cc       ___vba@0970D5F0            004019cc     CrisInstaller.OBJ
 0001:000009d2       ___vbaFpI4                 004019d2     CrisInstaller.OBJ
 0001:000009d2       @__vbaFpI4                 004019d2     CrisInstaller.OBJ
 0001:000009d8       @__vbaVarMove              004019d8     CrisInstaller.OBJ
 0001:000009d8       ___vbaVarMove              004019d8     CrisInstaller.OBJ
 0001:000009de       ___vba@0970D6E4            004019de     CrisInstaller.OBJ
 0001:000009de       @__vba@0970D6E4            004019de     CrisInstaller.OBJ
 0001:000009e4       @__vba@0970D71C            004019e4     CrisInstaller.OBJ
 0001:000009e4       ___vba@0970D71C            004019e4     CrisInstaller.OBJ
 0001:000009ea       ___vbaFreeStrList          004019ea     CrisInstaller.OBJ
 0001:000009ea       @__vbaFreeStrList          004019ea     CrisInstaller.OBJ
 0001:000009f0       ___vbaStrCat               004019f0     CrisInstaller.OBJ
 0001:000009f0       @__vbaStrCat               004019f0     CrisInstaller.OBJ
 0001:000009f6       ___vba@0970D7EC            004019f6     CrisInstaller.OBJ
 0001:000009f6       @__vba@0970D7EC            004019f6     CrisInstaller.OBJ
 0001:000009fc       ___vbaStrBool              004019fc     CrisInstaller.OBJ
 0001:000009fc       @__vbaStrBool              004019fc     CrisInstaller.OBJ
 0001:00000a02       @__vbaStrMove              00401a02     CrisInstaller.OBJ
 0001:00000a02       ___vbaStrMove              00401a02     CrisInstaller.OBJ
 0001:00000a08       @__vba@0970DB34            00401a08     CrisInstaller.OBJ
 0001:00000a08       ___vba@0970DB34            00401a08     CrisInstaller.OBJ
 0001:00000a0e       @__vba@0970DB6C            00401a0e     CrisInstaller.OBJ
 0001:00000a0e       ___vba@0970DB6C            00401a0e     CrisInstaller.OBJ
 0001:00000a14       @__vbaVarDup               00401a14     CrisInstaller.OBJ
 0001:00000a14       ___vbaVarDup               00401a14     CrisInstaller.OBJ
 0001:00000a1a       @__vba@0970DBEC            00401a1a     CrisInstaller.OBJ
 0001:00000a1a       ___vba@0970DBEC            00401a1a     CrisInstaller.OBJ
 0001:00000a20       ___vbaBoolVar              00401a20     CrisInstaller.OBJ
 0001:00000a20       @__vbaBoolVar              00401a20     CrisInstaller.OBJ
 0001:00000a26       ___vbaGenerateBoundsError  00401a26     CrisInstaller.OBJ
 0001:00000a26       @__vbaGenerateBoundsError  00401a26     CrisInstaller.OBJ
 0001:00000a2c       @__vbaEnd                  00401a2c     CrisInstaller.OBJ
 0001:00000a2c       ___vbaEnd                  00401a2c     CrisInstaller.OBJ
 0001:00000a32       @__vbaErrorOverflow        00401a32     CrisInstaller.OBJ
 0001:00000a32       ___vbaErrorOverflow        00401a32     CrisInstaller.OBJ
 0001:00000a38       @__vbaPowerR8              00401a38     CrisInstaller.OBJ
 0001:00000a38       ___vbaPowerR8              00401a38     CrisInstaller.OBJ
 0001:00000a3e       ___vba@0970DDF8            00401a3e     CrisInstaller.OBJ
 0001:00000a3e       @__vba@0970DDF8            00401a3e     CrisInstaller.OBJ
 0001:00000a44       ___vbaFpI2                 00401a44     CrisInstaller.OBJ
 0001:00000a44       @__vbaFpI2                 00401a44     CrisInstaller.OBJ
 0001:00000a4a       @__vba@0970DE78            00401a4a     CrisInstaller.OBJ
 0001:00000a4a       ___vba@0970DE78            00401a4a     CrisInstaller.OBJ
 0001:00000a50       ___vbaFreeVarList          00401a50     CrisInstaller.OBJ
 0001:00000a50       @__vbaFreeVarList          00401a50     CrisInstaller.OBJ
 0001:00000a56       @__vbaFreeStr              00401a56     CrisInstaller.OBJ
 0001:00000a56       ___vbaFreeStr              00401a56     CrisInstaller.OBJ
 0001:00000a5c       @__vbaStrToUnicode         00401a5c     CrisInstaller.OBJ
 0001:00000a5c       ___vbaStrToUnicode         00401a5c     CrisInstaller.OBJ
 0001:00000a62       ___vbaStrToAnsi            00401a62     CrisInstaller.OBJ
 0001:00000a62       @__vbaStrToAnsi            00401a62     CrisInstaller.OBJ
 0001:00000a68       ___vba@0830ED90            00401a68     CrisInstaller.OBJ
 0001:00000a68       @__vba@0830ED90            00401a68     CrisInstaller.OBJ
 0001:00000a6e       @__vbaLenVarB              00401a6e     CrisInstaller.OBJ
 0001:00000a6e       ___vbaLenVarB              00401a6e     CrisInstaller.OBJ
 0001:00000a74       @__vbaVarLateMemSt         00401a74     CrisInstaller.OBJ
 0001:00000a74       ___vbaVarLateMemSt         00401a74     CrisInstaller.OBJ
 0001:00000a7a       ___vbaFreeVar              00401a7a     CrisInstaller.OBJ
 0001:00000a7a       @__vbaFreeVar              00401a7a     CrisInstaller.OBJ
 0001:00000a80       ___vbaVarLateMemCallLd     00401a80     CrisInstaller.OBJ
 0001:00000a80       @__vbaVarLateMemCallLd     00401a80     CrisInstaller.OBJ
 0001:00000a86       ___vbaI2Var                00401a86     CrisInstaller.OBJ
 0001:00000a86       @__vbaI2Var                00401a86     CrisInstaller.OBJ
 0001:00000a8c       @__vbaStrCopy              00401a8c     CrisInstaller.OBJ
 0001:00000a8c       ___vbaStrCopy              00401a8c     CrisInstaller.OBJ
 0001:00000a92       @__vbaFreeObj              00401a92     CrisInstaller.OBJ
 0001:00000a92       ___vbaFreeObj              00401a92     CrisInstaller.OBJ
 0001:00000a98       ___vbaObjSet               00401a98     CrisInstaller.OBJ
 0001:00000a98       @__vbaObjSet               00401a98     CrisInstaller.OBJ
 0001:00000a9e       @__vbaHresultCheckObj      00401a9e     CrisInstaller.OBJ
 0001:00000a9e       ___vbaHresultCheckObj      00401a9e     CrisInstaller.OBJ
 0001:00000aa4       ___vbaNew2                 00401aa4     CrisInstaller.OBJ
 0001:00000aa4       @__vbaNew2                 00401aa4     CrisInstaller.OBJ
 0001:00000aaa       ___vbaUI1I4                00401aaa     CrisInstaller.OBJ
 0001:00000aaa       @__vbaUI1I4                00401aaa     CrisInstaller.OBJ
 0001:00000ab0       @__vbaUI1I2                00401ab0     CrisInstaller.OBJ
 0001:00000ab0       ___vbaUI1I2                00401ab0     CrisInstaller.OBJ
 0001:00000ab6       @__vbaSetSystemError       00401ab6     CrisInstaller.OBJ
 0001:00000ab6       ___vbaSetSystemError       00401ab6     CrisInstaller.OBJ
 0001:00000abc       ___vbaVarVargNofree        00401abc     CrisInstaller.OBJ
 0001:00000abc       @__vbaVarVargNofree        00401abc     CrisInstaller.OBJ
 0001:00000ac2       @__vbaI4Var                00401ac2     CrisInstaller.OBJ
 0001:00000ac2       ___vbaI4Var                00401ac2     CrisInstaller.OBJ
 0001:00000ac8       ___vbaOnError              00401ac8     CrisInstaller.OBJ
 0001:00000ac8       @__vbaOnError              00401ac8     CrisInstaller.OBJ
 0001:00000ace       @__vbaI2I4                 00401ace     CrisInstaller.OBJ
 0001:00000ace       ___vbaI2I4                 00401ace     CrisInstaller.OBJ
 0001:00000ad4       ___vba@0970E8E8            00401ad4     CrisInstaller.OBJ
 0001:00000ad4       @__vba@0970E8E8            00401ad4     CrisInstaller.OBJ
 0001:00000ada       ___vbaLsetFixstr           00401ada     CrisInstaller.OBJ
 0001:00000ada       @__vbaLsetFixstr           00401ada     CrisInstaller.OBJ
 0001:00000ae0       @__vbaStrVarCopy           00401ae0     CrisInstaller.OBJ
 0001:00000ae0       ___vbaStrVarCopy           00401ae0     CrisInstaller.OBJ
 0001:00000ae6       @__vbaInStrVar             00401ae6     CrisInstaller.OBJ
 0001:00000ae6       ___vbaInStrVar             00401ae6     CrisInstaller.OBJ
 0001:00000aec       ___vbaStrI4                00401aec     CrisInstaller.OBJ
 0001:00000aec       @__vbaStrI4                00401aec     CrisInstaller.OBJ
 0001:00000af2       @__vbaI4Str                00401af2     CrisInstaller.OBJ
 0001:00000af2       ___vbaI4Str                00401af2     CrisInstaller.OBJ
 0001:00000af8       ___vba@0970E68C            00401af8     CrisInstaller.OBJ
 0001:00000af8       @__vba@0970E68C            00401af8     CrisInstaller.OBJ
 0001:00000afe       ___vbaUI1Var               00401afe     CrisInstaller.OBJ
 0001:00000afe       @__vbaUI1Var               00401afe     CrisInstaller.OBJ
 0001:00000b04       ___vba@0970E70C            00401b04     CrisInstaller.OBJ
 0001:00000b04       @__vba@0970E70C            00401b04     CrisInstaller.OBJ
 0001:00000b0a       @__vba@0970E744            00401b0a     CrisInstaller.OBJ
 0001:00000b0a       ___vba@0970E744            00401b0a     CrisInstaller.OBJ
 0001:00000b10       @__vba@0970E77C            00401b10     CrisInstaller.OBJ
 0001:00000b10       ___vba@0970E77C            00401b10     CrisInstaller.OBJ
 0001:00000b16       @__vbaStrCmp               00401b16     CrisInstaller.OBJ
 0001:00000b16       ___vbaStrCmp               00401b16     CrisInstaller.OBJ
 0001:00000b1c       @__vba@0970EA4C            00401b1c     CrisInstaller.OBJ
 0001:00000b1c       ___vba@0970EA4C            00401b1c     CrisInstaller.OBJ
 0001:00000b22       ___vba@0970EA84            00401b22     CrisInstaller.OBJ
 0001:00000b22       @__vba@0970EA84            00401b22     CrisInstaller.OBJ
 0001:00000b28       @__vba@0970EABC            00401b28     CrisInstaller.OBJ
 0001:00000b28       ___vba@0970EABC            00401b28     CrisInstaller.OBJ
 0001:00000b2e       ___vbaMidStmtBstr          00401b2e     CrisInstaller.OBJ
 0001:00000b2e       @__vbaMidStmtBstr          00401b2e     CrisInstaller.OBJ
 0001:00000b34       @__vbaLsetFixstrFree       00401b34     CrisInstaller.OBJ
 0001:00000b34       ___vbaLsetFixstrFree       00401b34     CrisInstaller.OBJ
 0001:00000b3a       ___vbaFixstrConstruct      00401b3a     CrisInstaller.OBJ
 0001:00000b3a       @__vbaFixstrConstruct      00401b3a     CrisInstaller.OBJ
 0001:00000b40       @__vba@0970EC3C            00401b40     CrisInstaller.OBJ
 0001:00000b40       ___vba@0970EC3C            00401b40     CrisInstaller.OBJ
 0001:00000b46       @__vbaCopyBytes            00401b46     CrisInstaller.OBJ
 0001:00000b46       ___vbaCopyBytes            00401b46     CrisInstaller.OBJ
 0001:00000b4c       ___vbaUI1Str               00401b4c     CrisInstaller.OBJ
 0001:00000b4c       @__vbaUI1Str               00401b4c     CrisInstaller.OBJ
 0001:00000b52       @__vba@0970ED08            00401b52     CrisInstaller.OBJ
 0001:00000b52       ___vba@0970ED08            00401b52     CrisInstaller.OBJ
 0001:00000b58       @__vba@0970ED40            00401b58     CrisInstaller.OBJ
 0001:00000b58       ___vba@0970ED40            00401b58     CrisInstaller.OBJ
 0001:00000b5e       ___vba@0970ED78            00401b5e     CrisInstaller.OBJ
 0001:00000b5e       @__vba@0970ED78            00401b5e     CrisInstaller.OBJ
 0001:00000b64       ___vbaVarAdd               00401b64     CrisInstaller.OBJ
 0001:00000b64       @__vbaVarAdd               00401b64     CrisInstaller.OBJ
 0001:00000b84       ___vbaS                    00401b84     CrisInstaller.OBJ
 0001:00013ce0       ___vba@0832C4D4            00414ce0     CrisInstaller.OBJ
 0001:00013d18       ___vba@0832BA0C            00414d18     CrisInstaller.OBJ
 0001:000140a0       ___vba@0832C2AC            004150a0     CrisInstaller.OBJ
 0001:0001444c       ___vba@0832B394            0041544c     CrisInstaller.OBJ
 0001:000146f4       ___vba@0832B16C            004156f4     CrisInstaller.OBJ
 0001:00014884       ___vba@0832B1C4            00415884     CrisInstaller.OBJ
 0001:0001488c       ___vba@0832B1D0            0041588c     CrisInstaller.OBJ
 0001:00014898       ___vba@0832B1E0            00415898     CrisInstaller.OBJ
 0001:000148a0       ___vba@0832B1EC            004158a0     CrisInstaller.OBJ
 0001:000148a8       ___vba@0832B1F8            004158a8     CrisInstaller.OBJ
 0001:000148b8       ___vba@0832B20C            004158b8     CrisInstaller.OBJ
 0001:000148c8       ___vba@0832B220            004158c8     CrisInstaller.OBJ
 0001:000148d8       ___vba@0832B234            004158d8     CrisInstaller.OBJ
 0001:000148e8       ___vba@0832B248            004158e8     CrisInstaller.OBJ
 0001:000148f8       ___vba@0832B25C            004158f8     CrisInstaller.OBJ
 0001:00014908       ___vba@0832B270            00415908     CrisInstaller.OBJ
 0001:0001490c       ___vba@0832B278            0041590c     CrisInstaller.OBJ
 0001:0001491c       ___vba@0832B28C            0041591c     CrisInstaller.OBJ
 0001:00014958       ___vba@0832B2CC            00415958     CrisInstaller.OBJ
 0001:0001495c       ___vba@0832B2D4            0041595c     CrisInstaller.OBJ
 0001:00014984       ___vba@0832B300            00415984     CrisInstaller.OBJ
 0001:00014994       ___vba@0832B314            00415994     CrisInstaller.OBJ
 0001:0001499c       ___vba@0832B320            0041599c     CrisInstaller.OBJ
 0001:000149b0       ___vba@0832B334            004159b0     CrisInstaller.OBJ
 0001:000149c0       ___vba@0832B348            004159c0     CrisInstaller.OBJ
 0001:000149f4       ___vba@0830EEE4            004159f4     CrisInstaller.OBJ
 0001:00014a14       ___vba@0830EF1C            00415a14     CrisInstaller.OBJ
 0001:00014a40       ___vba@0830EF38            00415a40     CrisInstaller.OBJ
 0001:00014a60       ___vba@0830EF70            00415a60     CrisInstaller.OBJ
 0001:00014a6c       ___vba@0830EF80            00415a6c     CrisInstaller.OBJ
 0001:00014a8c       ___vba@0830EF90            00415a8c     CrisInstaller.OBJ
 0001:00014aac       ___vba@0830EFC8            00415aac     CrisInstaller.OBJ
 0001:00014ad0       ___vba@0830EFDC            00415ad0     CrisInstaller.OBJ
 0001:00014af0       ___vba@0830F014            00415af0     CrisInstaller.OBJ
 0001:00014afc       ___vba@0830F024            00415afc     CrisInstaller.OBJ
 0001:00014b28       ___vba@0830F040            00415b28     CrisInstaller.OBJ
 0001:00014b48       ___vba@0830F078            00415b48     CrisInstaller.OBJ
 0001:00014b74       ___vba@0830F094            00415b74     CrisInstaller.OBJ
 0001:00014b94       ___vba@0830F0CC            00415b94     CrisInstaller.OBJ
 0001:00014ba8       ___vba@0830F10C            00415ba8     CrisInstaller.OBJ
 0001:00014bd4       ___vba@0830F128            00415bd4     CrisInstaller.OBJ
 0001:00014bf4       ___vba@0830F160            00415bf4     CrisInstaller.OBJ
 0001:00014c00       ___vba@0830F170            00415c00     CrisInstaller.OBJ
 0001:00014c28       ___vba@0830F188            00415c28     CrisInstaller.OBJ
 0001:00014c48       ___vba@0830F1C0            00415c48     CrisInstaller.OBJ
 0001:00014c7c       ___vba@0830F1E4            00415c7c     CrisInstaller.OBJ
 0001:00014c9c       ___vba@0830F21C            00415c9c     CrisInstaller.OBJ
 0001:00014cc4       ___vba@0830F234            00415cc4     CrisInstaller.OBJ
 0001:00014ce4       ___vba@0830F26C            00415ce4     CrisInstaller.OBJ
 0001:00014d0c       ___vba@0830F284            00415d0c     CrisInstaller.OBJ
 0001:00014d2c       ___vba@0830F2BC            00415d2c     CrisInstaller.OBJ
 0001:00014d3c       ___vba@0830F2D0            00415d3c     CrisInstaller.OBJ
 0001:00014d50       ___vba@0830F2E8            00415d50     CrisInstaller.OBJ
 0001:00014d84       ___vba@0830F334            00415d84     CrisInstaller.OBJ
 0001:00014da4       ___vba@0830F36C            00415da4     CrisInstaller.OBJ
 0001:00014dcc       ___vba@0830F384            00415dcc     CrisInstaller.OBJ
 0001:00014de8       ___vba@0830F3BC            00415de8     CrisInstaller.OBJ
 0001:00014df4       ___vba@0830F3CC            00415df4     CrisInstaller.OBJ
 0001:00014e00       ___vba@0830F3DC            00415e00     CrisInstaller.OBJ
 0001:00014e74       ___vba@0830F454            00415e74     CrisInstaller.OBJ
 0001:00014e84       ___vba@0830F468            00415e84     CrisInstaller.OBJ
 0001:00014e98       ___vba@0830F480            00415e98     CrisInstaller.OBJ
 0001:00014eac       ___vba@0830F498            00415eac     CrisInstaller.OBJ
 0001:00014eb8       ___vba@0830F4A4            00415eb8     CrisInstaller.OBJ
 0001:00014ef0       ___vba@0830F4E0            00415ef0     CrisInstaller.OBJ
 0001:00014f28       ___vba@096F9F0C            00415f28     CrisInstaller.OBJ
 0001:00014f60       ___vba@096F9F48            00415f60     CrisInstaller.OBJ
 0001:00014f84       ___vba@096F9F70            00415f84     CrisInstaller.OBJ
 0001:00014fac       ___vba@096F9F9C            00415fac     CrisInstaller.OBJ
 0001:00014fc0       ___vba@096F9FB4            00415fc0     CrisInstaller.OBJ
 0001:00014fd0       ___vba@096F9FC8            00415fd0     CrisInstaller.OBJ
 0001:00014fdc       ___vba@096F9FD8            00415fdc     CrisInstaller.OBJ
 0001:00014ff0       ___vba@096F9FF0            00415ff0     CrisInstaller.OBJ
 0001:00015000       ___vba@096FA004            00416000     CrisInstaller.OBJ
 0001:00015024       ___vba@096FA030            00416024     CrisInstaller.OBJ
 0001:00015030       ___vba@096FA040            00416030     CrisInstaller.OBJ
 0001:00015048       ___vba@096FA058            00416048     CrisInstaller.OBJ
 0001:0001506c       ___vba@096FA080            0041606c     CrisInstaller.OBJ
 0001:00015090       ___vba@096FA0A8            00416090     CrisInstaller.OBJ
 0001:000150ac       ___vba@096FA0C8            004160ac     CrisInstaller.OBJ
 0001:000150c4       ___vba@096FA0E4            004160c4     CrisInstaller.OBJ
 0001:000150e0       ___vba@096FA134            004160e0     CrisInstaller.OBJ
 0001:0001518c       ___vba@096FA1E4            0041618c     CrisInstaller.OBJ
 0001:00015204       ___vba@096FA260            00416204     CrisInstaller.OBJ
 0001:00015290       ___vba@096FA2F0            00416290     CrisInstaller.OBJ
 0001:000152b4       ___vba@096FA318            004162b4     CrisInstaller.OBJ
 0001:000152cc       ___vba@096FA35C            004162cc     CrisInstaller.OBJ
 0001:00015358       ___vba@096FA3EC            00416358     CrisInstaller.OBJ
 0001:00015380       ___vba@096FA418            00416380     CrisInstaller.OBJ
 0001:0001539c       ___vba@096FA438            0041639c     CrisInstaller.OBJ
 0001:000153b0       ___vba@096FA450            004163b0     CrisInstaller.OBJ
 0001:000153d4       ___vba@096FA478            004163d4     CrisInstaller.OBJ
 0001:00015400       ___vba@096FA4A8            00416400     CrisInstaller.OBJ
 0001:00015418       ___vba@096FA4C4            00416418     CrisInstaller.OBJ
 0001:0001543c       ___vba@096FA4EC            0041643c     CrisInstaller.OBJ
 0001:0001545c       ___vba@096FA510            0041645c     CrisInstaller.OBJ
 0001:00015484       ___vba@096FA53C            00416484     CrisInstaller.OBJ
 0001:000154a0       ___vba@096FA584            004164a0     CrisInstaller.OBJ
 0001:000154c0       ___vba@096FA5A8            004164c0     CrisInstaller.OBJ
 0001:000154d8       ___vba@096FA5C4            004164d8     CrisInstaller.OBJ
 0001:000154e8       ___vba@096FA5D8            004164e8     CrisInstaller.OBJ
 0001:00015500       ___vba@096FA5F4            00416500     CrisInstaller.OBJ
 0001:00015518       ___vba@096FA614            00416518     CrisInstaller.OBJ
 0001:00015528       ___vba@096FA628            00416528     CrisInstaller.OBJ
 0001:00015538       ___vba@096FA63C            00416538     CrisInstaller.OBJ
 0001:00015548       ___vba@096FA650            00416548     CrisInstaller.OBJ
 0001:0001555c       ___vba@096FA664            0041655c     CrisInstaller.OBJ
 0001:00015564       ___vba@096FA670            00416564     CrisInstaller.OBJ
 0001:00015574       ___vba@096FA684            00416574     CrisInstaller.OBJ
 0001:00015580       ___vba@096FA694            00416580     CrisInstaller.OBJ
 0001:000155a0       ___vba@096FA6B8            004165a0     CrisInstaller.OBJ
 0001:000155c4       ___vba@096FA6E0            004165c4     CrisInstaller.OBJ
 0001:00015600       ___vba@096FA720            00416600     CrisInstaller.OBJ
 0001:0001563c       ___vba@096FA764            0041663c     CrisInstaller.OBJ
 0001:0001565c       ___vba@096FA9D4            0041665c     CrisInstaller.OBJ
 0001:000156a0       ___vba@096FAA1C            004166a0     CrisInstaller.OBJ
 0001:000156e0       ___vba@096FAA60            004166e0     CrisInstaller.OBJ
 0001:00015714       ___vba@096FAA98            00416714     CrisInstaller.OBJ
 0001:0001571c       ___vba@096FAAA4            0041671c     CrisInstaller.OBJ
 0001:00015724       ___vba@096FAAB0            00416724     CrisInstaller.OBJ
 0001:00015730       ___vba@096FAAC0            00416730     CrisInstaller.OBJ
 0001:0001573c       ___vba@096FAAD0            0041673c     CrisInstaller.OBJ
 0001:00015764       ___vba@096FAAFC            00416764     CrisInstaller.OBJ
 0001:0001577c       ___vba@096FAB18            0041677c     CrisInstaller.OBJ
 0001:00015788       ___vba@096FAB28            00416788     CrisInstaller.OBJ
 0001:000157ac       ___vba@096FAB50            004167ac     CrisInstaller.OBJ
 0001:000157d8       ___vba@096FAB80            004167d8     CrisInstaller.OBJ
 0001:00015808       ___vba@096FABB4            00416808     CrisInstaller.OBJ
 0001:00015818       ___vba@096FABC8            00416818     CrisInstaller.OBJ
 0001:00015820       ___vba@096FABFC            00416820     CrisInstaller.OBJ
 0001:00015864       ___vba@096FAC44            00416864     CrisInstaller.OBJ
 0001:000158ac       ___vba@096FAC90            004168ac     CrisInstaller.OBJ
 0001:000158f8       ___vba@096FACE0            004168f8     CrisInstaller.OBJ
 0001:00015908       ___vba@096FACF4            00416908     CrisInstaller.OBJ
 0001:0001592c       ___vba@096FAD1C            0041692c     CrisInstaller.OBJ
 0001:00015954       ___vba@096FAD48            00416954     CrisInstaller.OBJ
 0001:00015980       ___vba@096FAD78            00416980     CrisInstaller.OBJ
 0001:000159b0       ___vba@096FADAC            004169b0     CrisInstaller.OBJ
 0001:000159e4       ___vba@096FADE4            004169e4     CrisInstaller.OBJ
 0001:000159f8       ___vba@0830FBD4            004169f8     CrisInstaller.OBJ
 0001:00015a48       ___vba@0830FC28            00416a48     CrisInstaller.OBJ
 0001:00015a84       ___vba@0830FC68            00416a84     CrisInstaller.OBJ
 0001:00015ac4       ___vba@0830FCAC            00416ac4     CrisInstaller.OBJ
 0001:00015b04       ___vba@0830FCF0            00416b04     CrisInstaller.OBJ
 0001:00015b2c       ___vba@0830FD1C            00416b2c     CrisInstaller.OBJ
 0001:00015b7c       ___vba@0830FD70            00416b7c     CrisInstaller.OBJ
 0001:00015bb4       ___vba@0830FDAC            00416bb4     CrisInstaller.OBJ
 0001:00015bcc       ___vba@096FAE24            00416bcc     CrisInstaller.OBJ
 0001:00015c18       ___vba@096FAE74            00416c18     CrisInstaller.OBJ
 0001:00015c70       ___vba@096FAED0            00416c70     CrisInstaller.OBJ
 0001:00015cb8       ___vba@096FAF1C            00416cb8     CrisInstaller.OBJ
 0001:00015cc0       ___vba@096FAF2C            00416cc0     CrisInstaller.OBJ
 0001:00015cf8       ___vba@096FAF68            00416cf8     CrisInstaller.OBJ
 0001:00015d04       ___vba@096FAF78            00416d04     CrisInstaller.OBJ
 0001:00015d10       ___vba@096FAF88            00416d10     CrisInstaller.OBJ
 0001:00015d28       ___vba@096FAFA0            00416d28     CrisInstaller.OBJ
 0001:00015d4c       ___vba@096FAFB4            00416d4c     CrisInstaller.OBJ
 0001:00015d6c       ___vba@096FAFEC            00416d6c     CrisInstaller.OBJ
 0001:00015d78       ___vba@096FAFFC            00416d78     CrisInstaller.OBJ
 0001:00015d8c       ___vba@096FB04C            00416d8c     CrisInstaller.OBJ
 0001:00015e44       ___vba@096FB108            00416e44     CrisInstaller.OBJ
 0001:00015e58       ___vba@096FB120            00416e58     CrisInstaller.OBJ
 0001:00015e64       ___vba@096FB130            00416e64     CrisInstaller.OBJ
 0001:00015e74       ___vba@096FB140            00416e74     CrisInstaller.OBJ
 0001:00015e84       ___vba@096FB154            00416e84     CrisInstaller.OBJ
 0001:00015ea4       ___vba@096FB164            00416ea4     CrisInstaller.OBJ
 0001:00015ec4       ___vba@096FB19C            00416ec4     CrisInstaller.OBJ
 0001:00015eec       ___vba@096FB1B4            00416eec     CrisInstaller.OBJ
 0001:00015f0c       ___vba@096FB1EC            00416f0c     CrisInstaller.OBJ
 0001:00015f34       ___vba@096FB204            00416f34     CrisInstaller.OBJ
 0001:00015f68       ___vba@096FB274            00416f68     CrisInstaller.OBJ
 0001:00015f84       ___vba@096FB2AC            00416f84     CrisInstaller.OBJ
 0001:0001600c       ___vba@096FB338            0041700c     CrisInstaller.OBJ
 0001:0001601c       ___vba@096FB34C            0041701c     CrisInstaller.OBJ
 0001:0001602c       ___vba@096FB360            0041702c     CrisInstaller.OBJ
 0001:0001603c       ___vba@096FB374            0041703c     CrisInstaller.OBJ
 0001:00016050       ___vba@096FB388            00417050     CrisInstaller.OBJ
 0001:00016068       ___vba@096FB3A4            00417068     CrisInstaller.OBJ
 0001:00016098       ___vba@096FB3C4            00417098     CrisInstaller.OBJ
 0001:000160b8       ___vba@096FB3FC            004170b8     CrisInstaller.OBJ
 0001:000160dc       ___vba@096FB410            004170dc     CrisInstaller.OBJ
 0001:000160f8       ___vba@096FB448            004170f8     CrisInstaller.OBJ
 0001:00016100       ___vba@096FB454            00417100     CrisInstaller.OBJ
 0001:00016110       ___vba@096FB464            00417110     CrisInstaller.OBJ
 0001:0001611c       ___vba@096FB49C            0041711c     CrisInstaller.OBJ
 0001:00016140       ___vba@096FB4C4            00417140     CrisInstaller.OBJ
 0001:00016158       ___vba@096FB4E0            00417158     CrisInstaller.OBJ
 0001:00016180       ___vba@096FB50C            00417180     CrisInstaller.OBJ
 0001:000161bc       ___vba@096FB54C            004171bc     CrisInstaller.OBJ
 0001:000161dc       ___vba@096FB570            004171dc     CrisInstaller.OBJ
 0001:00016208       ___vba@096FB5A0            00417208     CrisInstaller.OBJ
 0001:00016234       ___vba@096FB5D0            00417234     CrisInstaller.OBJ
 0001:00016248       ___vba@096FB5E8            00417248     CrisInstaller.OBJ
 0001:00016268       ___vba@096FB60C            00417268     CrisInstaller.OBJ
 0001:0001628c       ___vba@096FB634            0041728c     CrisInstaller.OBJ
 0001:000162b0       ___vba@096FB65C            004172b0     CrisInstaller.OBJ
 0001:000162b8       ___vba@096FB668            004172b8     CrisInstaller.OBJ
 0001:000162bc       ___vba@096FB674            004172bc     CrisInstaller.OBJ
 0001:000162c8       ___vba@096FB684            004172c8     CrisInstaller.OBJ
 0001:000162dc       ___vba@096FB734            004172dc     CrisInstaller.OBJ
 0001:000162ec       ___vba@096FB780            004172ec     CrisInstaller.OBJ
 0001:000162f8       ___vba@096FB800            004172f8     CrisInstaller.OBJ
 0001:00016310       ___vba@096FB854            00417310     CrisInstaller.OBJ
 0001:00016324       ___vba@096FB8A4            00417324     CrisInstaller.OBJ
 0001:00016338       ___vba@096FBB4C            00417338     CrisInstaller.OBJ
 0001:00016348       ___vba@096FBB98            00417348     CrisInstaller.OBJ
 0001:0001635c       ___vba@096FBBE8            0041735c     CrisInstaller.OBJ
 0001:0001636c       ___vba@096FBC34            0041736c     CrisInstaller.OBJ
 0001:0001637c       ___vba@096FBC80            0041737c     CrisInstaller.OBJ
 0001:0001638c       ___vba@096FBCCC            0041738c     CrisInstaller.OBJ
 0001:000163a4       ___vba@096FBCE4            004173a4     CrisInstaller.OBJ
 0001:000163bc       ___vba@096FBD00            004173bc     CrisInstaller.OBJ
 0001:000163c8       ___vba@0970D06C            004173c8     CrisInstaller.OBJ
 0001:000163e0       ___vba@0970D0FC            004173e0     CrisInstaller.OBJ
 0001:000163f0       ___vba@0970D148            004173f0     CrisInstaller.OBJ
 0001:000163fc       ___vba@0970D190            004173fc     CrisInstaller.OBJ
 0001:0001640c       ___vba@0970D214            0041740c     CrisInstaller.OBJ
 0001:00016420       ___vba@0970D228            00417420     CrisInstaller.OBJ
 0001:00016424       ___vba@0970D4BC            00417424     CrisInstaller.OBJ
 0001:00016438       ___vba@0970D50C            00417438     CrisInstaller.OBJ
 0001:00016444       ___vba@0970D554            00417444     CrisInstaller.OBJ
 0001:00016454       ___vba@0970D5A0            00417454     CrisInstaller.OBJ
 0001:00016468       ___vba@0970D628            00417468     CrisInstaller.OBJ
 0001:00016474       ___vba@0970D670            00417474     CrisInstaller.OBJ
 0001:00016484       ___vba@0970D754            00417484     CrisInstaller.OBJ
 0001:00016498       ___vba@0970D7A4            00417498     CrisInstaller.OBJ
 0001:000164a4       ___vba@0970D824            004174a4     CrisInstaller.OBJ
 0001:000164b4       ___vba@0970D870            004174b4     CrisInstaller.OBJ
 0001:000164c4       ___vba@0970D884            004174c4     CrisInstaller.OBJ
 0001:000164e0       ___vba@0970D8A0            004174e0     CrisInstaller.OBJ
 0001:000164e4       ___vba@0970DBA4            004174e4     CrisInstaller.OBJ
 0001:000164f0       ___vba@0970DC24            004174f0     CrisInstaller.OBJ
 0001:00016500       ___vba@0970DC70            00417500     CrisInstaller.OBJ
 0001:0001651c       ___vba@0970DCC8            0041751c     CrisInstaller.OBJ
 0001:00016528       ___vba@0970DCD8            00417528     CrisInstaller.OBJ
 0001:00016540       ___vba@0970DD5C            00417540     CrisInstaller.OBJ
 0001:00016554       ___vba@0970DDAC            00417554     CrisInstaller.OBJ
 0001:00016564       ___vba@0970DE30            00417564     CrisInstaller.OBJ
 0001:00016570       ___vba@0970DEB0            00417570     CrisInstaller.OBJ
 0001:00016584       ___vba@0970DF00            00417584     CrisInstaller.OBJ
 0001:00016594       ___vba@0970DF14            00417594     CrisInstaller.OBJ
 0001:000165a0       ___vba@0830ECF4            004175a0     CrisInstaller.OBJ
 0001:000165b4       ___vba@0830ED44            004175b4     CrisInstaller.OBJ
 0001:000165c4       ___vba@0830EDC8            004175c4     CrisInstaller.OBJ
 0001:000165d4       ___vba@0830EE14            004175d4     CrisInstaller.OBJ
 0001:000165e8       ___vba@0830EE64            004175e8     CrisInstaller.OBJ
 0001:000165fc       ___vba@0830EEB0            004175fc     CrisInstaller.OBJ
 0001:00016600       ___vba@0970DF84            00417600     CrisInstaller.OBJ
 0001:0001660c       ___vba@0970DFCC            0041760c     CrisInstaller.OBJ
 0001:0001661c       ___vba@0970E018            0041761c     CrisInstaller.OBJ
 0001:0001662c       ___vba@0970E064            0041762c     CrisInstaller.OBJ
 0001:00016638       ___vba@0970E0AC            00417638     CrisInstaller.OBJ
 0001:00016650       ___vba@0970E100            00417650     CrisInstaller.OBJ
 0001:0001665c       ___vba@0970E1AC            0041765c     CrisInstaller.OBJ
 0001:00016668       ___vba@0970E1F4            00417668     CrisInstaller.OBJ
 0001:0001667c       ___vba@0970E244            0041767c     CrisInstaller.OBJ
 0001:00016690       ___vba@0970E294            00417690     CrisInstaller.OBJ
 0001:0001669c       ___vba@0970E2DC            0041769c     CrisInstaller.OBJ
 0001:000166ac       ___vba@0970E328            004176ac     CrisInstaller.OBJ
 0001:000166b8       ___vba@0970E7EC            004176b8     CrisInstaller.OBJ
 0001:000166d4       ___vba@0970E808            004176d4     CrisInstaller.OBJ
 0001:000166dc       ___vba@0970E814            004176dc     CrisInstaller.OBJ
 0001:00016718       ___vba@0970E854            00417718     CrisInstaller.OBJ
 0001:00016734       ___vba@0970E874            00417734     CrisInstaller.OBJ
 0001:0001673c       ___vba@0970E880            0041773c     CrisInstaller.OBJ
 0001:00016780       ___vba@0970E8CC            00417780     CrisInstaller.OBJ
 0001:00016798       ___vba@0970E920            00417798     CrisInstaller.OBJ
 0001:000167a8       ___vba@0970E96C            004177a8     CrisInstaller.OBJ
 0001:000167b8       ___vba@0970E9B8            004177b8     CrisInstaller.OBJ
 0001:000167c8       ___vba@0970E5FC            004177c8     CrisInstaller.OBJ
 0001:000167d4       ___vba@0970E644            004177d4     CrisInstaller.OBJ
 0001:000167e0       ___vba@0970E6C4            004177e0     CrisInstaller.OBJ
 0001:000167ec       ___vba@0970E7B4            004177ec     CrisInstaller.OBJ
 0001:000167f8       ___vba@0970EAF4            004177f8     CrisInstaller.OBJ
 0001:0001680c       ___vba@0970EB44            0041780c     CrisInstaller.OBJ
 0001:00016820       ___vba@0970EB94            00417820     CrisInstaller.OBJ
 0001:00016838       ___vba@0970EC74            00417838     CrisInstaller.OBJ
 0001:00016848       ___vba@0970ECC0            00417848     CrisInstaller.OBJ
 0001:00016854       ___vba@0970EDB0            00417854     CrisInstaller.OBJ
 0001:000169ac       ___vba@0832BC34            004179ac     CrisInstaller.OBJ
 0001:000169ec       ___vba@0832B7E4            004179ec     CrisInstaller.OBJ
 0001:00016a2c       ___vba@0832BE5C            00417a2c     CrisInstaller.OBJ
 0001:00016a54       ___vba@0832BE88            00417a54     CrisInstaller.OBJ
 0001:00016a60       ___vba@0832BE98            00417a60     CrisInstaller.OBJ
 0001:00016a6c       ___vba@0832BEA8            00417a6c     CrisInstaller.OBJ
 0001:00016a70       ___vba@0832BEB0            00417a70     CrisInstaller.OBJ
 0001:00016a74       ___vba@0832BEB8            00417a74     CrisInstaller.OBJ
 0001:00016a78       ___vba@0832BEC0            00417a78     CrisInstaller.OBJ
 0001:00016a80       ___vba@0832BECC            00417a80     CrisInstaller.OBJ
 0001:00016a88       ___vba@0832BED8            00417a88     CrisInstaller.OBJ
 0001:00016b80       VB@BTXT                    00417b80     CrisInstaller.OBJ
 0001:00016b90       ?CreateTransparentWindowStyle@fMain@@AAGXXZ 00417b90 f   fMain.OBJ
 0001:00016c70       ?WindowTransparency@fMain@@AAGXXZ 00417c70 f   fMain.OBJ
 0001:00016d80       ?Form_Load@fMain@@AAGXXZ   00417d80 f   fMain.OBJ
 0001:00016ee0       ?TextPrint@fMain@@AAGXXZ   00417ee0 f   fMain.OBJ
 0001:00017100       ?RandomColor@fMain@@AAGXXZ 00418100 f   fMain.OBJ
 0001:00017510       ?Form_MouseDown@fMain@@AAGXXZ 00418510 f   fMain.OBJ
 0001:00018490       ?ExitTemp@fMain@@AAGXXZ    00419490 f   fMain.OBJ
 0001:000185a0       ?ShowMSG@fMain@@AAGXXZ     004195a0 f   fMain.OBJ
 0001:000185c0       ?Install_@fMain@@AAGXXZ    004195c0 f   fMain.OBJ
 0001:00018a40       ?ChangeOP@fMain@@AAGXXZ    00419a40 f   fMain.OBJ
 0001:00018b00       ?Tx_Timer@fMain@@AAGXXZ    00419b00 f   fMain.OBJ
 0001:0001bc50       ?StartSet@fMain@@AAGXXZ    0041cc50 f   fMain.OBJ
 0001:0001c3f0       ?OpenInstall@fMain@@AAGXXZ 0041d3f0 f   fMain.OBJ
 0001:0001c790       ?OpenDialog@fMain@@AAGXXZ  0041d790 f   fMain.OBJ
 0001:0001ca50       ?Unzip@UnzipModule@@AAGXXZ 0041da50 f   UnzipModule.OBJ
 0001:0001cb90       ?Unzip@fcopy@@AAGXXZ       0041db90 f   fcopy.OBJ
 0001:0001cdb0       ?Form_Load@fcopy@@AAGXXZ   0041ddb0 f   fcopy.OBJ
 0001:0001ce80       ?FnPtr@UnzipM@@AAGXXZ      0041de80 f   unZip.OBJ
 0001:0001ce90       ?UZReceiveDLLMessage@UnzipM@@AAGXXZ 0041de90 f   unZip.OBJ
 0001:0001d710       ?UZDLLPrnt@UnzipM@@AAGXXZ  0041e710 f   unZip.OBJ
 0001:0001d9a0       ?UZDLLServ@UnzipM@@AAGXXZ  0041e9a0 f   unZip.OBJ
 0001:0001db70       ?UZDLLPass@UnzipM@@AAGXXZ  0041eb70 f   unZip.OBJ
 0001:0001e100       ?UZDLLRep@UnzipM@@AAGXXZ   0041f100 f   unZip.OBJ
 0001:0001e460       ?VBUnzip@UnzipM@@AAGXXZ    0041f460 f   unZip.OBJ
 0001:0001e760       VB@ETXT                    0041f760     CrisInstaller.OBJ
 0002:00000000       __adjust_fdiv              00420000     VBAEXE6:natsupp.obj
 0002:00000008       VB@BSS                     00420008     CrisInstaller.OBJ
 0002:00000010       ___vba@0832C0A0            00420010     CrisInstaller.OBJ
 0002:00000024       _UnzipModule               00420024     CrisInstaller.OBJ
 0002:0000008c       _UnzipM                    0042008c     CrisInstaller.OBJ
 0002:0000047c       ___vba@0832C0B8            0042047c     CrisInstaller.OBJ
 0002:0000092c       ___vba@0970D0B8            0042092c     CrisInstaller.OBJ
 0002:00000944       ___vba@0822BE24            00420944     CrisInstaller.OBJ
 0002:00001050       ___vba@0710EE1C            00421050     CrisInstaller.OBJ

 entry point at        0001:00000b84

 Static symbols

