 Seeker

 Timestamp is 51333e31 (Sun Mar 03 21:12:33 2013)

 Preferred load address is 00400000

 Start         Length     Name                   Class
 0001:00000000 00000168H .idata$5                CODE
 0001:00000168 00000230H .rdata                  CODE
 0001:000003a0 0018252cH .text                   CODE
 0001:001828d0 00000004H .text$0                 CODE
 0001:001828e0 0000d350H .text$1                 CODE
 0001:0018fc30 00000004H .text$2                 CODE
 0001:0018fc34 00000014H .idata$2                CODE
 0001:0018fc48 00000014H .idata$3                CODE
 0001:0018fc5c 00000168H .idata$4                CODE
 0001:0018fdc4 00000504H .idata$6                CODE
 0001:001902c8 00000000H .edata                  CODE
 0002:00000000 00000004H .data                   DATA
 0002:00000008 0000157cH .bss                    DATA
 0003:00000000 000000e8H .rsrc$01                DATA
 0003:000000f0 00003604H .rsrc$02                DATA

  Address         Publics by Value              Rva+Base     Lib:Object

 0001:00000000       __imp____vbaVarTstGt       00401000     Seeker.OBJ
 0001:00000000       __imp_@__vbaVarTstGt       00401000     Seeker.OBJ
 0001:00000004       __imp____vbaStrI2          00401004     Seeker.OBJ
 0001:00000004       __imp_@__vbaStrI2          00401004     Seeker.OBJ
 0001:00000008       __imp_@__vba@06AE32C4      00401008     Seeker.OBJ
 0001:00000008       __imp____vba@06AE32C4      00401008     Seeker.OBJ
 0001:0000000c       __imp___CIcos              0040100c     Seeker.OBJ
 0001:00000010       __imp___adj_fptan          00401010     Seeker.OBJ
 0001:00000014       __imp____vbaVarMove        00401014     Seeker.OBJ
 0001:00000014       __imp_@__vbaVarMove        00401014     Seeker.OBJ
 0001:00000018       __imp_@__vbaFreeVar        00401018     Seeker.OBJ
 0001:00000018       __imp____vbaFreeVar        00401018     Seeker.OBJ
 0001:0000001c       __imp_@__vbaStrVarMove     0040101c     Seeker.OBJ
 0001:0000001c       __imp____vbaStrVarMove     0040101c     Seeker.OBJ
 0001:00000020       __imp_@__vbaLenBstr        00401020     Seeker.OBJ
 0001:00000020       __imp____vbaLenBstr        00401020     Seeker.OBJ
 0001:00000024       __imp_@__vbaEnd            00401024     Seeker.OBJ
 0001:00000024       __imp____vbaEnd            00401024     Seeker.OBJ
 0001:00000028       __imp____vbaFreeVarList    00401028     Seeker.OBJ
 0001:00000028       __imp_@__vbaFreeVarList    00401028     Seeker.OBJ
 0001:0000002c       __imp___adj_fdiv_m64       0040102c     Seeker.OBJ
 0001:00000030       __imp____vbaVarIndexStore  00401030     Seeker.OBJ
 0001:00000030       __imp_@__vbaVarIndexStore  00401030     Seeker.OBJ
 0001:00000034       __imp____vbaFreeObjList    00401034     Seeker.OBJ
 0001:00000034       __imp_@__vbaFreeObjList    00401034     Seeker.OBJ
 0001:00000038       __imp___adj_fprem1         00401038     Seeker.OBJ
 0001:0000003c       __imp_@__vba@06AE3870      0040103c     Seeker.OBJ
 0001:0000003c       __imp____vba@06AE3870      0040103c     Seeker.OBJ
 0001:00000040       __imp____vbaStrCat         00401040     Seeker.OBJ
 0001:00000040       __imp_@__vbaStrCat         00401040     Seeker.OBJ
 0001:00000044       __imp_@__vbaSetSystemError 00401044     Seeker.OBJ
 0001:00000044       __imp____vbaSetSystemError 00401044     Seeker.OBJ
 0001:00000048       __imp____vbaHresultCheckObj 00401048     Seeker.OBJ
 0001:00000048       __imp_@__vbaHresultCheckObj 00401048     Seeker.OBJ
 0001:0000004c       __imp___adj_fdiv_m32       0040104c     Seeker.OBJ
 0001:00000050       __imp_@__vbaAryDestruct    00401050     Seeker.OBJ
 0001:00000050       __imp____vbaAryDestruct    00401050     Seeker.OBJ
 0001:00000054       __imp____vba@06AE4088      00401054     Seeker.OBJ
 0001:00000054       __imp_@__vba@06AE4088      00401054     Seeker.OBJ
 0001:00000058       __imp____vbaExitProc       00401058     Seeker.OBJ
 0001:00000058       __imp_@__vbaExitProc       00401058     Seeker.OBJ
 0001:0000005c       __imp____vba@06AE40C0      0040105c     Seeker.OBJ
 0001:0000005c       __imp_@__vba@06AE40C0      0040105c     Seeker.OBJ
 0001:00000060       __imp____vbaOnError        00401060     Seeker.OBJ
 0001:00000060       __imp_@__vbaOnError        00401060     Seeker.OBJ
 0001:00000064       __imp____vbaObjSet         00401064     Seeker.OBJ
 0001:00000064       __imp_@__vbaObjSet         00401064     Seeker.OBJ
 0001:00000068       __imp___adj_fdiv_m16i      00401068     Seeker.OBJ
 0001:0000006c       __imp_@__vbaObjSetAddref   0040106c     Seeker.OBJ
 0001:0000006c       __imp____vbaObjSetAddref   0040106c     Seeker.OBJ
 0001:00000070       __imp___adj_fdivr_m16i     00401070     Seeker.OBJ
 0001:00000074       __imp_@__vbaVarIndexLoad   00401074     Seeker.OBJ
 0001:00000074       __imp____vbaVarIndexLoad   00401074     Seeker.OBJ
 0001:00000078       __imp____vba@05FD7FD4      00401078     Seeker.OBJ
 0001:00000078       __imp_@__vba@05FD7FD4      00401078     Seeker.OBJ
 0001:0000007c       __imp_@__vbaFpR8           0040107c     Seeker.OBJ
 0001:0000007c       __imp____vbaFpR8           0040107c     Seeker.OBJ
 0001:00000080       __imp___CIsin              00401080     Seeker.OBJ
 0001:00000084       __imp_@__vbaErase          00401084     Seeker.OBJ
 0001:00000084       __imp____vbaErase          00401084     Seeker.OBJ
 0001:00000088       __imp_@__vba@06AE3838      00401088     Seeker.OBJ
 0001:00000088       __imp____vba@06AE3838      00401088     Seeker.OBJ
 0001:0000008c       __imp____vbaChkstk         0040108c     Seeker.OBJ
 0001:00000094       __imp_@__vbaGenerateBoundsError 00401094     Seeker.OBJ
 0001:00000094       __imp____vbaGenerateBoundsError 00401094     Seeker.OBJ
 0001:00000098       __imp____vbaVarTstEq       00401098     Seeker.OBJ
 0001:00000098       __imp_@__vbaVarTstEq       00401098     Seeker.OBJ
 0001:0000009c       __imp____vbaI2I4           0040109c     Seeker.OBJ
 0001:0000009c       __imp_@__vbaI2I4           0040109c     Seeker.OBJ
 0001:000000a4       __imp____vbaCastObjVar     004010a4     Seeker.OBJ
 0001:000000a4       __imp_@__vbaCastObjVar     004010a4     Seeker.OBJ
 0001:000000a8       __imp___adj_fpatan         004010a8     Seeker.OBJ
 0001:000000ac       __imp____vbaLateIdCallLd   004010ac     Seeker.OBJ
 0001:000000ac       __imp_@__vbaLateIdCallLd   004010ac     Seeker.OBJ
 0001:000000b0       __imp_@__vbaRedim          004010b0     Seeker.OBJ
 0001:000000b0       __imp____vbaRedim          004010b0     Seeker.OBJ
 0001:000000b4       __imp_@__vbaStrR8          004010b4     Seeker.OBJ
 0001:000000b4       __imp____vbaStrR8          004010b4     Seeker.OBJ
 0001:000000bc       __imp_@__vba@05FD6EDC      004010bc     Seeker.OBJ
 0001:000000bc       __imp____vba@05FD6EDC      004010bc     Seeker.OBJ
 0001:000000c0       __imp____vbaUI1I2          004010c0     Seeker.OBJ
 0001:000000c0       __imp_@__vbaUI1I2          004010c0     Seeker.OBJ
 0001:000000c4       __imp___CIsqrt             004010c4     Seeker.OBJ
 0001:000000cc       __imp_@__vbaVarMul         004010cc     Seeker.OBJ
 0001:000000cc       __imp____vbaVarMul         004010cc     Seeker.OBJ
 0001:000000d0       __imp____vbaExceptHandler  004010d0     Seeker.OBJ
 0001:000000d4       __imp___adj_fprem          004010d4     Seeker.OBJ
 0001:000000d8       __imp___adj_fdivr_m64      004010d8     Seeker.OBJ
 0001:000000dc       __imp_@__vbaI2Str          004010dc     Seeker.OBJ
 0001:000000dc       __imp____vbaI2Str          004010dc     Seeker.OBJ
 0001:000000e0       __imp____vbaFPException    004010e0     Seeker.OBJ
 0001:000000e4       __imp_@__vbaStrVarVal      004010e4     Seeker.OBJ
 0001:000000e4       __imp____vbaStrVarVal      004010e4     Seeker.OBJ
 0001:000000e8       __imp____vbaI2Var          004010e8     Seeker.OBJ
 0001:000000e8       __imp_@__vbaI2Var          004010e8     Seeker.OBJ
 0001:000000ec       __imp___CIlog              004010ec     Seeker.OBJ
 0001:000000f0       __imp____vbaErrorOverflow  004010f0     Seeker.OBJ
 0001:000000f0       __imp_@__vbaErrorOverflow  004010f0     Seeker.OBJ
 0001:000000f4       __imp_@__vbaR8Str          004010f4     Seeker.OBJ
 0001:000000f4       __imp____vbaR8Str          004010f4     Seeker.OBJ
 0001:000000f8       __imp_@__vbaNew2           004010f8     Seeker.OBJ
 0001:000000f8       __imp____vbaNew2           004010f8     Seeker.OBJ
 0001:000000fc       __imp___adj_fdiv_m32i      004010fc     Seeker.OBJ
 0001:00000100       __imp___adj_fdivr_m32i     00401100     Seeker.OBJ
 0001:00000104       __imp_@__vbaStrCopy        00401104     Seeker.OBJ
 0001:00000104       __imp____vbaStrCopy        00401104     Seeker.OBJ
 0001:00000108       __imp_@__vbaFreeStrList    00401108     Seeker.OBJ
 0001:00000108       __imp____vbaFreeStrList    00401108     Seeker.OBJ
 0001:0000010c       __imp___adj_fdivr_m32      0040110c     Seeker.OBJ
 0001:00000110       __imp_@__vbaPowerR8        00401110     Seeker.OBJ
 0001:00000110       __imp____vbaPowerR8        00401110     Seeker.OBJ
 0001:00000114       __imp___adj_fdiv_r         00401114     Seeker.OBJ
 0001:0000011c       __imp_@__vbaI4Var          0040111c     Seeker.OBJ
 0001:0000011c       __imp____vbaI4Var          0040111c     Seeker.OBJ
 0001:00000120       __imp____vba@06AE33E4      00401120     Seeker.OBJ
 0001:00000120       __imp_@__vba@06AE33E4      00401120     Seeker.OBJ
 0001:00000124       __imp_@__vbaVarAdd         00401124     Seeker.OBJ
 0001:00000124       __imp____vbaVarAdd         00401124     Seeker.OBJ
 0001:00000128       __imp_@__vbaFpI2           00401128     Seeker.OBJ
 0001:00000128       __imp____vbaFpI2           00401128     Seeker.OBJ
 0001:0000012c       __imp_@__vbaVarMod         0040112c     Seeker.OBJ
 0001:0000012c       __imp____vbaVarMod         0040112c     Seeker.OBJ
 0001:00000130       __imp____vbaFpI4           00401130     Seeker.OBJ
 0001:00000130       __imp_@__vbaFpI4           00401130     Seeker.OBJ
 0001:00000134       __imp____vbaR8IntI2        00401134     Seeker.OBJ
 0001:00000134       __imp_@__vbaR8IntI2        00401134     Seeker.OBJ
 0001:00000138       __imp___CIatan             00401138     Seeker.OBJ
 0001:0000013c       __imp____vbaStrMove        0040113c     Seeker.OBJ
 0001:0000013c       __imp_@__vbaStrMove        0040113c     Seeker.OBJ
 0001:00000140       __imp_@__vba@06AE39D4      00401140     Seeker.OBJ
 0001:00000140       __imp____vba@06AE39D4      00401140     Seeker.OBJ
 0001:00000144       __imp____vbaR8IntI4        00401144     Seeker.OBJ
 0001:00000144       __imp_@__vbaR8IntI4        00401144     Seeker.OBJ
 0001:00000148       __imp___allmul             00401148     Seeker.OBJ
 0001:0000014c       __imp_@__vbaLateIdSt       0040114c     Seeker.OBJ
 0001:0000014c       __imp____vbaLateIdSt       0040114c     Seeker.OBJ
 0001:00000150       __imp___CItan              00401150     Seeker.OBJ
 0001:00000154       __imp____vbaFPInt          00401154     Seeker.OBJ
 0001:00000154       __imp_@__vbaFPInt          00401154     Seeker.OBJ
 0001:00000158       __imp___CIexp              00401158     Seeker.OBJ
 0001:0000015c       __imp____vbaFreeStr        0040115c     Seeker.OBJ
 0001:0000015c       __imp_@__vbaFreeStr        0040115c     Seeker.OBJ
 0001:00000160       __imp____vbaFreeObj        00401160     Seeker.OBJ
 0001:00000160       __imp_@__vbaFreeObj        00401160     Seeker.OBJ
 0001:00000168       __real@8@4006e500000000000000 00401168     fSplash.OBJ
 0001:00000170       __real@8@4000c000000000000000 00401170     fSplash.OBJ
 0001:00000178       __real@8@4001a000000000000000 00401178     fSplash.OBJ
 0001:000001c0       __real@8@40008000000000000000 004011c0     bmain.OBJ
 0001:000001c8       __real@8@3fff8000000000000000 004011c8     bmain.OBJ
 0001:000001d0       __real@8@00000000000000000000 004011d0     bmain.OBJ
 0001:000001e8       __real@8@4008fa00000000000000 004011e8     bmain.OBJ
 0001:00000270       __real@4@400899c0000000000000 00401270     fmain.OBJ
 0001:00000274       __real@4@40088c00000000000000 00401274     fmain.OBJ
 0001:00000278       __real@4@4002f000000000000000 00401278     fmain.OBJ
 0001:00000290       __real@4@40098d60000000000000 00401290     fmain.OBJ
 0001:00000294       __real@4@400980c0000000000000 00401294     fmain.OBJ
 0001:00000298       __real@4@4008a180000000000000 00401298     fmain.OBJ
 0001:0000029c       __real@4@40089740000000000000 0040129c     fmain.OBJ
 0001:000002a0       __real@4@40089500000000000000 004012a0     fmain.OBJ
 0001:000002a4       __real@4@40088ac0000000000000 004012a4     fmain.OBJ
 0001:000002a8       __real@4@40099c60000000000000 004012a8     fmain.OBJ
 0001:000002ac       __real@4@40098fc0000000000000 004012ac     fmain.OBJ
 0001:000002b0       __real@8@4004d400000000000000 004012b0     fmain.OBJ
 0001:000002b8       __real@8@40048000000000000000 004012b8     fmain.OBJ
 0001:000002c0       __real@4@4004b400000000000000 004012c0     fmain.OBJ
 0001:000002c4       __real@4@4004c800000000000000 004012c4     fmain.OBJ
 0001:000002e8       __real@8@4005ee00000000000000 004012e8     bltbas.OBJ
 0001:000002f0       __real@8@40099d80000000000000 004012f0     bltbas.OBJ
 0001:000002f8       __real@8@4006d200000000000000 004012f8     bltbas.OBJ
 0001:00000300       __real@8@4002a000000000000000 00401300     bltbas.OBJ
 0001:00000318       __real@8@4001e000000000000000 00401318     bltbas.OBJ
 0001:00000380       __real@4@4004a000000000000000 00401380     Dbas.OBJ
 0001:000003a0       VB@TEXT                    004013a0     Seeker.OBJ
 0001:000003a0       ___vbaChkstk               004013a0     Seeker.OBJ
 0001:000003a6       ___vbaExceptHandler        004013a6     Seeker.OBJ
 0001:000003ac       ___vbaFPException          004013ac     Seeker.OBJ
 0001:000003b2       __adj_fdiv_m16i            004013b2     Seeker.OBJ
 0001:000003b8       __adj_fdiv_m32             004013b8     Seeker.OBJ
 0001:000003be       __adj_fdiv_m32i            004013be     Seeker.OBJ
 0001:000003c4       __adj_fdiv_m64             004013c4     Seeker.OBJ
 0001:000003ca       __adj_fdiv_r               004013ca     Seeker.OBJ
 0001:000003d0       __adj_fdivr_m16i           004013d0     Seeker.OBJ
 0001:000003d6       __adj_fdivr_m32            004013d6     Seeker.OBJ
 0001:000003dc       __adj_fdivr_m32i           004013dc     Seeker.OBJ
 0001:000003e2       __adj_fdivr_m64            004013e2     Seeker.OBJ
 0001:000003e8       __adj_fpatan               004013e8     Seeker.OBJ
 0001:000003ee       __adj_fprem                004013ee     Seeker.OBJ
 0001:000003f4       __adj_fprem1               004013f4     Seeker.OBJ
 0001:000003fa       __adj_fptan                004013fa     Seeker.OBJ
 0001:00000400       __CIatan                   00401400     Seeker.OBJ
 0001:00000406       __CIcos                    00401406     Seeker.OBJ
 0001:0000040c       __CIexp                    0040140c     Seeker.OBJ
 0001:00000412       __CIlog                    00401412     Seeker.OBJ
 0001:00000418       __CIsin                    00401418     Seeker.OBJ
 0001:0000041e       __CIsqrt                   0040141e     Seeker.OBJ
 0001:00000424       __CItan                    00401424     Seeker.OBJ
 0001:0000042a       __allmul                   0040142a     Seeker.OBJ
 0001:00000436       ___vbaErrorOverflow        00401436     Seeker.OBJ
 0001:00000436       @__vbaErrorOverflow        00401436     Seeker.OBJ
 0001:0000043c       ___vbaObjSetAddref         0040143c     Seeker.OBJ
 0001:0000043c       @__vbaObjSetAddref         0040143c     Seeker.OBJ
 0001:00000442       @__vbaR8IntI4              00401442     Seeker.OBJ
 0001:00000442       ___vbaR8IntI4              00401442     Seeker.OBJ
 0001:00000448       @__vbaFPInt                00401448     Seeker.OBJ
 0001:00000448       ___vbaFPInt                00401448     Seeker.OBJ
 0001:0000044e       ___vbaFpI4                 0040144e     Seeker.OBJ
 0001:0000044e       @__vbaFpI4                 0040144e     Seeker.OBJ
 0001:00000454       ___vbaFreeObj              00401454     Seeker.OBJ
 0001:00000454       @__vbaFreeObj              00401454     Seeker.OBJ
 0001:0000045a       @__vba@05FD7FD4            0040145a     Seeker.OBJ
 0001:0000045a       ___vba@05FD7FD4            0040145a     Seeker.OBJ
 0001:00000460       ___vbaNew2                 00401460     Seeker.OBJ
 0001:00000460       @__vbaNew2                 00401460     Seeker.OBJ
 0001:00000466       ___vbaFreeVarList          00401466     Seeker.OBJ
 0001:00000466       @__vbaFreeVarList          00401466     Seeker.OBJ
 0001:0000046c       @__vbaFreeObjList          0040146c     Seeker.OBJ
 0001:0000046c       ___vbaFreeObjList          0040146c     Seeker.OBJ
 0001:00000472       @__vbaLateIdCallLd         00401472     Seeker.OBJ
 0001:00000472       ___vbaLateIdCallLd         00401472     Seeker.OBJ
 0001:00000478       ___vbaCastObjVar           00401478     Seeker.OBJ
 0001:00000478       @__vbaCastObjVar           00401478     Seeker.OBJ
 0001:0000047e       ___vbaObjSet               0040147e     Seeker.OBJ
 0001:0000047e       @__vbaObjSet               0040147e     Seeker.OBJ
 0001:00000484       ___vbaUI1I2                00401484     Seeker.OBJ
 0001:00000484       @__vbaUI1I2                00401484     Seeker.OBJ
 0001:0000048a       ___vbaSetSystemError       0040148a     Seeker.OBJ
 0001:0000048a       @__vbaSetSystemError       0040148a     Seeker.OBJ
 0001:00000490       ___vbaHresultCheckObj      00401490     Seeker.OBJ
 0001:00000490       @__vbaHresultCheckObj      00401490     Seeker.OBJ
 0001:00000496       @__vbaFreeStr              00401496     Seeker.OBJ
 0001:00000496       ___vbaFreeStr              00401496     Seeker.OBJ
 0001:0000049c       ___vbaStrCopy              0040149c     Seeker.OBJ
 0001:0000049c       @__vbaStrCopy              0040149c     Seeker.OBJ
 0001:000004a2       ___vbaR8IntI2              004014a2     Seeker.OBJ
 0001:000004a2       @__vbaR8IntI2              004014a2     Seeker.OBJ
 0001:000004a8       ___vbaFpR8                 004014a8     Seeker.OBJ
 0001:000004a8       @__vbaFpR8                 004014a8     Seeker.OBJ
 0001:000004ae       ___vbaEnd                  004014ae     Seeker.OBJ
 0001:000004ae       @__vbaEnd                  004014ae     Seeker.OBJ
 0001:000004b4       ___vbaR8Str                004014b4     Seeker.OBJ
 0001:000004b4       @__vbaR8Str                004014b4     Seeker.OBJ
 0001:000004ba       ___vbaPowerR8              004014ba     Seeker.OBJ
 0001:000004ba       @__vbaPowerR8              004014ba     Seeker.OBJ
 0001:000004c0       @__vbaGenerateBoundsError  004014c0     Seeker.OBJ
 0001:000004c0       ___vbaGenerateBoundsError  004014c0     Seeker.OBJ
 0001:000004c6       ___vbaVarTstGt             004014c6     Seeker.OBJ
 0001:000004c6       @__vbaVarTstGt             004014c6     Seeker.OBJ
 0001:000004cc       ___vbaStrVarVal            004014cc     Seeker.OBJ
 0001:000004cc       @__vbaStrVarVal            004014cc     Seeker.OBJ
 0001:000004d2       @__vba@06AE32C4            004014d2     Seeker.OBJ
 0001:000004d2       ___vba@06AE32C4            004014d2     Seeker.OBJ
 0001:000004d8       ___vbaStrI2                004014d8     Seeker.OBJ
 0001:000004d8       @__vbaStrI2                004014d8     Seeker.OBJ
 0001:000004de       ___vbaVarIndexLoad         004014de     Seeker.OBJ
 0001:000004de       @__vbaVarIndexLoad         004014de     Seeker.OBJ
 0001:000004e4       @__vbaVarIndexStore        004014e4     Seeker.OBJ
 0001:000004e4       ___vbaVarIndexStore        004014e4     Seeker.OBJ
 0001:000004ea       ___vba@06AE33E4            004014ea     Seeker.OBJ
 0001:000004ea       @__vba@06AE33E4            004014ea     Seeker.OBJ
 0001:000004f0       ___vbaI2Str                004014f0     Seeker.OBJ
 0001:000004f0       @__vbaI2Str                004014f0     Seeker.OBJ
 0001:000004f6       @__vbaFreeVar              004014f6     Seeker.OBJ
 0001:000004f6       ___vbaFreeVar              004014f6     Seeker.OBJ
 0001:000004fc       @__vbaFreeStrList          004014fc     Seeker.OBJ
 0001:000004fc       ___vbaFreeStrList          004014fc     Seeker.OBJ
 0001:00000502       @__vbaStrMove              00401502     Seeker.OBJ
 0001:00000502       ___vbaStrMove              00401502     Seeker.OBJ
 0001:00000508       ___vbaStrCat               00401508     Seeker.OBJ
 0001:00000508       @__vbaStrCat               00401508     Seeker.OBJ
 0001:0000050e       ___vbaLateIdSt             0040150e     Seeker.OBJ
 0001:0000050e       @__vbaLateIdSt             0040150e     Seeker.OBJ
 0001:00000514       ___vbaVarMod               00401514     Seeker.OBJ
 0001:00000514       @__vbaVarMod               00401514     Seeker.OBJ
 0001:0000051a       ___vbaVarAdd               0040151a     Seeker.OBJ
 0001:0000051a       @__vbaVarAdd               0040151a     Seeker.OBJ
 0001:00000520       @__vbaFpI2                 00401520     Seeker.OBJ
 0001:00000520       ___vbaFpI2                 00401520     Seeker.OBJ
 0001:00000526       @__vbaExitProc             00401526     Seeker.OBJ
 0001:00000526       ___vbaExitProc             00401526     Seeker.OBJ
 0001:0000052c       ___vbaI2Var                0040152c     Seeker.OBJ
 0001:0000052c       @__vbaI2Var                0040152c     Seeker.OBJ
 0001:00000532       ___vba@06AE3838            00401532     Seeker.OBJ
 0001:00000532       @__vba@06AE3838            00401532     Seeker.OBJ
 0001:00000538       @__vba@06AE3870            00401538     Seeker.OBJ
 0001:00000538       ___vba@06AE3870            00401538     Seeker.OBJ
 0001:0000053e       @__vbaVarTstEq             0040153e     Seeker.OBJ
 0001:0000053e       ___vbaVarTstEq             0040153e     Seeker.OBJ
 0001:00000544       @__vbaOnError              00401544     Seeker.OBJ
 0001:00000544       ___vbaOnError              00401544     Seeker.OBJ
 0001:0000054a       @__vbaLenBstr              0040154a     Seeker.OBJ
 0001:0000054a       ___vbaLenBstr              0040154a     Seeker.OBJ
 0001:00000550       @__vba@06AE39D4            00401550     Seeker.OBJ
 0001:00000550       ___vba@06AE39D4            00401550     Seeker.OBJ
 0001:00000556       ___vbaStrVarMove           00401556     Seeker.OBJ
 0001:00000556       @__vbaStrVarMove           00401556     Seeker.OBJ
 0001:0000055c       ___vbaI2I4                 0040155c     Seeker.OBJ
 0001:0000055c       @__vbaI2I4                 0040155c     Seeker.OBJ
 0001:00000562       @__vbaVarMul               00401562     Seeker.OBJ
 0001:00000562       ___vbaVarMul               00401562     Seeker.OBJ
 0001:00000568       ___vbaI4Var                00401568     Seeker.OBJ
 0001:00000568       @__vbaI4Var                00401568     Seeker.OBJ
 0001:0000056e       ___vbaStrR8                0040156e     Seeker.OBJ
 0001:0000056e       @__vbaStrR8                0040156e     Seeker.OBJ
 0001:00000574       ___vbaVarMove              00401574     Seeker.OBJ
 0001:00000574       @__vbaVarMove              00401574     Seeker.OBJ
 0001:0000057a       @__vba@06AE4088            0040157a     Seeker.OBJ
 0001:0000057a       ___vba@06AE4088            0040157a     Seeker.OBJ
 0001:00000580       @__vba@06AE40C0            00401580     Seeker.OBJ
 0001:00000580       ___vba@06AE40C0            00401580     Seeker.OBJ
 0001:00000586       ___vbaAryDestruct          00401586     Seeker.OBJ
 0001:00000586       @__vbaAryDestruct          00401586     Seeker.OBJ
 0001:0000058c       @__vbaErase                0040158c     Seeker.OBJ
 0001:0000058c       ___vbaErase                0040158c     Seeker.OBJ
 0001:00000592       ___vbaRedim                00401592     Seeker.OBJ
 0001:00000592       @__vbaRedim                00401592     Seeker.OBJ
 0001:00000598       ___vba@05FD6EDC            00401598     Seeker.OBJ
 0001:00000598       @__vba@05FD6EDC            00401598     Seeker.OBJ
 0001:000005b8       ___vbaS                    004015b8     Seeker.OBJ
 0001:000455d4       ___vba@05F31E4C            004465d4     Seeker.OBJ
 0001:0004560c       ___vba@05F324C4            0044660c     Seeker.OBJ
 0001:00045644       ___vba@06A8BD24            00446644     Seeker.OBJ
 0001:00045680       ___vba@06B1DC4C            00446680     Seeker.OBJ
 0001:00045a78       ___vba@05F647D4            00446a78     Seeker.OBJ
 0001:000460a4       ___vba@06AD139C            004470a4     Seeker.OBJ
 0001:00046cdc       ___vba@00AB1BD4            00447cdc     Seeker.OBJ
 0001:00046e98       ___vba@00AB1C2C            00447e98     Seeker.OBJ
 0001:00046e9c       ___vba@00AB1C34            00447e9c     Seeker.OBJ
 0001:00046ea4       ___vba@00AB1C40            00447ea4     Seeker.OBJ
 0001:00046eac       ___vba@00AB1C4C            00447eac     Seeker.OBJ
 0001:00046eb4       ___vba@00AB1C58            00447eb4     Seeker.OBJ
 0001:00046ebc       ___vba@00AB1C64            00447ebc     Seeker.OBJ
 0001:00046ec4       ___vba@00AB1C70            00447ec4     Seeker.OBJ
 0001:00046ecc       ___vba@00AB1C7C            00447ecc     Seeker.OBJ
 0001:00046ed4       ___vba@00AB1C88            00447ed4     Seeker.OBJ
 0001:00046ee4       ___vba@00AB1C9C            00447ee4     Seeker.OBJ
 0001:00046ef4       ___vba@00AB1CB0            00447ef4     Seeker.OBJ
 0001:00046f04       ___vba@00AB1CC4            00447f04     Seeker.OBJ
 0001:00046f14       ___vba@00AB1CD8            00447f14     Seeker.OBJ
 0001:00046f24       ___vba@00AB1CEC            00447f24     Seeker.OBJ
 0001:00046f28       ___vba@00AB1CF4            00447f28     Seeker.OBJ
 0001:00046f38       ___vba@00AB1D08            00447f38     Seeker.OBJ
 0001:00046f74       ___vba@00AB1D48            00447f74     Seeker.OBJ
 0001:00046f78       ___vba@00AB1D50            00447f78     Seeker.OBJ
 0001:00046fa0       ___vba@00AB1D7C            00447fa0     Seeker.OBJ
 0001:00046fb0       ___vba@00AB1D90            00447fb0     Seeker.OBJ
 0001:00046fb8       ___vba@00AB1D9C            00447fb8     Seeker.OBJ
 0001:00046fc8       ___vba@00AB1DB0            00447fc8     Seeker.OBJ
 0001:00046fd0       ___vba@00AB1DB8            00447fd0     Seeker.OBJ
 0001:00046fdc       ___vba@00AB1DCC            00447fdc     Seeker.OBJ
 0001:00046fe4       ___vba@05FD6C34            00447fe4     Seeker.OBJ
 0001:00047008       ___vba@05FD6C48            00448008     Seeker.OBJ
 0001:00047028       ___vba@05FD6C80            00448028     Seeker.OBJ
 0001:00047038       ___vba@05FD6C94            00448038     Seeker.OBJ
 0001:00047060       ___vba@05FD6CAC            00448060     Seeker.OBJ
 0001:00047080       ___vba@05FD6CE4            00448080     Seeker.OBJ
 0001:000470b4       ___vba@05FD6D08            004480b4     Seeker.OBJ
 0001:000470d4       ___vba@05FD6D40            004480d4     Seeker.OBJ
 0001:000470fc       ___vba@05FD6D58            004480fc     Seeker.OBJ
 0001:0004711c       ___vba@05FD6D90            0044811c     Seeker.OBJ
 0001:00047144       ___vba@05FD6DA8            00448144     Seeker.OBJ
 0001:00047164       ___vba@05FD6DE0            00448164     Seeker.OBJ
 0001:00047174       ___vba@05FD6DF4            00448174     Seeker.OBJ
 0001:00047184       ___vba@05FD6E0C            00448184     Seeker.OBJ
 0001:00047194       ___vba@05FD6E20            00448194     Seeker.OBJ
 0001:000471bc       ___vba@05FD7084            004481bc     Seeker.OBJ
 0001:000471dc       ___vba@05FD70BC            004481dc     Seeker.OBJ
 0001:000471e8       ___vba@05FD70CC            004481e8     Seeker.OBJ
 0001:00047208       ___vba@05FD70DC            00448208     Seeker.OBJ
 0001:00047224       ___vba@05FD7114            00448224     Seeker.OBJ
 0001:00047230       ___vba@05FD7124            00448230     Seeker.OBJ
 0001:00047240       ___vba@05FD7138            00448240     Seeker.OBJ
 0001:00047250       ___vba@05FD714C            00448250     Seeker.OBJ
 0001:00047260       ___vba@05FD7160            00448260     Seeker.OBJ
 0001:00047270       ___vba@05FD7174            00448270     Seeker.OBJ
 0001:0004727c       ___vba@05FD7184            0044827c     Seeker.OBJ
 0001:00047368       ___vba@05FD7274            00448368     Seeker.OBJ
 0001:00047374       ___vba@05FD74D4            00448374     Seeker.OBJ
 0001:00047384       ___vba@05FD74E8            00448384     Seeker.OBJ
 0001:00047394       ___vba@05FD74FC            00448394     Seeker.OBJ
 0001:0004739c       ___vba@05FD7508            0044839c     Seeker.OBJ
 0001:000473a4       ___vba@05FD7514            004483a4     Seeker.OBJ
 0001:000473ac       ___vba@05FD7520            004483ac     Seeker.OBJ
 0001:000473b4       ___vba@05FD752C            004483b4     Seeker.OBJ
 0001:000473bc       ___vba@05FD7538            004483bc     Seeker.OBJ
 0001:000473c0       ___vba@05FD7540            004483c0     Seeker.OBJ
 0001:000473d0       ___vba@05FD7554            004483d0     Seeker.OBJ
 0001:000473d8       ___vba@05FD7560            004483d8     Seeker.OBJ
 0001:000473e8       ___vba@05FD7574            004483e8     Seeker.OBJ
 0001:0004740c       ___vba@05FD759C            0044840c     Seeker.OBJ
 0001:00047418       ___vba@05FD75AC            00448418     Seeker.OBJ
 0001:00047440       ___vba@05FD75D8            00448440     Seeker.OBJ
 0001:00047444       ___vba@05FD75E0            00448444     Seeker.OBJ
 0001:00047454       ___vba@05FD75F4            00448454     Seeker.OBJ
 0001:00047458       ___vba@05FD75FC            00448458     Seeker.OBJ
 0001:00047460       ___vba@05FD7608            00448460     Seeker.OBJ
 0001:00047468       ___vba@05FD7614            00448468     Seeker.OBJ
 0001:0004746c       ___vba@05FD761C            0044846c     Seeker.OBJ
 0001:00047470       ___vba@05FD7624            00448470     Seeker.OBJ
 0001:00047478       ___vba@05FD7630            00448478     Seeker.OBJ
 0001:00047488       ___vba@05FD7640            00448488     Seeker.OBJ
 0001:00047494       ___vba@05FD7650            00448494     Seeker.OBJ
 0001:000474bc       ___vba@05FD7668            004484bc     Seeker.OBJ
 0001:000474d8       ___vba@05FD76A0            004484d8     Seeker.OBJ
 0001:000474e4       ___vba@05FD76B0            004484e4     Seeker.OBJ
 0001:000474f8       ___vba@05FD76C4            004484f8     Seeker.OBJ
 0001:00047500       ___vba@05FD76FC            00448500     Seeker.OBJ
 0001:00047510       ___vba@05FD7710            00448510     Seeker.OBJ
 0001:00047520       ___vba@05FD7724            00448520     Seeker.OBJ
 0001:0004752c       ___vba@05FD7734            0044852c     Seeker.OBJ
 0001:00047540       ___vba@05FD7784            00448540     Seeker.OBJ
 0001:0004755c       ___vba@05FD77E0            0044855c     Seeker.OBJ
 0001:0004756c       ___vba@05FD782C            0044856c     Seeker.OBJ
 0001:00047578       ___vba@05FD7874            00448578     Seeker.OBJ
 0001:00047584       ___vba@05FD78BC            00448584     Seeker.OBJ
 0001:00047594       ___vba@05FD78D0            00448594     Seeker.OBJ
 0001:000475a4       ___vba@05FD78E0            004485a4     Seeker.OBJ
 0001:000475b8       ___vba@05FD800C            004485b8     Seeker.OBJ
 0001:000475c4       ___vba@05FD8054            004485c4     Seeker.OBJ
 0001:000475d8       ___vba@05FD80A4            004485d8     Seeker.OBJ
 0001:000475ec       ___vba@05FD80F4            004485ec     Seeker.OBJ
 0001:00047600       ___vba@05FD8144            00448600     Seeker.OBJ
 0001:00047610       ___vba@06AE25D4            00448610     Seeker.OBJ
 0001:0004761c       ___vba@06AE261C            0044861c     Seeker.OBJ
 0001:00047630       ___vba@06AE266C            00448630     Seeker.OBJ
 0001:0004764c       ___vba@06AE26C0            0044864c     Seeker.OBJ
 0001:000476a8       ___vba@06AE2720            004486a8     Seeker.OBJ
 0001:000476b4       ___vba@06AE2730            004486b4     Seeker.OBJ
 0001:000476f4       ___vba@06AE2778            004486f4     Seeker.OBJ
 0001:0004770c       ___vba@06AE2790            0044870c     Seeker.OBJ
 0001:00047714       ___vba@06AE29EC            00448714     Seeker.OBJ
 0001:00047744       ___vba@06AE2A20            00448744     Seeker.OBJ
 0001:00047790       ___vba@06AE2A70            00448790     Seeker.OBJ
 0001:000477d0       ___vba@06AE2AB4            004487d0     Seeker.OBJ
 0001:00047800       ___vba@06AE2AE8            00448800     Seeker.OBJ
 0001:00047830       ___vba@06AE2B20            00448830     Seeker.OBJ
 0001:00047844       ___vba@06AE2B34            00448844     Seeker.OBJ
 0001:00047858       ___vba@06AE2B4C            00448858     Seeker.OBJ
 0001:00047868       ___vba@06AE2B60            00448868     Seeker.OBJ
 0001:00047884       ___vba@06AE2B80            00448884     Seeker.OBJ
 0001:000478a8       ___vba@06AE2BA8            004488a8     Seeker.OBJ
 0001:000478b8       ___vba@06AE2BC0            004488b8     Seeker.OBJ
 0001:000478c4       ___vba@06AE2BD0            004488c4     Seeker.OBJ
 0001:000478d4       ___vba@06AE2C14            004488d4     Seeker.OBJ
 0001:00047938       ___vba@06AE2C78            00448938     Seeker.OBJ
 0001:00047948       ___vba@06AE2C8C            00448948     Seeker.OBJ
 0001:0004796c       ___vba@06AE2CB4            0044896c     Seeker.OBJ
 0001:00047988       ___vba@06AE2CD4            00448988     Seeker.OBJ
 0001:000479c0       ___vba@06AE2D10            004489c0     Seeker.OBJ
 0001:000479c8       ___vba@06AE2D1C            004489c8     Seeker.OBJ
 0001:000479dc       ___vba@06AE2D38            004489dc     Seeker.OBJ
 0001:000479ec       ___vba@06AE2D4C            004489ec     Seeker.OBJ
 0001:000479fc       ___vba@06AE2D98            004489fc     Seeker.OBJ
 0001:00047a0c       ___vba@06AE2DE4            00448a0c     Seeker.OBJ
 0001:00047a1c       ___vba@06AE2DF8            00448a1c     Seeker.OBJ
 0001:00047a2c       ___vba@06AE2E74            00448a2c     Seeker.OBJ
 0001:00047a38       ___vba@06AE2EBC            00448a38     Seeker.OBJ
 0001:00047a44       ___vba@06AE2F04            00448a44     Seeker.OBJ
 0001:00047a50       ___vba@06AE2F4C            00448a50     Seeker.OBJ
 0001:00047a60       ___vba@06AE2F98            00448a60     Seeker.OBJ
 0001:00047a7c       ___vba@06AE2FF0            00448a7c     Seeker.OBJ
 0001:00047a8c       ___vba@06AE32FC            00448a8c     Seeker.OBJ
 0001:00047a98       ___vba@06AE3344            00448a98     Seeker.OBJ
 0001:00047aac       ___vba@06AE3394            00448aac     Seeker.OBJ
 0001:00047ac0       ___vba@06AE341C            00448ac0     Seeker.OBJ
 0001:00047acc       ___vba@06AE3464            00448acc     Seeker.OBJ
 0001:00047ae0       ___vba@06AE3478            00448ae0     Seeker.OBJ
 0001:00047ae4       ___vba@06AE34EC            00448ae4     Seeker.OBJ
 0001:00047af8       ___vba@06AE353C            00448af8     Seeker.OBJ
 0001:00047b08       ___vba@06AE3588            00448b08     Seeker.OBJ
 0001:00047b14       ___vba@06AE35D0            00448b14     Seeker.OBJ
 0001:00047b28       ___vba@06AE361C            00448b28     Seeker.OBJ
 0001:00047b38       ___vba@06AE3630            00448b38     Seeker.OBJ
 0001:00047b3c       ___vba@06AE363C            00448b3c     Seeker.OBJ
 0001:00047b50       ___vba@06AE3650            00448b50     Seeker.OBJ
 0001:00047b60       ___vba@06AE3664            00448b60     Seeker.OBJ
 0001:00047b70       ___vba@06AE3678            00448b70     Seeker.OBJ
 0001:00047b84       ___vba@06AE3690            00448b84     Seeker.OBJ
 0001:00047b98       ___vba@06AE3714            00448b98     Seeker.OBJ
 0001:00047ba4       ___vba@06AE375C            00448ba4     Seeker.OBJ
 0001:00047bb0       ___vba@06AE37A4            00448bb0     Seeker.OBJ
 0001:00047bc0       ___vba@06AE37F0            00448bc0     Seeker.OBJ
 0001:00047bcc       ___vba@06AE38A8            00448bcc     Seeker.OBJ
 0001:00047bdc       ___vba@06AE393C            00448bdc     Seeker.OBJ
 0001:00047bec       ___vba@06AE3988            00448bec     Seeker.OBJ
 0001:00047bfc       ___vba@06AE3A0C            00448bfc     Seeker.OBJ
 0001:00047c0c       ___vba@06AE3A58            00448c0c     Seeker.OBJ
 0001:00047c18       ___vba@06AE3AA0            00448c18     Seeker.OBJ
 0001:00047c24       ___vba@06AE3AE8            00448c24     Seeker.OBJ
 0001:00047c30       ___vba@06AE3FB4            00448c30     Seeker.OBJ
 0001:00047c40       ___vba@06AE3FFC            00448c40     Seeker.OBJ
 0001:00047c48       ___vba@06AE400C            00448c48     Seeker.OBJ
 0001:00047c58       ___vba@06AE4058            00448c58     Seeker.OBJ
 0001:00047c74       ___vba@06AE4074            00448c74     Seeker.OBJ
 0001:00047c80       ___vba@06AE40F8            00448c80     Seeker.OBJ
 0001:00047c94       ___vba@06AE4148            00448c94     Seeker.OBJ
 0001:00047ca0       ___vba@05FD6E94            00448ca0     Seeker.OBJ
 0001:001827e8       ___vba@05F7B75C            005837e8     Seeker.OBJ
 0001:00182828       ___vba@06A9A27C            00583828     Seeker.OBJ
 0001:00182868       ___vba@00A9F1FC            00583868     Seeker.OBJ
 0001:00182890       ___vba@00A9F228            00583890     Seeker.OBJ
 0001:0018289c       ___vba@00A9F238            0058389c     Seeker.OBJ
 0001:001828a8       ___vba@00A9F248            005838a8     Seeker.OBJ
 0001:001828b4       ___vba@00A9F258            005838b4     Seeker.OBJ
 0001:001828c0       ___vba@00A9F268            005838c0     Seeker.OBJ
 0001:001828d0       VB@BTXT                    005838d0     Seeker.OBJ
 0001:001828e0       ?Form_Load@fSplash@@AAGXXZ 005838e0 f   fSplash.OBJ
 0001:00183190       ?StartOn@bmain@@AAGXXZ     00584190 f   bmain.OBJ
 0001:001836b0       ?SetOff@bmain@@AAGXXZ      005846b0 f   bmain.OBJ
 0001:00183930       ?OpenLoop@bmain@@AAGXXZ    00584930 f   bmain.OBJ
 0001:00183c10       ?M_Click@bmain@@AAGXXZ     00584c10 f   bmain.OBJ
 0001:00183e70       ?CNTFPS@bmain@@AAGXXZ      00584e70 f   bmain.OBJ
 0001:001842c0       ?BoxShow@bmain@@AAGXXZ     005852c0 f   bmain.OBJ
 0001:00184530       ?Consol_KeyDown@fmain@@AAGXXZ 00585530 f   fmain.OBJ
 0001:001847b0       ?ConsolCheck@fmain@@AAGXXZ 005857b0 f   fmain.OBJ
 0001:00185560       ?Form_KeyUp@fmain@@AAGXXZ  00586560 f   fmain.OBJ
 0001:00185620       ?Form_Load@fmain@@AAGXXZ   00586620 f   fmain.OBJ
 0001:00185710       ?Form_KeyDown@fmain@@AAGXXZ 00586710 f   fmain.OBJ
 0001:00185a50       ?Form_MouseDown@fmain@@AAGXXZ 00586a50 f   fmain.OBJ
 0001:001866c0       ?Form_MouseMove@fmain@@AAGXXZ 005876c0 f   fmain.OBJ
 0001:00187350       ?Form_MouseUp@fmain@@AAGXXZ 00588350 f   fmain.OBJ
 0001:001873c0       ?Form_Unload@fmain@@AAGXXZ 005883c0 f   fmain.OBJ
 0001:00187430       ?BltImage@bltbas@@AAGXXZ   00588430 f   bltbas.OBJ
 0001:0018b800       ?CheckBG@bltbas@@AAGXXZ    0058c800 f   bltbas.OBJ
 0001:0018bd10       ?BltMouse@bltbas@@AAGXXZ   0058cd10 f   bltbas.OBJ
 0001:0018bf70       ?BltNum@bltbas@@AAGXXZ     0058cf70 f   bltbas.OBJ
 0001:0018c330       ?BltBox@bltbas@@AAGXXZ     0058d330 f   bltbas.OBJ
 0001:0018d7f0       ?Gstart@Gbas@@AAGXXZ       0058e7f0 f   Gbas.OBJ
 0001:0018dad0       ?Gmaping@Gbas@@AAGXXZ      0058ead0 f   Gbas.OBJ
 0001:0018db30       ?SetOn@Dbas@@AAGXXZ        0058eb30 f   Dbas.OBJ
 0001:0018f9a0       ?NewFireBG@Dbas@@AAGXXZ    005909a0 f   Dbas.OBJ
 0001:0018fb00       ?NewMi@Dbas@@AAGXXZ        00590b00 f   Dbas.OBJ
 0001:0018fc30       VB@ETXT                    00590c30     Seeker.OBJ
 0002:00000000       __adjust_fdiv              00592000     VBAEXE6:natsupp.obj
 0002:00000008       VB@BSS                     00592008     Seeker.OBJ
 0002:00000010       ___vba@00A9EFF8            00592010     Seeker.OBJ
 0002:00000024       _bmain                     00592024     Seeker.OBJ
 0002:0000010c       ___vba@00A9F010            0059210c     Seeker.OBJ
 0002:00000120       _bltbas                    00592120     Seeker.OBJ
 0002:00000130       _Dbas                      00592130     Seeker.OBJ
 0002:00000274       _Gbas                      00592274     Seeker.OBJ
 0002:0000073c       ___vba@05FD77D4            0059273c     Seeker.OBJ
 0002:00000760       ___vba@05F68FD4            00592760     Seeker.OBJ
 0002:00000e88       ___vba@05F7BE9C            00592e88     Seeker.OBJ

 entry point at        0001:000005b8

 Static symbols

