 StarSeeker

 Timestamp is 50f6ce18 (Thu Jan 17 00:58:16 2013)

 Preferred load address is 00400000

 Start         Length     Name                   Class
 0001:00000000 00000120H .idata$5                CODE
 0001:00000120 00000130H .rdata                  CODE
 0001:00000250 001ac7f0H .text                   CODE
 0001:001aca40 00000004H .text$0                 CODE
 0001:001aca44 00003590H .text$1                 CODE
 0001:001affe0 00000004H .text$2                 CODE
 0001:001affe4 00000014H .idata$2                CODE
 0001:001afff8 00000014H .idata$3                CODE
 0001:001b000c 00000120H .idata$4                CODE
 0001:001b012c 000003f0H .idata$6                CODE
 0001:001b051c 00000000H .edata                  CODE
 0002:00000000 00000004H .data                   DATA
 0002:00000008 00000b50H .bss                    DATA
 0003:00000000 000002f8H .rsrc$01                DATA
 0003:00000300 00010b88H .rsrc$02                DATA

  Address         Publics by Value              Rva+Base     Lib:Object

 0001:00000000       __imp_@__vba@0614646C      00401000     StarSeeker.OBJ
 0001:00000000       __imp____vba@0614646C      00401000     StarSeeker.OBJ
 0001:00000004       __imp_@__vbaStrI2          00401004     StarSeeker.OBJ
 0001:00000004       __imp____vbaStrI2          00401004     StarSeeker.OBJ
 0001:00000008       __imp___CIcos              00401008     StarSeeker.OBJ
 0001:0000000c       __imp___adj_fptan          0040100c     StarSeeker.OBJ
 0001:00000010       __imp____vbaVarMove        00401010     StarSeeker.OBJ
 0001:00000010       __imp_@__vbaVarMove        00401010     StarSeeker.OBJ
 0001:00000014       __imp_@__vbaFreeVar        00401014     StarSeeker.OBJ
 0001:00000014       __imp____vbaFreeVar        00401014     StarSeeker.OBJ
 0001:00000018       __imp_@__vbaLenBstr        00401018     StarSeeker.OBJ
 0001:00000018       __imp____vbaLenBstr        00401018     StarSeeker.OBJ
 0001:0000001c       __imp____vbaStrVarMove     0040101c     StarSeeker.OBJ
 0001:0000001c       __imp_@__vbaStrVarMove     0040101c     StarSeeker.OBJ
 0001:00000020       __imp____vbaFreeVarList    00401020     StarSeeker.OBJ
 0001:00000020       __imp_@__vbaFreeVarList    00401020     StarSeeker.OBJ
 0001:00000024       __imp____vbaEnd            00401024     StarSeeker.OBJ
 0001:00000024       __imp_@__vbaEnd            00401024     StarSeeker.OBJ
 0001:00000028       __imp___adj_fdiv_m64       00401028     StarSeeker.OBJ
 0001:0000002c       __imp____vbaFreeObjList    0040102c     StarSeeker.OBJ
 0001:0000002c       __imp_@__vbaFreeObjList    0040102c     StarSeeker.OBJ
 0001:00000030       __imp___adj_fprem1         00401030     StarSeeker.OBJ
 0001:00000034       __imp_@__vbaStrCat         00401034     StarSeeker.OBJ
 0001:00000034       __imp____vbaStrCat         00401034     StarSeeker.OBJ
 0001:00000038       __imp____vba@0614695C      00401038     StarSeeker.OBJ
 0001:00000038       __imp_@__vba@0614695C      00401038     StarSeeker.OBJ
 0001:0000003c       __imp____vbaSetSystemError 0040103c     StarSeeker.OBJ
 0001:0000003c       __imp_@__vbaSetSystemError 0040103c     StarSeeker.OBJ
 0001:00000040       __imp____vbaHresultCheckObj 00401040     StarSeeker.OBJ
 0001:00000040       __imp_@__vbaHresultCheckObj 00401040     StarSeeker.OBJ
 0001:00000044       __imp___adj_fdiv_m32       00401044     StarSeeker.OBJ
 0001:00000048       __imp_@__vba@06146F40      00401048     StarSeeker.OBJ
 0001:00000048       __imp____vba@06146F40      00401048     StarSeeker.OBJ
 0001:0000004c       __imp_@__vbaBoolStr        0040104c     StarSeeker.OBJ
 0001:0000004c       __imp____vbaBoolStr        0040104c     StarSeeker.OBJ
 0001:00000050       __imp_@__vba@06146FC0      00401050     StarSeeker.OBJ
 0001:00000050       __imp____vba@06146FC0      00401050     StarSeeker.OBJ
 0001:00000054       __imp_@__vbaObjSet         00401054     StarSeeker.OBJ
 0001:00000054       __imp____vbaObjSet         00401054     StarSeeker.OBJ
 0001:00000058       __imp___adj_fdiv_m16i      00401058     StarSeeker.OBJ
 0001:0000005c       __imp____vbaObjSetAddref   0040105c     StarSeeker.OBJ
 0001:0000005c       __imp_@__vbaObjSetAddref   0040105c     StarSeeker.OBJ
 0001:00000060       __imp___adj_fdivr_m16i     00401060     StarSeeker.OBJ
 0001:00000064       __imp_@__vba@061472EC      00401064     StarSeeker.OBJ
 0001:00000064       __imp____vba@061472EC      00401064     StarSeeker.OBJ
 0001:00000068       __imp___CIsin              00401068     StarSeeker.OBJ
 0001:0000006c       __imp_@__vba@06147398      0040106c     StarSeeker.OBJ
 0001:0000006c       __imp____vba@06147398      0040106c     StarSeeker.OBJ
 0001:00000070       __imp____vbaChkstk         00401070     StarSeeker.OBJ
 0001:00000078       __imp____vbaGenerateBoundsError 00401078     StarSeeker.OBJ
 0001:00000078       __imp_@__vbaGenerateBoundsError 00401078     StarSeeker.OBJ
 0001:0000007c       __imp_@__vbaVarTstEq       0040107c     StarSeeker.OBJ
 0001:0000007c       __imp____vbaVarTstEq       0040107c     StarSeeker.OBJ
 0001:00000080       __imp_@__vbaI2I4           00401080     StarSeeker.OBJ
 0001:00000080       __imp____vbaI2I4           00401080     StarSeeker.OBJ
 0001:00000088       __imp____vbaCastObjVar     00401088     StarSeeker.OBJ
 0001:00000088       __imp_@__vbaCastObjVar     00401088     StarSeeker.OBJ
 0001:0000008c       __imp___adj_fpatan         0040108c     StarSeeker.OBJ
 0001:00000090       __imp____vbaLateIdCallLd   00401090     StarSeeker.OBJ
 0001:00000090       __imp_@__vbaLateIdCallLd   00401090     StarSeeker.OBJ
 0001:00000098       __imp___CIsqrt             00401098     StarSeeker.OBJ
 0001:000000a0       __imp____vbaExceptHandler  004010a0     StarSeeker.OBJ
 0001:000000a4       __imp___adj_fprem          004010a4     StarSeeker.OBJ
 0001:000000a8       __imp___adj_fdivr_m64      004010a8     StarSeeker.OBJ
 0001:000000ac       __imp____vbaFPException    004010ac     StarSeeker.OBJ
 0001:000000b0       __imp____vba@06147564      004010b0     StarSeeker.OBJ
 0001:000000b0       __imp_@__vba@06147564      004010b0     StarSeeker.OBJ
 0001:000000b4       __imp_@__vbaI2Var          004010b4     StarSeeker.OBJ
 0001:000000b4       __imp____vbaI2Var          004010b4     StarSeeker.OBJ
 0001:000000b8       __imp___CIlog              004010b8     StarSeeker.OBJ
 0001:000000bc       __imp____vbaErrorOverflow  004010bc     StarSeeker.OBJ
 0001:000000bc       __imp_@__vbaErrorOverflow  004010bc     StarSeeker.OBJ
 0001:000000c0       __imp____vbaNew2           004010c0     StarSeeker.OBJ
 0001:000000c0       __imp_@__vbaNew2           004010c0     StarSeeker.OBJ
 0001:000000c4       __imp___adj_fdiv_m32i      004010c4     StarSeeker.OBJ
 0001:000000c8       __imp___adj_fdivr_m32i     004010c8     StarSeeker.OBJ
 0001:000000cc       __imp_@__vbaStrCopy        004010cc     StarSeeker.OBJ
 0001:000000cc       __imp____vbaStrCopy        004010cc     StarSeeker.OBJ
 0001:000000d0       __imp____vbaFreeStrList    004010d0     StarSeeker.OBJ
 0001:000000d0       __imp_@__vbaFreeStrList    004010d0     StarSeeker.OBJ
 0001:000000d4       __imp___adj_fdivr_m32      004010d4     StarSeeker.OBJ
 0001:000000d8       __imp___adj_fdiv_r         004010d8     StarSeeker.OBJ
 0001:000000e0       __imp_@__vbaVarTstNe       004010e0     StarSeeker.OBJ
 0001:000000e0       __imp____vbaVarTstNe       004010e0     StarSeeker.OBJ
 0001:000000e4       __imp_@__vbaI4Var          004010e4     StarSeeker.OBJ
 0001:000000e4       __imp____vbaI4Var          004010e4     StarSeeker.OBJ
 0001:000000e8       __imp_@__vba@06146E1C      004010e8     StarSeeker.OBJ
 0001:000000e8       __imp____vba@06146E1C      004010e8     StarSeeker.OBJ
 0001:000000ec       __imp____vbaStrToAnsi      004010ec     StarSeeker.OBJ
 0001:000000ec       __imp_@__vbaStrToAnsi      004010ec     StarSeeker.OBJ
 0001:000000f0       __imp____vbaVarDup         004010f0     StarSeeker.OBJ
 0001:000000f0       __imp_@__vbaVarDup         004010f0     StarSeeker.OBJ
 0001:000000f4       __imp____vbaFpI2           004010f4     StarSeeker.OBJ
 0001:000000f4       __imp_@__vbaFpI2           004010f4     StarSeeker.OBJ
 0001:000000f8       __imp___CIatan             004010f8     StarSeeker.OBJ
 0001:000000fc       __imp_@__vbaStrMove        004010fc     StarSeeker.OBJ
 0001:000000fc       __imp____vbaStrMove        004010fc     StarSeeker.OBJ
 0001:00000100       __imp___allmul             00401100     StarSeeker.OBJ
 0001:00000104       __imp_@__vbaLenVarB        00401104     StarSeeker.OBJ
 0001:00000104       __imp____vbaLenVarB        00401104     StarSeeker.OBJ
 0001:00000108       __imp___CItan              00401108     StarSeeker.OBJ
 0001:0000010c       __imp_@__vba@06146C40      0040110c     StarSeeker.OBJ
 0001:0000010c       __imp____vba@06146C40      0040110c     StarSeeker.OBJ
 0001:00000110       __imp___CIexp              00401110     StarSeeker.OBJ
 0001:00000114       __imp_@__vbaFreeStr        00401114     StarSeeker.OBJ
 0001:00000114       __imp____vbaFreeStr        00401114     StarSeeker.OBJ
 0001:00000118       __imp____vbaFreeObj        00401118     StarSeeker.OBJ
 0001:00000118       __imp_@__vbaFreeObj        00401118     StarSeeker.OBJ
 0001:00000158       __real@4@40008000000000000000 00401158     basM.OBJ
 0001:0000015c       __real@4@40018000000000000000 0040115c     basM.OBJ
 0001:00000160       __real@4@4001a000000000000000 00401160     basM.OBJ
 0001:000001e8       __real@8@4002a000000000000000 004011e8     basB.OBJ
 0001:000001f0       __real@8@4005c800000000000000 004011f0     basB.OBJ
 0001:00000208       __real@8@4003a000000000000000 00401208     basB.OBJ
 0001:00000250       VB@TEXT                    00401250     StarSeeker.OBJ
 0001:00000250       ___vbaChkstk               00401250     StarSeeker.OBJ
 0001:00000256       ___vbaExceptHandler        00401256     StarSeeker.OBJ
 0001:0000025c       ___vbaFPException          0040125c     StarSeeker.OBJ
 0001:00000262       __adj_fdiv_m16i            00401262     StarSeeker.OBJ
 0001:00000268       __adj_fdiv_m32             00401268     StarSeeker.OBJ
 0001:0000026e       __adj_fdiv_m32i            0040126e     StarSeeker.OBJ
 0001:00000274       __adj_fdiv_m64             00401274     StarSeeker.OBJ
 0001:0000027a       __adj_fdiv_r               0040127a     StarSeeker.OBJ
 0001:00000280       __adj_fdivr_m16i           00401280     StarSeeker.OBJ
 0001:00000286       __adj_fdivr_m32            00401286     StarSeeker.OBJ
 0001:0000028c       __adj_fdivr_m32i           0040128c     StarSeeker.OBJ
 0001:00000292       __adj_fdivr_m64            00401292     StarSeeker.OBJ
 0001:00000298       __adj_fpatan               00401298     StarSeeker.OBJ
 0001:0000029e       __adj_fprem                0040129e     StarSeeker.OBJ
 0001:000002a4       __adj_fprem1               004012a4     StarSeeker.OBJ
 0001:000002aa       __adj_fptan                004012aa     StarSeeker.OBJ
 0001:000002b0       __CIatan                   004012b0     StarSeeker.OBJ
 0001:000002b6       __CIcos                    004012b6     StarSeeker.OBJ
 0001:000002bc       __CIexp                    004012bc     StarSeeker.OBJ
 0001:000002c2       __CIlog                    004012c2     StarSeeker.OBJ
 0001:000002c8       __CIsin                    004012c8     StarSeeker.OBJ
 0001:000002ce       __CIsqrt                   004012ce     StarSeeker.OBJ
 0001:000002d4       __CItan                    004012d4     StarSeeker.OBJ
 0001:000002da       __allmul                   004012da     StarSeeker.OBJ
 0001:000002e6       @__vbaEnd                  004012e6     StarSeeker.OBJ
 0001:000002e6       ___vbaEnd                  004012e6     StarSeeker.OBJ
 0001:000002ec       ___vbaErrorOverflow        004012ec     StarSeeker.OBJ
 0001:000002ec       @__vbaErrorOverflow        004012ec     StarSeeker.OBJ
 0001:000002f2       ___vbaGenerateBoundsError  004012f2     StarSeeker.OBJ
 0001:000002f2       @__vbaGenerateBoundsError  004012f2     StarSeeker.OBJ
 0001:000002f8       @__vbaHresultCheckObj      004012f8     StarSeeker.OBJ
 0001:000002f8       ___vbaHresultCheckObj      004012f8     StarSeeker.OBJ
 0001:000002fe       @__vbaVarMove              004012fe     StarSeeker.OBJ
 0001:000002fe       ___vbaVarMove              004012fe     StarSeeker.OBJ
 0001:00000304       ___vbaStrVarMove           00401304     StarSeeker.OBJ
 0001:00000304       @__vbaStrVarMove           00401304     StarSeeker.OBJ
 0001:0000030a       @__vbaStrCat               0040130a     StarSeeker.OBJ
 0001:0000030a       ___vbaStrCat               0040130a     StarSeeker.OBJ
 0001:00000310       @__vbaVarDup               00401310     StarSeeker.OBJ
 0001:00000310       ___vbaVarDup               00401310     StarSeeker.OBJ
 0001:00000316       @__vba@0614695C            00401316     StarSeeker.OBJ
 0001:00000316       ___vba@0614695C            00401316     StarSeeker.OBJ
 0001:0000031c       @__vbaVarTstNe             0040131c     StarSeeker.OBJ
 0001:0000031c       ___vbaVarTstNe             0040131c     StarSeeker.OBJ
 0001:00000322       @__vba@06146C40            00401322     StarSeeker.OBJ
 0001:00000322       ___vba@06146C40            00401322     StarSeeker.OBJ
 0001:00000328       @__vbaStrCopy              00401328     StarSeeker.OBJ
 0001:00000328       ___vbaStrCopy              00401328     StarSeeker.OBJ
 0001:0000032e       ___vbaFreeVarList          0040132e     StarSeeker.OBJ
 0001:0000032e       @__vbaFreeVarList          0040132e     StarSeeker.OBJ
 0001:00000334       @__vbaFreeObjList          00401334     StarSeeker.OBJ
 0001:00000334       ___vbaFreeObjList          00401334     StarSeeker.OBJ
 0001:0000033a       @__vbaLateIdCallLd         0040133a     StarSeeker.OBJ
 0001:0000033a       ___vbaLateIdCallLd         0040133a     StarSeeker.OBJ
 0001:00000340       ___vbaCastObjVar           00401340     StarSeeker.OBJ
 0001:00000340       @__vbaCastObjVar           00401340     StarSeeker.OBJ
 0001:00000346       ___vbaObjSet               00401346     StarSeeker.OBJ
 0001:00000346       @__vbaObjSet               00401346     StarSeeker.OBJ
 0001:0000034c       @__vbaObjSetAddref         0040134c     StarSeeker.OBJ
 0001:0000034c       ___vbaObjSetAddref         0040134c     StarSeeker.OBJ
 0001:00000352       @__vbaStrI2                00401352     StarSeeker.OBJ
 0001:00000352       ___vbaStrI2                00401352     StarSeeker.OBJ
 0001:00000358       ___vba@0614646C            00401358     StarSeeker.OBJ
 0001:00000358       @__vba@0614646C            00401358     StarSeeker.OBJ
 0001:0000035e       ___vbaFreeObj              0040135e     StarSeeker.OBJ
 0001:0000035e       @__vbaFreeObj              0040135e     StarSeeker.OBJ
 0001:00000364       ___vbaFreeStrList          00401364     StarSeeker.OBJ
 0001:00000364       @__vbaFreeStrList          00401364     StarSeeker.OBJ
 0001:0000036a       ___vba@06146E1C            0040136a     StarSeeker.OBJ
 0001:0000036a       @__vba@06146E1C            0040136a     StarSeeker.OBJ
 0001:00000370       ___vbaStrMove              00401370     StarSeeker.OBJ
 0001:00000370       @__vbaStrMove              00401370     StarSeeker.OBJ
 0001:00000376       ___vbaBoolStr              00401376     StarSeeker.OBJ
 0001:00000376       @__vbaBoolStr              00401376     StarSeeker.OBJ
 0001:0000037c       ___vbaNew2                 0040137c     StarSeeker.OBJ
 0001:0000037c       @__vbaNew2                 0040137c     StarSeeker.OBJ
 0001:00000382       @__vba@06146F40            00401382     StarSeeker.OBJ
 0001:00000382       ___vba@06146F40            00401382     StarSeeker.OBJ
 0001:00000388       @__vbaFpI2                 00401388     StarSeeker.OBJ
 0001:00000388       ___vbaFpI2                 00401388     StarSeeker.OBJ
 0001:0000038e       @__vba@06146FC0            0040138e     StarSeeker.OBJ
 0001:0000038e       ___vba@06146FC0            0040138e     StarSeeker.OBJ
 0001:00000394       ___vbaFreeVar              00401394     StarSeeker.OBJ
 0001:00000394       @__vbaFreeVar              00401394     StarSeeker.OBJ
 0001:0000039a       @__vbaI2Var                0040139a     StarSeeker.OBJ
 0001:0000039a       ___vbaI2Var                0040139a     StarSeeker.OBJ
 0001:000003a0       ___vba@061472EC            004013a0     StarSeeker.OBJ
 0001:000003a0       @__vba@061472EC            004013a0     StarSeeker.OBJ
 0001:000003a6       @__vbaSetSystemError       004013a6     StarSeeker.OBJ
 0001:000003a6       ___vbaSetSystemError       004013a6     StarSeeker.OBJ
 0001:000003ac       ___vba@06147398            004013ac     StarSeeker.OBJ
 0001:000003ac       @__vba@06147398            004013ac     StarSeeker.OBJ
 0001:000003b2       @__vbaVarTstEq             004013b2     StarSeeker.OBJ
 0001:000003b2       ___vbaVarTstEq             004013b2     StarSeeker.OBJ
 0001:000003b8       @__vbaLenBstr              004013b8     StarSeeker.OBJ
 0001:000003b8       ___vbaLenBstr              004013b8     StarSeeker.OBJ
 0001:000003be       ___vbaI2I4                 004013be     StarSeeker.OBJ
 0001:000003be       @__vbaI2I4                 004013be     StarSeeker.OBJ
 0001:000003c4       ___vbaFreeStr              004013c4     StarSeeker.OBJ
 0001:000003c4       @__vbaFreeStr              004013c4     StarSeeker.OBJ
 0001:000003ca       ___vbaStrToAnsi            004013ca     StarSeeker.OBJ
 0001:000003ca       @__vbaStrToAnsi            004013ca     StarSeeker.OBJ
 0001:000003d0       @__vba@06147564            004013d0     StarSeeker.OBJ
 0001:000003d0       ___vba@06147564            004013d0     StarSeeker.OBJ
 0001:000003d6       @__vbaLenVarB              004013d6     StarSeeker.OBJ
 0001:000003d6       ___vbaLenVarB              004013d6     StarSeeker.OBJ
 0001:000003dc       ___vbaI4Var                004013dc     StarSeeker.OBJ
 0001:000003dc       @__vbaI4Var                004013dc     StarSeeker.OBJ
 0001:000003fc       ___vbaS                    004013fc     StarSeeker.OBJ
 0001:001ab868       ___vba@00A9091C            005ac868     StarSeeker.OBJ
 0001:001ab8a4       ___vba@00A906F4            005ac8a4     StarSeeker.OBJ
 0001:001abd54       ___vba@00A8F7DC            005acd54     StarSeeker.OBJ
 0001:001ac230       ___vba@00AB0154            005ad230     StarSeeker.OBJ
 0001:001ac328       ___vba@00AB01AC            005ad328     StarSeeker.OBJ
 0001:001ac32c       ___vba@00AB01B4            005ad32c     StarSeeker.OBJ
 0001:001ac338       ___vba@00AB01C4            005ad338     StarSeeker.OBJ
 0001:001ac340       ___vba@00AB01D0            005ad340     StarSeeker.OBJ
 0001:001ac348       ___vba@00AB01DC            005ad348     StarSeeker.OBJ
 0001:001ac350       ___vba@00AB01E8            005ad350     StarSeeker.OBJ
 0001:001ac360       ___vba@00AB01FC            005ad360     StarSeeker.OBJ
 0001:001ac370       ___vba@00AB0210            005ad370     StarSeeker.OBJ
 0001:001ac380       ___vba@00AB0224            005ad380     StarSeeker.OBJ
 0001:001ac390       ___vba@00AB0238            005ad390     StarSeeker.OBJ
 0001:001ac3a0       ___vba@00AB024C            005ad3a0     StarSeeker.OBJ
 0001:001ac3ac       ___vba@00AB025C            005ad3ac     StarSeeker.OBJ
 0001:001ac3bc       ___vba@00AB0270            005ad3bc     StarSeeker.OBJ
 0001:001ac3c8       ___vba@00AB0280            005ad3c8     StarSeeker.OBJ
 0001:001ac3d8       ___vba@00AB0294            005ad3d8     StarSeeker.OBJ
 0001:001ac414       ___vba@00AB02D4            005ad414     StarSeeker.OBJ
 0001:001ac418       ___vba@00AB02DC            005ad418     StarSeeker.OBJ
 0001:001ac440       ___vba@00AB0308            005ad440     StarSeeker.OBJ
 0001:001ac448       ___vba@00AB0314            005ad448     StarSeeker.OBJ
 0001:001ac454       ___vba@00AB0324            005ad454     StarSeeker.OBJ
 0001:001ac464       ___vba@00AB0338            005ad464     StarSeeker.OBJ
 0001:001ac46c       ___vba@00AB0344            005ad46c     StarSeeker.OBJ
 0001:001ac478       ___vba@06145CDC            005ad478     StarSeeker.OBJ
 0001:001ac488       ___vba@06145CEC            005ad488     StarSeeker.OBJ
 0001:001ac498       ___vba@06145D00            005ad498     StarSeeker.OBJ
 0001:001ac4c0       ___vba@06145D18            005ad4c0     StarSeeker.OBJ
 0001:001ac4dc       ___vba@06145D50            005ad4dc     StarSeeker.OBJ
 0001:001ac564       ___vba@06145DDC            005ad564     StarSeeker.OBJ
 0001:001ac570       ___vba@06145DEC            005ad570     StarSeeker.OBJ
 0001:001ac57c       ___vba@06145E34            005ad57c     StarSeeker.OBJ
 0001:001ac590       ___vba@06145E84            005ad590     StarSeeker.OBJ
 0001:001ac5ac       ___vba@06144FEC            005ad5ac     StarSeeker.OBJ
 0001:001ac5c8       ___vba@06145040            005ad5c8     StarSeeker.OBJ
 0001:001ac5d4       ___vba@06145050            005ad5d4     StarSeeker.OBJ
 0001:001ac5f4       ___vba@06145060            005ad5f4     StarSeeker.OBJ
 0001:001ac614       ___vba@06145098            005ad614     StarSeeker.OBJ
 0001:001ac638       ___vba@061450AC            005ad638     StarSeeker.OBJ
 0001:001ac654       ___vba@061450E4            005ad654     StarSeeker.OBJ
 0001:001ac660       ___vba@061450F4            005ad660     StarSeeker.OBJ
 0001:001ac670       ___vba@06145108            005ad670     StarSeeker.OBJ
 0001:001ac680       ___vba@0614511C            005ad680     StarSeeker.OBJ
 0001:001ac690       ___vba@06145130            005ad690     StarSeeker.OBJ
 0001:001ac6a4       ___vba@06145144            005ad6a4     StarSeeker.OBJ
 0001:001ac6b4       ___vba@06145158            005ad6b4     StarSeeker.OBJ
 0001:001ac6c4       ___vba@06145170            005ad6c4     StarSeeker.OBJ
 0001:001ac6d4       ___vba@06145184            005ad6d4     StarSeeker.OBJ
 0001:001ac6e4       ___vba@06145198            005ad6e4     StarSeeker.OBJ
 0001:001ac6f4       ___vba@061451AC            005ad6f4     StarSeeker.OBJ
 0001:001ac708       ___vba@061451C0            005ad708     StarSeeker.OBJ
 0001:001ac730       ___vba@061467A4            005ad730     StarSeeker.OBJ
 0001:001ac750       ___vba@061467C8            005ad750     StarSeeker.OBJ
 0001:001ac770       ___vba@061467EC            005ad770     StarSeeker.OBJ
 0001:001ac798       ___vba@06146818            005ad798     StarSeeker.OBJ
 0001:001ac7ac       ___vba@06146834            005ad7ac     StarSeeker.OBJ
 0001:001ac7bc       ___vba@06146880            005ad7bc     StarSeeker.OBJ
 0001:001ac7cc       ___vba@061468CC            005ad7cc     StarSeeker.OBJ
 0001:001ac7d8       ___vba@06146914            005ad7d8     StarSeeker.OBJ
 0001:001ac7e4       ___vba@06146BF4            005ad7e4     StarSeeker.OBJ
 0001:001ac7f4       ___vba@06146C78            005ad7f4     StarSeeker.OBJ
 0001:001ac804       ___vba@06146CC4            005ad804     StarSeeker.OBJ
 0001:001ac818       ___vba@06146D14            005ad818     StarSeeker.OBJ
 0001:001ac82c       ___vba@06146D64            005ad82c     StarSeeker.OBJ
 0001:001ac840       ___vba@06146DB4            005ad840     StarSeeker.OBJ
 0001:001ac850       ___vba@0614638C            005ad850     StarSeeker.OBJ
 0001:001ac85c       ___vba@061463D4            005ad85c     StarSeeker.OBJ
 0001:001ac870       ___vba@06146424            005ad870     StarSeeker.OBJ
 0001:001ac87c       ___vba@061464A4            005ad87c     StarSeeker.OBJ
 0001:001ac88c       ___vba@061464F0            005ad88c     StarSeeker.OBJ
 0001:001ac8a0       ___vba@06146E54            005ad8a0     StarSeeker.OBJ
 0001:001ac8b0       ___vba@06146EA0            005ad8b0     StarSeeker.OBJ
 0001:001ac8c0       ___vba@06146EEC            005ad8c0     StarSeeker.OBJ
 0001:001ac8d4       ___vba@06146F78            005ad8d4     StarSeeker.OBJ
 0001:001ac8e0       ___vba@06146FF8            005ad8e0     StarSeeker.OBJ
 0001:001ac8f0       ___vba@0614700C            005ad8f0     StarSeeker.OBJ
 0001:001ac8fc       ___vba@061472A4            005ad8fc     StarSeeker.OBJ
 0001:001ac908       ___vba@06147324            005ad908     StarSeeker.OBJ
 0001:001ac920       ___vba@06147374            005ad920     StarSeeker.OBJ
 0001:001ac934       ___vba@0614738C            005ad934     StarSeeker.OBJ
 0001:001ac938       ___vba@061473D0            005ad938     StarSeeker.OBJ
 0001:001ac948       ___vba@0614741C            005ad948     StarSeeker.OBJ
 0001:001ac958       ___vba@061474CC            005ad958     StarSeeker.OBJ
 0001:001ac968       ___vba@06147518            005ad968     StarSeeker.OBJ
 0001:001ac978       ___vba@0614759C            005ad978     StarSeeker.OBJ
 0001:001ac988       ___vba@061475E8            005ad988     StarSeeker.OBJ
 0001:001ac9b4       ___vba@00A902A4            005ad9b4     StarSeeker.OBJ
 0001:001ac9f4       ___vba@00AB0594            005ad9f4     StarSeeker.OBJ
 0001:001aca1c       ___vba@00AB05C0            005ada1c     StarSeeker.OBJ
 0001:001aca28       ___vba@00AB05D0            005ada28     StarSeeker.OBJ
 0001:001aca34       ___vba@00AB05E0            005ada34     StarSeeker.OBJ
 0001:001aca40       VB@BTXT                    005ada40     StarSeeker.OBJ
 0001:001aca44       ?Form_KeyDown@fMain@@AAGXXZ 005ada44 f   fMain.OBJ
 0001:001acab9       ?Form_Load@fMain@@AAGXXZ   005adab9 f   fMain.OBJ
 0001:001acb78       ?Form_MouseDown@fMain@@AAGXXZ 005adb78 f   fMain.OBJ
 0001:001acd72       ?Form_MouseMove@fMain@@AAGXXZ 005add72 f   fMain.OBJ
 0001:001ad024       ?Form_Unload@fMain@@AAGXXZ 005ae024 f   fMain.OBJ
 0001:001ad090       ?MainLoop@basM@@AAGXXZ     005ae090 f   basM.OBJ
 0001:001ad170       ?BGStar@basM@@AAGXXZ       005ae170 f   basM.OBJ
 0001:001ad2e9       ?BGStarSet@basM@@AAGXXZ    005ae2e9 f   basM.OBJ
 0001:001ad46e       ?StartCheck@basM@@AAGXXZ   005ae46e f   basM.OBJ
 0001:001ad644       ?LoadSetting@basM@@AAGXXZ  005ae644 f   basM.OBJ
 0001:001ad64e       ?StartSetting@basM@@AAGXXZ 005ae64e f   basM.OBJ
 0001:001adf24       ?SaveSettingSeeker@basM@@AAGXXZ 005aef24 f   basM.OBJ
 0001:001adf25       ?CheckFPS@basM@@AAGXXZ     005aef25 f   basM.OBJ
 0001:001ae17d       ?DefaultCnt@basM@@AAGXXZ   005af17d f   basM.OBJ
 0001:001ae204       ?FlowerCnt@basM@@AAGXXZ    005af204 f   basM.OBJ
 0001:001ae2a8       ?MainBlt@basB@@AAGXXZ      005af2a8 f   basB.OBJ
 0001:001ae8ee       ?PanelShow@basB@@AAGXXZ    005af8ee f   basB.OBJ
 0001:001aeb29       ?BackMenuAni@basB@@AAGXXZ  005afb29 f   basB.OBJ
 0001:001aeeb6       ?MenuAni@basB@@AAGXXZ      005afeb6 f   basB.OBJ
 0001:001af3f3       ?FlowerShow@basB@@AAGXXZ   005b03f3 f   basB.OBJ
 0001:001af5c1       ?WaitImage@basB@@AAGXXZ    005b05c1 f   basB.OBJ
 0001:001afbfd       ?MayBlt@basB@@AAGXXZ       005b0bfd f   basB.OBJ
 0001:001afdd6       ?GetSil@basB@@AAGXXZ       005b0dd6 f   basB.OBJ
 0001:001affe0       VB@ETXT                    005b0fe0     StarSeeker.OBJ
 0002:00000000       __adjust_fdiv              005b2000     VBAEXE6:natsupp.obj
 0002:00000008       VB@BSS                     005b2008     StarSeeker.OBJ
 0002:00000010       ___vba@00AB0390            005b2010     StarSeeker.OBJ
 0002:00000024       _basM                      005b2024     StarSeeker.OBJ
 0002:000000a4       _basB                      005b20a4     StarSeeker.OBJ
 0002:00000430       ___vba@06146F34            005b2430     StarSeeker.OBJ
 0002:0000044c       ___vba@0615D06C            005b244c     StarSeeker.OBJ

 entry point at        0001:000003fc

 Static symbols

