 Seeker_¥ñ

 Timestamp is 51333c23 (Sun Mar 03 21:03:47 2013)

 Preferred load address is 00400000

 Start         Length     Name                   Class
 0001:00000000 00000114H .idata$5                CODE
 0001:00000118 00000118H .rdata                  CODE
 0001:00000230 00023dacH .text                   CODE
 0001:00023fe0 00000004H .text$0                 CODE
 0001:00023fe4 00004906H .text$1                 CODE
 0001:000288f0 00000004H .text$2                 CODE
 0001:000288f4 00000014H .idata$2                CODE
 0001:00028908 00000014H .idata$3                CODE
 0001:0002891c 00000114H .idata$4                CODE
 0001:00028a30 000003d4H .idata$6                CODE
 0001:00028e04 00000000H .edata                  CODE
 0002:00000000 00000004H .data                   DATA
 0002:00000008 00000d78H .bss                    DATA
 0003:00000000 00000148H .rsrc$01                DATA
 0003:00000150 000008e8H .rsrc$02                DATA

  Address         Publics by Value              Rva+Base     Lib:Object

 0001:00000000       __imp____vba@06B52390      00401000     Seeker_¥ñ.OBJ
 0001:00000000       __imp_@__vba@06B52390      00401000     Seeker_¥ñ.OBJ
 0001:00000004       __imp____vbaStrI2          00401004     Seeker_¥ñ.OBJ
 0001:00000004       __imp_@__vbaStrI2          00401004     Seeker_¥ñ.OBJ
 0001:00000008       __imp___CIcos              00401008     Seeker_¥ñ.OBJ
 0001:0000000c       __imp___adj_fptan          0040100c     Seeker_¥ñ.OBJ
 0001:00000010       __imp_@__vbaVarMove        00401010     Seeker_¥ñ.OBJ
 0001:00000010       __imp____vbaVarMove        00401010     Seeker_¥ñ.OBJ
 0001:00000014       __imp____vbaFreeVar        00401014     Seeker_¥ñ.OBJ
 0001:00000014       __imp_@__vbaFreeVar        00401014     Seeker_¥ñ.OBJ
 0001:00000018       __imp_@__vbaStrVarMove     00401018     Seeker_¥ñ.OBJ
 0001:00000018       __imp____vbaStrVarMove     00401018     Seeker_¥ñ.OBJ
 0001:0000001c       __imp____vbaFreeVarList    0040101c     Seeker_¥ñ.OBJ
 0001:0000001c       __imp_@__vbaFreeVarList    0040101c     Seeker_¥ñ.OBJ
 0001:00000020       __imp_@__vbaEnd            00401020     Seeker_¥ñ.OBJ
 0001:00000020       __imp____vbaEnd            00401020     Seeker_¥ñ.OBJ
 0001:00000024       __imp___adj_fdiv_m64       00401024     Seeker_¥ñ.OBJ
 0001:00000028       __imp_@__vbaFreeObjList    00401028     Seeker_¥ñ.OBJ
 0001:00000028       __imp____vbaFreeObjList    00401028     Seeker_¥ñ.OBJ
 0001:0000002c       __imp___adj_fprem1         0040102c     Seeker_¥ñ.OBJ
 0001:00000030       __imp_@__vbaStrCat         00401030     Seeker_¥ñ.OBJ
 0001:00000030       __imp____vbaStrCat         00401030     Seeker_¥ñ.OBJ
 0001:00000034       __imp_@__vba@00AABEB4      00401034     Seeker_¥ñ.OBJ
 0001:00000034       __imp____vba@00AABEB4      00401034     Seeker_¥ñ.OBJ
 0001:00000038       __imp____vbaSetSystemError 00401038     Seeker_¥ñ.OBJ
 0001:00000038       __imp_@__vbaSetSystemError 00401038     Seeker_¥ñ.OBJ
 0001:0000003c       __imp____vbaHresultCheckObj 0040103c     Seeker_¥ñ.OBJ
 0001:0000003c       __imp_@__vbaHresultCheckObj 0040103c     Seeker_¥ñ.OBJ
 0001:00000040       __imp___adj_fdiv_m32       00401040     Seeker_¥ñ.OBJ
 0001:00000044       __imp____vbaBoolStr        00401044     Seeker_¥ñ.OBJ
 0001:00000044       __imp_@__vbaBoolStr        00401044     Seeker_¥ñ.OBJ
 0001:00000048       __imp____vba@00AABB98      00401048     Seeker_¥ñ.OBJ
 0001:00000048       __imp_@__vba@00AABB98      00401048     Seeker_¥ñ.OBJ
 0001:0000004c       __imp_@__vba@00AABC18      0040104c     Seeker_¥ñ.OBJ
 0001:0000004c       __imp____vba@00AABC18      0040104c     Seeker_¥ñ.OBJ
 0001:00000050       __imp____vbaObjSet         00401050     Seeker_¥ñ.OBJ
 0001:00000050       __imp_@__vbaObjSet         00401050     Seeker_¥ñ.OBJ
 0001:00000054       __imp___adj_fdiv_m16i      00401054     Seeker_¥ñ.OBJ
 0001:00000058       __imp___adj_fdivr_m16i     00401058     Seeker_¥ñ.OBJ
 0001:0000005c       __imp____vba@06B521B0      0040105c     Seeker_¥ñ.OBJ
 0001:0000005c       __imp_@__vba@06B521B0      0040105c     Seeker_¥ñ.OBJ
 0001:00000060       __imp____vbaFpR4           00401060     Seeker_¥ñ.OBJ
 0001:00000060       __imp_@__vbaFpR4           00401060     Seeker_¥ñ.OBJ
 0001:00000064       __imp_@__vbaBoolVarNull    00401064     Seeker_¥ñ.OBJ
 0001:00000064       __imp____vbaBoolVarNull    00401064     Seeker_¥ñ.OBJ
 0001:00000068       __imp_@__vbaFpR8           00401068     Seeker_¥ñ.OBJ
 0001:00000068       __imp____vbaFpR8           00401068     Seeker_¥ñ.OBJ
 0001:0000006c       __imp___CIsin              0040106c     Seeker_¥ñ.OBJ
 0001:00000070       __imp____vbaChkstk         00401070     Seeker_¥ñ.OBJ
 0001:00000078       __imp____vbaGenerateBoundsError 00401078     Seeker_¥ñ.OBJ
 0001:00000078       __imp_@__vbaGenerateBoundsError 00401078     Seeker_¥ñ.OBJ
 0001:00000080       __imp____vbaCastObjVar     00401080     Seeker_¥ñ.OBJ
 0001:00000080       __imp_@__vbaCastObjVar     00401080     Seeker_¥ñ.OBJ
 0001:00000084       __imp___adj_fpatan         00401084     Seeker_¥ñ.OBJ
 0001:00000088       __imp____vbaLateIdCallLd   00401088     Seeker_¥ñ.OBJ
 0001:00000088       __imp_@__vbaLateIdCallLd   00401088     Seeker_¥ñ.OBJ
 0001:00000090       __imp___CIsqrt             00401090     Seeker_¥ñ.OBJ
 0001:00000098       __imp____vbaExceptHandler  00401098     Seeker_¥ñ.OBJ
 0001:0000009c       __imp___adj_fprem          0040109c     Seeker_¥ñ.OBJ
 0001:000000a0       __imp___adj_fdivr_m64      004010a0     Seeker_¥ñ.OBJ
 0001:000000a4       __imp_@__vbaI2Str          004010a4     Seeker_¥ñ.OBJ
 0001:000000a4       __imp____vbaI2Str          004010a4     Seeker_¥ñ.OBJ
 0001:000000a8       __imp____vbaFPException    004010a8     Seeker_¥ñ.OBJ
 0001:000000ac       __imp___CIlog              004010ac     Seeker_¥ñ.OBJ
 0001:000000b0       __imp____vbaErrorOverflow  004010b0     Seeker_¥ñ.OBJ
 0001:000000b0       __imp_@__vbaErrorOverflow  004010b0     Seeker_¥ñ.OBJ
 0001:000000b4       __imp_@__vbaNew2           004010b4     Seeker_¥ñ.OBJ
 0001:000000b4       __imp____vbaNew2           004010b4     Seeker_¥ñ.OBJ
 0001:000000b8       __imp___adj_fdiv_m32i      004010b8     Seeker_¥ñ.OBJ
 0001:000000bc       __imp___adj_fdivr_m32i     004010bc     Seeker_¥ñ.OBJ
 0001:000000c0       __imp____vbaFreeStrList    004010c0     Seeker_¥ñ.OBJ
 0001:000000c0       __imp_@__vbaFreeStrList    004010c0     Seeker_¥ñ.OBJ
 0001:000000c4       __imp___adj_fdivr_m32      004010c4     Seeker_¥ñ.OBJ
 0001:000000c8       __imp____vbaPowerR8        004010c8     Seeker_¥ñ.OBJ
 0001:000000c8       __imp_@__vbaPowerR8        004010c8     Seeker_¥ñ.OBJ
 0001:000000cc       __imp___adj_fdiv_r         004010cc     Seeker_¥ñ.OBJ
 0001:000000d4       __imp____vbaVarTstNe       004010d4     Seeker_¥ñ.OBJ
 0001:000000d4       __imp_@__vbaVarTstNe       004010d4     Seeker_¥ñ.OBJ
 0001:000000d8       __imp____vba@06B52414      004010d8     Seeker_¥ñ.OBJ
 0001:000000d8       __imp_@__vba@06B52414      004010d8     Seeker_¥ñ.OBJ
 0001:000000dc       __imp____vbaVarDup         004010dc     Seeker_¥ñ.OBJ
 0001:000000dc       __imp_@__vbaVarDup         004010dc     Seeker_¥ñ.OBJ
 0001:000000e0       __imp_@__vbaFpI2           004010e0     Seeker_¥ñ.OBJ
 0001:000000e0       __imp____vbaFpI2           004010e0     Seeker_¥ñ.OBJ
 0001:000000e4       __imp____vbaFpI4           004010e4     Seeker_¥ñ.OBJ
 0001:000000e4       __imp_@__vbaFpI4           004010e4     Seeker_¥ñ.OBJ
 0001:000000e8       __imp____vbaR8IntI2        004010e8     Seeker_¥ñ.OBJ
 0001:000000e8       __imp_@__vbaR8IntI2        004010e8     Seeker_¥ñ.OBJ
 0001:000000ec       __imp___CIatan             004010ec     Seeker_¥ñ.OBJ
 0001:000000f0       __imp_@__vbaStrMove        004010f0     Seeker_¥ñ.OBJ
 0001:000000f0       __imp____vbaStrMove        004010f0     Seeker_¥ñ.OBJ
 0001:000000f4       __imp____vbaR8IntI4        004010f4     Seeker_¥ñ.OBJ
 0001:000000f4       __imp_@__vbaR8IntI4        004010f4     Seeker_¥ñ.OBJ
 0001:000000f8       __imp___allmul             004010f8     Seeker_¥ñ.OBJ
 0001:000000fc       __imp___CItan              004010fc     Seeker_¥ñ.OBJ
 0001:00000100       __imp____vba@00AABB14      00401100     Seeker_¥ñ.OBJ
 0001:00000100       __imp_@__vba@00AABB14      00401100     Seeker_¥ñ.OBJ
 0001:00000104       __imp____vbaFPInt          00401104     Seeker_¥ñ.OBJ
 0001:00000104       __imp_@__vbaFPInt          00401104     Seeker_¥ñ.OBJ
 0001:00000108       __imp___CIexp              00401108     Seeker_¥ñ.OBJ
 0001:0000010c       __imp____vbaFreeObj        0040110c     Seeker_¥ñ.OBJ
 0001:0000010c       __imp_@__vbaFreeObj        0040110c     Seeker_¥ñ.OBJ
 0001:00000138       __real@4@4004c800000000000000 00401138     fMain.OBJ
 0001:0000013c       __real@4@4004f000000000000000 0040113c     fMain.OBJ
 0001:00000158       __real@8@3fffc000000000000000 00401158     bMain.OBJ
 0001:00000160       __real@8@4000c000000000000000 00401160     bMain.OBJ
 0001:00000168       __real@8@40008000000000000000 00401168     bMain.OBJ
 0001:00000170       __real@4@4005c800000000000000 00401170     bMain.OBJ
 0001:00000174       __real@4@4001a000000000000000 00401174     bMain.OBJ
 0001:00000178       __real@4@3fff8000000000000000 00401178     bMain.OBJ
 0001:0000017c       __real@4@4000c000000000000000 0040117c     bMain.OBJ
 0001:000001c0       __real@8@400782c0000000000000 004011c0     bBlt.OBJ
 0001:000001c8       __real@8@40028000000000000000 004011c8     bBlt.OBJ
 0001:000001d0       __real@8@4001e000000000000000 004011d0     bBlt.OBJ
 0001:000001e8       __real@4@4002a000000000000000 004011e8     bSet.OBJ
 0001:00000230       VB@TEXT                    00401230     Seeker_¥ñ.OBJ
 0001:00000230       ___vbaChkstk               00401230     Seeker_¥ñ.OBJ
 0001:00000236       ___vbaExceptHandler        00401236     Seeker_¥ñ.OBJ
 0001:0000023c       ___vbaFPException          0040123c     Seeker_¥ñ.OBJ
 0001:00000242       __adj_fdiv_m16i            00401242     Seeker_¥ñ.OBJ
 0001:00000248       __adj_fdiv_m32             00401248     Seeker_¥ñ.OBJ
 0001:0000024e       __adj_fdiv_m32i            0040124e     Seeker_¥ñ.OBJ
 0001:00000254       __adj_fdiv_m64             00401254     Seeker_¥ñ.OBJ
 0001:0000025a       __adj_fdiv_r               0040125a     Seeker_¥ñ.OBJ
 0001:00000260       __adj_fdivr_m16i           00401260     Seeker_¥ñ.OBJ
 0001:00000266       __adj_fdivr_m32            00401266     Seeker_¥ñ.OBJ
 0001:0000026c       __adj_fdivr_m32i           0040126c     Seeker_¥ñ.OBJ
 0001:00000272       __adj_fdivr_m64            00401272     Seeker_¥ñ.OBJ
 0001:00000278       __adj_fpatan               00401278     Seeker_¥ñ.OBJ
 0001:0000027e       __adj_fprem                0040127e     Seeker_¥ñ.OBJ
 0001:00000284       __adj_fprem1               00401284     Seeker_¥ñ.OBJ
 0001:0000028a       __adj_fptan                0040128a     Seeker_¥ñ.OBJ
 0001:00000290       __CIatan                   00401290     Seeker_¥ñ.OBJ
 0001:00000296       __CIcos                    00401296     Seeker_¥ñ.OBJ
 0001:0000029c       __CIexp                    0040129c     Seeker_¥ñ.OBJ
 0001:000002a2       __CIlog                    004012a2     Seeker_¥ñ.OBJ
 0001:000002a8       __CIsin                    004012a8     Seeker_¥ñ.OBJ
 0001:000002ae       __CIsqrt                   004012ae     Seeker_¥ñ.OBJ
 0001:000002b4       __CItan                    004012b4     Seeker_¥ñ.OBJ
 0001:000002ba       __allmul                   004012ba     Seeker_¥ñ.OBJ
 0001:000002c6       ___vbaFpR4                 004012c6     Seeker_¥ñ.OBJ
 0001:000002c6       @__vbaFpR4                 004012c6     Seeker_¥ñ.OBJ
 0001:000002cc       ___vbaNew2                 004012cc     Seeker_¥ñ.OBJ
 0001:000002cc       @__vbaNew2                 004012cc     Seeker_¥ñ.OBJ
 0001:000002d2       ___vbaEnd                  004012d2     Seeker_¥ñ.OBJ
 0001:000002d2       @__vbaEnd                  004012d2     Seeker_¥ñ.OBJ
 0001:000002d8       @__vbaErrorOverflow        004012d8     Seeker_¥ñ.OBJ
 0001:000002d8       ___vbaErrorOverflow        004012d8     Seeker_¥ñ.OBJ
 0001:000002de       @__vbaHresultCheckObj      004012de     Seeker_¥ñ.OBJ
 0001:000002de       ___vbaHresultCheckObj      004012de     Seeker_¥ñ.OBJ
 0001:000002e4       ___vbaGenerateBoundsError  004012e4     Seeker_¥ñ.OBJ
 0001:000002e4       @__vbaGenerateBoundsError  004012e4     Seeker_¥ñ.OBJ
 0001:000002ea       ___vbaFreeObjList          004012ea     Seeker_¥ñ.OBJ
 0001:000002ea       @__vbaFreeObjList          004012ea     Seeker_¥ñ.OBJ
 0001:000002f0       @__vbaFreeStrList          004012f0     Seeker_¥ñ.OBJ
 0001:000002f0       ___vbaFreeStrList          004012f0     Seeker_¥ñ.OBJ
 0001:000002f6       ___vbaStrI2                004012f6     Seeker_¥ñ.OBJ
 0001:000002f6       @__vbaStrI2                004012f6     Seeker_¥ñ.OBJ
 0001:000002fc       @__vbaStrCat               004012fc     Seeker_¥ñ.OBJ
 0001:000002fc       ___vbaStrCat               004012fc     Seeker_¥ñ.OBJ
 0001:00000302       @__vbaStrVarMove           00401302     Seeker_¥ñ.OBJ
 0001:00000302       ___vbaStrVarMove           00401302     Seeker_¥ñ.OBJ
 0001:00000308       @__vbaStrMove              00401308     Seeker_¥ñ.OBJ
 0001:00000308       ___vbaStrMove              00401308     Seeker_¥ñ.OBJ
 0001:0000030e       ___vbaFreeVarList          0040130e     Seeker_¥ñ.OBJ
 0001:0000030e       @__vbaFreeVarList          0040130e     Seeker_¥ñ.OBJ
 0001:00000314       ___vbaVarDup               00401314     Seeker_¥ñ.OBJ
 0001:00000314       @__vbaVarDup               00401314     Seeker_¥ñ.OBJ
 0001:0000031a       @__vba@00AABEB4            0040131a     Seeker_¥ñ.OBJ
 0001:0000031a       ___vba@00AABEB4            0040131a     Seeker_¥ñ.OBJ
 0001:00000320       @__vbaVarTstNe             00401320     Seeker_¥ñ.OBJ
 0001:00000320       ___vbaVarTstNe             00401320     Seeker_¥ñ.OBJ
 0001:00000326       @__vba@00AABB14            00401326     Seeker_¥ñ.OBJ
 0001:00000326       ___vba@00AABB14            00401326     Seeker_¥ñ.OBJ
 0001:0000032c       ___vbaVarMove              0040132c     Seeker_¥ñ.OBJ
 0001:0000032c       @__vbaVarMove              0040132c     Seeker_¥ñ.OBJ
 0001:00000332       ___vba@00AABB98            00401332     Seeker_¥ñ.OBJ
 0001:00000332       @__vba@00AABB98            00401332     Seeker_¥ñ.OBJ
 0001:00000338       ___vbaFPInt                00401338     Seeker_¥ñ.OBJ
 0001:00000338       @__vbaFPInt                00401338     Seeker_¥ñ.OBJ
 0001:0000033e       ___vba@00AABC18            0040133e     Seeker_¥ñ.OBJ
 0001:0000033e       @__vba@00AABC18            0040133e     Seeker_¥ñ.OBJ
 0001:00000344       ___vbaFpI2                 00401344     Seeker_¥ñ.OBJ
 0001:00000344       @__vbaFpI2                 00401344     Seeker_¥ñ.OBJ
 0001:0000034a       @__vbaPowerR8              0040134a     Seeker_¥ñ.OBJ
 0001:0000034a       ___vbaPowerR8              0040134a     Seeker_¥ñ.OBJ
 0001:00000350       @__vbaFpR8                 00401350     Seeker_¥ñ.OBJ
 0001:00000350       ___vbaFpR8                 00401350     Seeker_¥ñ.OBJ
 0001:00000356       @__vbaFreeVar              00401356     Seeker_¥ñ.OBJ
 0001:00000356       ___vbaFreeVar              00401356     Seeker_¥ñ.OBJ
 0001:0000035c       @__vbaBoolVarNull          0040135c     Seeker_¥ñ.OBJ
 0001:0000035c       ___vbaBoolVarNull          0040135c     Seeker_¥ñ.OBJ
 0001:00000362       @__vba@06B521B0            00401362     Seeker_¥ñ.OBJ
 0001:00000362       ___vba@06B521B0            00401362     Seeker_¥ñ.OBJ
 0001:00000368       ___vbaSetSystemError       00401368     Seeker_¥ñ.OBJ
 0001:00000368       @__vbaSetSystemError       00401368     Seeker_¥ñ.OBJ
 0001:0000036e       ___vbaFpI4                 0040136e     Seeker_¥ñ.OBJ
 0001:0000036e       @__vbaFpI4                 0040136e     Seeker_¥ñ.OBJ
 0001:00000374       @__vbaR8IntI4              00401374     Seeker_¥ñ.OBJ
 0001:00000374       ___vbaR8IntI4              00401374     Seeker_¥ñ.OBJ
 0001:0000037a       ___vbaObjSet               0040137a     Seeker_¥ñ.OBJ
 0001:0000037a       @__vbaObjSet               0040137a     Seeker_¥ñ.OBJ
 0001:00000380       ___vbaI2Str                00401380     Seeker_¥ñ.OBJ
 0001:00000380       @__vbaI2Str                00401380     Seeker_¥ñ.OBJ
 0001:00000386       ___vbaLateIdCallLd         00401386     Seeker_¥ñ.OBJ
 0001:00000386       @__vbaLateIdCallLd         00401386     Seeker_¥ñ.OBJ
 0001:0000038c       @__vbaCastObjVar           0040138c     Seeker_¥ñ.OBJ
 0001:0000038c       ___vbaCastObjVar           0040138c     Seeker_¥ñ.OBJ
 0001:00000392       @__vba@06B52390            00401392     Seeker_¥ñ.OBJ
 0001:00000392       ___vba@06B52390            00401392     Seeker_¥ñ.OBJ
 0001:00000398       @__vbaFreeObj              00401398     Seeker_¥ñ.OBJ
 0001:00000398       ___vbaFreeObj              00401398     Seeker_¥ñ.OBJ
 0001:0000039e       ___vba@06B52414            0040139e     Seeker_¥ñ.OBJ
 0001:0000039e       @__vba@06B52414            0040139e     Seeker_¥ñ.OBJ
 0001:000003a4       ___vbaBoolStr              004013a4     Seeker_¥ñ.OBJ
 0001:000003a4       @__vbaBoolStr              004013a4     Seeker_¥ñ.OBJ
 0001:000003aa       @__vbaR8IntI2              004013aa     Seeker_¥ñ.OBJ
 0001:000003aa       ___vbaR8IntI2              004013aa     Seeker_¥ñ.OBJ
 0001:000003c8       ___vbaS                    004013c8     Seeker_¥ñ.OBJ
 0001:00022d80       ___vba@00AAC5A4            00423d80     Seeker_¥ñ.OBJ
 0001:00022db8       ___vba@00AAE3D4            00423db8     Seeker_¥ñ.OBJ
 0001:00022df4       ___vba@00AAEC74            00423df4     Seeker_¥ñ.OBJ
 0001:0002329c       ___vba@00AAE824            0042429c     Seeker_¥ñ.OBJ
 0001:000236d0       ___vba@00B0B754            004246d0     Seeker_¥ñ.OBJ
 0001:000237f8       ___vba@00B0B7AC            004247f8     Seeker_¥ñ.OBJ
 0001:000237fc       ___vba@00B0B7B4            004247fc     Seeker_¥ñ.OBJ
 0001:00023808       ___vba@00B0B7C4            00424808     Seeker_¥ñ.OBJ
 0001:00023810       ___vba@00B0B7D0            00424810     Seeker_¥ñ.OBJ
 0001:00023818       ___vba@00B0B7DC            00424818     Seeker_¥ñ.OBJ
 0001:00023820       ___vba@00B0B7E8            00424820     Seeker_¥ñ.OBJ
 0001:00023828       ___vba@00B0B7F4            00424828     Seeker_¥ñ.OBJ
 0001:00023838       ___vba@00B0B808            00424838     Seeker_¥ñ.OBJ
 0001:00023848       ___vba@00B0B81C            00424848     Seeker_¥ñ.OBJ
 0001:00023858       ___vba@00B0B830            00424858     Seeker_¥ñ.OBJ
 0001:00023868       ___vba@00B0B844            00424868     Seeker_¥ñ.OBJ
 0001:00023878       ___vba@00B0B858            00424878     Seeker_¥ñ.OBJ
 0001:00023880       ___vba@00B0B864            00424880     Seeker_¥ñ.OBJ
 0001:00023890       ___vba@00B0B878            00424890     Seeker_¥ñ.OBJ
 0001:000238cc       ___vba@00B0B8B8            004248cc     Seeker_¥ñ.OBJ
 0001:000238d0       ___vba@00B0B8C0            004248d0     Seeker_¥ñ.OBJ
 0001:000238f8       ___vba@00B0B8EC            004248f8     Seeker_¥ñ.OBJ
 0001:00023908       ___vba@00B0B900            00424908     Seeker_¥ñ.OBJ
 0001:00023910       ___vba@00B0B90C            00424910     Seeker_¥ñ.OBJ
 0001:00023920       ___vba@00B0B920            00424920     Seeker_¥ñ.OBJ
 0001:0002392c       ___vba@00B0B930            0042492c     Seeker_¥ñ.OBJ
 0001:00023934       ___vba@00B0B93C            00424934     Seeker_¥ñ.OBJ
 0001:0002393c       ___vba@00AADF84            0042493c     Seeker_¥ñ.OBJ
 0001:0002394c       ___vba@00AADF98            0042494c     Seeker_¥ñ.OBJ
 0001:00023958       ___vba@00AADFA8            00424958     Seeker_¥ñ.OBJ
 0001:00023964       ___vba@00AADFB8            00424964     Seeker_¥ñ.OBJ
 0001:00023970       ___vba@00AADFC8            00424970     Seeker_¥ñ.OBJ
 0001:0002397c       ___vba@00AADFD8            0042497c     Seeker_¥ñ.OBJ
 0001:00023a60       ___vba@00AAE0BC            00424a60     Seeker_¥ñ.OBJ
 0001:00023a70       ___vba@00AAE0D0            00424a70     Seeker_¥ñ.OBJ
 0001:00023a98       ___vba@00AAE0E8            00424a98     Seeker_¥ñ.OBJ
 0001:00023ab4       ___vba@00AAE120            00424ab4     Seeker_¥ñ.OBJ
 0001:00023ac4       ___vba@00AAE134            00424ac4     Seeker_¥ñ.OBJ
 0001:00023ad0       ___vba@00AAE144            00424ad0     Seeker_¥ñ.OBJ
 0001:00023adc       ___vba@00AACE7C            00424adc     Seeker_¥ñ.OBJ
 0001:00023ae8       ___vba@00AACEC4            00424ae8     Seeker_¥ñ.OBJ
 0001:00023af4       ___vba@00AACF0C            00424af4     Seeker_¥ñ.OBJ
 0001:00023b08       ___vba@00AACF5C            00424b08     Seeker_¥ñ.OBJ
 0001:00023b20       ___vba@00AACFB0            00424b20     Seeker_¥ñ.OBJ
 0001:00023b40       ___vba@00AAD008            00424b40     Seeker_¥ñ.OBJ
 0001:00023b4c       ___vba@00AAD018            00424b4c     Seeker_¥ñ.OBJ
 0001:00023b6c       ___vba@00AAB23C            00424b6c     Seeker_¥ñ.OBJ
 0001:00023b88       ___vba@00AAB274            00424b88     Seeker_¥ñ.OBJ
 0001:00023b98       ___vba@00AAB284            00424b98     Seeker_¥ñ.OBJ
 0001:00023ba8       ___vba@00AAB298            00424ba8     Seeker_¥ñ.OBJ
 0001:00023bb0       ___vba@00AAB2A4            00424bb0     Seeker_¥ñ.OBJ
 0001:00023bbc       ___vba@00AAB2B4            00424bbc     Seeker_¥ñ.OBJ
 0001:00023bd4       ___vba@00AAB2D4            00424bd4     Seeker_¥ñ.OBJ
 0001:00023be4       ___vba@00AAB2E8            00424be4     Seeker_¥ñ.OBJ
 0001:00023bf4       ___vba@00AAB2FC            00424bf4     Seeker_¥ñ.OBJ
 0001:00023c04       ___vba@00AAB310            00424c04     Seeker_¥ñ.OBJ
 0001:00023c18       ___vba@00AAB324            00424c18     Seeker_¥ñ.OBJ
 0001:00023c20       ___vba@00AAB330            00424c20     Seeker_¥ñ.OBJ
 0001:00023c2c       ___vba@00AAB340            00424c2c     Seeker_¥ñ.OBJ
 0001:00023c34       ___vba@00AAB350            00424c34     Seeker_¥ñ.OBJ
 0001:00023c48       ___vba@00AAB3A0            00424c48     Seeker_¥ñ.OBJ
 0001:00023c64       ___vba@00AAB3FC            00424c64     Seeker_¥ñ.OBJ
 0001:00023c70       ___vba@00AABD3C            00424c70     Seeker_¥ñ.OBJ
 0001:00023c7c       ___vba@00AABD84            00424c7c     Seeker_¥ñ.OBJ
 0001:00023c8c       ___vba@00AABDD0            00424c8c     Seeker_¥ñ.OBJ
 0001:00023c9c       ___vba@00AABE1C            00424c9c     Seeker_¥ñ.OBJ
 0001:00023cb0       ___vba@00AABE6C            00424cb0     Seeker_¥ñ.OBJ
 0001:00023cbc       ___vba@00AABEEC            00424cbc     Seeker_¥ñ.OBJ
 0001:00023cd0       ___vba@00AABB4C            00424cd0     Seeker_¥ñ.OBJ
 0001:00023ce0       ___vba@00AABBD0            00424ce0     Seeker_¥ñ.OBJ
 0001:00023cec       ___vba@00AABC50            00424cec     Seeker_¥ñ.OBJ
 0001:00023cf8       ___vba@00AABC98            00424cf8     Seeker_¥ñ.OBJ
 0001:00023d0c       ___vba@00AABCAC            00424d0c     Seeker_¥ñ.OBJ
 0001:00023d14       ___vba@00AABCBC            00424d14     Seeker_¥ñ.OBJ
 0001:00023d20       ___vba@06B520CC            00424d20     Seeker_¥ñ.OBJ
 0001:00023d2c       ___vba@06B52114            00424d2c     Seeker_¥ñ.OBJ
 0001:00023d3c       ___vba@06B52160            00424d3c     Seeker_¥ñ.OBJ
 0001:00023d50       ___vba@06B521E8            00424d50     Seeker_¥ñ.OBJ
 0001:00023d64       ___vba@06B52238            00424d64     Seeker_¥ñ.OBJ
 0001:00023d74       ___vba@06B5224C            00424d74     Seeker_¥ñ.OBJ
 0001:00023d84       ___vba@06B52260            00424d84     Seeker_¥ñ.OBJ
 0001:00023d90       ___vba@06B52270            00424d90     Seeker_¥ñ.OBJ
 0001:00023da4       ___vba@06B52284            00424da4     Seeker_¥ñ.OBJ
 0001:00023dac       ___vba@06B5182C            00424dac     Seeker_¥ñ.OBJ
 0001:00023dbc       ___vba@06B51878            00424dbc     Seeker_¥ñ.OBJ
 0001:00023dc8       ___vba@06B518C0            00424dc8     Seeker_¥ñ.OBJ
 0001:00023de4       ___vba@06B518DC            00424de4     Seeker_¥ñ.OBJ
 0001:00023df0       ___vba@06B518EC            00424df0     Seeker_¥ñ.OBJ
 0001:00023e00       ___vba@06B51900            00424e00     Seeker_¥ñ.OBJ
 0001:00023e08       ___vba@06B5190C            00424e08     Seeker_¥ñ.OBJ
 0001:00023e14       ___vba@06B5191C            00424e14     Seeker_¥ñ.OBJ
 0001:00023e20       ___vba@06B5192C            00424e20     Seeker_¥ñ.OBJ
 0001:00023e2c       ___vba@06B5193C            00424e2c     Seeker_¥ñ.OBJ
 0001:00023e38       ___vba@06B5194C            00424e38     Seeker_¥ñ.OBJ
 0001:00023e44       ___vba@06B5195C            00424e44     Seeker_¥ñ.OBJ
 0001:00023e50       ___vba@06B5196C            00424e50     Seeker_¥ñ.OBJ
 0001:00023e5c       ___vba@06B5197C            00424e5c     Seeker_¥ñ.OBJ
 0001:00023e68       ___vba@06B5198C            00424e68     Seeker_¥ñ.OBJ
 0001:00023e74       ___vba@06B5199C            00424e74     Seeker_¥ñ.OBJ
 0001:00023e80       ___vba@06B519AC            00424e80     Seeker_¥ñ.OBJ
 0001:00023e8c       ___vba@06B519BC            00424e8c     Seeker_¥ñ.OBJ
 0001:00023e98       ___vba@06B519CC            00424e98     Seeker_¥ñ.OBJ
 0001:00023ea0       ___vba@06B519DC            00424ea0     Seeker_¥ñ.OBJ
 0001:00023eb4       ___vba@06B522F4            00424eb4     Seeker_¥ñ.OBJ
 0001:00023ec8       ___vba@06B52344            00424ec8     Seeker_¥ñ.OBJ
 0001:00023ed8       ___vba@06B523C8            00424ed8     Seeker_¥ñ.OBJ
 0001:00023ee8       ___vba@06B5244C            00424ee8     Seeker_¥ñ.OBJ
 0001:00023ef8       ___vba@06B52498            00424ef8     Seeker_¥ñ.OBJ
 0001:00023f50       ___vba@00AAC154            00424f50     Seeker_¥ñ.OBJ
 0001:00023f90       ___vba@00B109A4            00424f90     Seeker_¥ñ.OBJ
 0001:00023fb8       ___vba@00B109D0            00424fb8     Seeker_¥ñ.OBJ
 0001:00023fc4       ___vba@00B109E0            00424fc4     Seeker_¥ñ.OBJ
 0001:00023fd0       ___vba@00B109F0            00424fd0     Seeker_¥ñ.OBJ
 0001:00023fe0       VB@BTXT                    00424fe0     Seeker_¥ñ.OBJ
 0001:00023fe4       ?Form_KeyDown@fMain@@AAGXXZ 00424fe4 f   fMain.OBJ
 0001:00024088       ?Form_KeyUp@fMain@@AAGXXZ  00425088 f   fMain.OBJ
 0001:0002411b       ?Form_Load@fMain@@AAGXXZ   0042511b f   fMain.OBJ
 0001:00024206       ?Form_Unload@fMain@@AAGXXZ 00425206 f   fMain.OBJ
 0001:00024272       ?CheckKeyPress@fMain@@AAGXXZ 00425272 f   fMain.OBJ
 0001:00024617       ?MainLoop@bMain@@AAGXXZ    00425617 f   bMain.OBJ
 0001:0002474f       ?CheckDeath@bMain@@AAGXXZ  0042574f f   bMain.OBJ
 0001:000248b0       ?ResetM@bMain@@AAGXXZ      004258b0 f   bMain.OBJ
 0001:000249aa       ?MatchMis@bMain@@AAGXXZ    004259aa f   bMain.OBJ
 0001:00024b2c       ?CheckDelayE@bMain@@AAGXXZ 00425b2c f   bMain.OBJ
 0001:00024b9c       ?E_Shot@bMain@@AAGXXZ      00425b9c f   bMain.OBJ
 0001:00024f39       ?CheckDelayM@bMain@@AAGXXZ 00425f39 f   bMain.OBJ
 0001:00025124       ?MisShot@bMain@@AAGXXZ     00426124 f   bMain.OBJ
 0001:000251bf       ?GoE@bMain@@AAGXXZ         004261bf f   bMain.OBJ
 0001:0002540e       ?MDelay@bMain@@AAGXXZ      0042640e f   bMain.OBJ
 0001:000254ba       ?EnMoveDelay@bMain@@AAGXXZ 004264ba f   bMain.OBJ
 0001:00025566       ?CheckLogo@bMain@@AAGXXZ   00426566 f   bMain.OBJ
 0001:000255b4       ?FPScheck@bMain@@AAGXXZ    004265b4 f   bMain.OBJ
 0001:00025a90       ?MainBlt@bBlt@@AAGXXZ      00426a90 f   bBlt.OBJ
 0001:000267e5       ?NewE0@bSet@@AAGXXZ        004277e5 f   bSet.OBJ
 0001:000269a6       ?CheckInfo@bSet@@AAGXXZ    004279a6 f   bSet.OBJ
 0001:00026c22       ?SaveValue@bSet@@AAGXXZ    00427c22 f   bSet.OBJ
 0001:00027684       ?SetValue@bSet@@AAGXXZ     00428684 f   bSet.OBJ
 0001:000288f0       VB@ETXT                    004298f0     Seeker_¥ñ.OBJ
 0002:00000000       __adjust_fdiv              0042a000     VBAEXE6:natsupp.obj
 0002:00000008       VB@BSS                     0042a008     Seeker_¥ñ.OBJ
 0002:00000010       ___vba@00B107A0            0042a010     Seeker_¥ñ.OBJ
 0002:00000024       _bSet                      0042a024     Seeker_¥ñ.OBJ
 0002:0000026c       _bMain                     0042a26c     Seeker_¥ñ.OBJ
 0002:00000284       _bBlt                      0042a284     Seeker_¥ñ.OBJ
 0002:00000658       ___vba@00AAB3F0            0042a658     Seeker_¥ñ.OBJ
 0002:00000674       ___vba@05F1811C            0042a674     Seeker_¥ñ.OBJ

 entry point at        0001:000003c8

 Static symbols

