 Seeker_¥ñ

 Timestamp is 5229e1dc (Fri Sep 06 23:08:28 2013)

 Preferred load address is 00400000

 Start         Length     Name                   Class
 0001:00000000 00000134H .idata$5                CODE
 0001:00000138 00000160H .rdata                  CODE
 0001:000002a0 00023e84H .text                   CODE
 0001:00024130 00000004H .text$0                 CODE
 0001:00024134 00004d45H .text$1                 CODE
 0001:00028e80 00000004H .text$2                 CODE
 0001:00028e84 00000014H .idata$2                CODE
 0001:00028e98 00000014H .idata$3                CODE
 0001:00028eac 00000134H .idata$4                CODE
 0001:00028fe0 00000448H .idata$6                CODE
 0001:00029428 00000000H .edata                  CODE
 0002:00000000 00000004H .data                   DATA
 0002:00000008 00000d90H .bss                    DATA
 0003:00000000 00000148H .rsrc$01                DATA
 0003:00000150 000008e8H .rsrc$02                DATA

  Address         Publics by Value              Rva+Base     Lib:Object

 0001:00000000       __imp____vba@05EADEF0      00401000     Seeker_¥ñ.OBJ
 0001:00000000       __imp_@__vba@05EADEF0      00401000     Seeker_¥ñ.OBJ
 0001:00000004       __imp____vbaStrI2          00401004     Seeker_¥ñ.OBJ
 0001:00000004       __imp_@__vbaStrI2          00401004     Seeker_¥ñ.OBJ
 0001:00000008       __imp___CIcos              00401008     Seeker_¥ñ.OBJ
 0001:0000000c       __imp___adj_fptan          0040100c     Seeker_¥ñ.OBJ
 0001:00000010       __imp____vbaVarMove        00401010     Seeker_¥ñ.OBJ
 0001:00000010       __imp_@__vbaVarMove        00401010     Seeker_¥ñ.OBJ
 0001:00000014       __imp____vbaFreeVar        00401014     Seeker_¥ñ.OBJ
 0001:00000014       __imp_@__vbaFreeVar        00401014     Seeker_¥ñ.OBJ
 0001:00000018       __imp____vbaStrVarMove     00401018     Seeker_¥ñ.OBJ
 0001:00000018       __imp_@__vbaStrVarMove     00401018     Seeker_¥ñ.OBJ
 0001:0000001c       __imp____vbaFreeVarList    0040101c     Seeker_¥ñ.OBJ
 0001:0000001c       __imp_@__vbaFreeVarList    0040101c     Seeker_¥ñ.OBJ
 0001:00000020       __imp____vbaEnd            00401020     Seeker_¥ñ.OBJ
 0001:00000020       __imp_@__vbaEnd            00401020     Seeker_¥ñ.OBJ
 0001:00000024       __imp___adj_fdiv_m64       00401024     Seeker_¥ñ.OBJ
 0001:00000028       __imp____vbaFreeObjList    00401028     Seeker_¥ñ.OBJ
 0001:00000028       __imp_@__vbaFreeObjList    00401028     Seeker_¥ñ.OBJ
 0001:0000002c       __imp___adj_fprem1         0040102c     Seeker_¥ñ.OBJ
 0001:00000030       __imp____vbaStrCat         00401030     Seeker_¥ñ.OBJ
 0001:00000030       __imp_@__vbaStrCat         00401030     Seeker_¥ñ.OBJ
 0001:00000034       __imp____vba@05EAD274      00401034     Seeker_¥ñ.OBJ
 0001:00000034       __imp_@__vba@05EAD274      00401034     Seeker_¥ñ.OBJ
 0001:00000038       __imp____vbaSetSystemError 00401038     Seeker_¥ñ.OBJ
 0001:00000038       __imp_@__vbaSetSystemError 00401038     Seeker_¥ñ.OBJ
 0001:0000003c       __imp_@__vbaHresultCheckObj 0040103c     Seeker_¥ñ.OBJ
 0001:0000003c       __imp____vbaHresultCheckObj 0040103c     Seeker_¥ñ.OBJ
 0001:00000040       __imp___adj_fdiv_m32       00401040     Seeker_¥ñ.OBJ
 0001:00000044       __imp____vbaBoolStr        00401044     Seeker_¥ñ.OBJ
 0001:00000044       __imp_@__vbaBoolStr        00401044     Seeker_¥ñ.OBJ
 0001:00000048       __imp_@__vba@05EAD448      00401048     Seeker_¥ñ.OBJ
 0001:00000048       __imp____vba@05EAD448      00401048     Seeker_¥ñ.OBJ
 0001:0000004c       __imp____vba@05EAD480      0040104c     Seeker_¥ñ.OBJ
 0001:0000004c       __imp_@__vba@05EAD480      0040104c     Seeker_¥ñ.OBJ
 0001:00000050       __imp_@__vbaObjSet         00401050     Seeker_¥ñ.OBJ
 0001:00000050       __imp____vbaObjSet         00401050     Seeker_¥ñ.OBJ
 0001:00000054       __imp___adj_fdiv_m16i      00401054     Seeker_¥ñ.OBJ
 0001:00000058       __imp___adj_fdivr_m16i     00401058     Seeker_¥ñ.OBJ
 0001:0000005c       __imp_@__vba@05EAD630      0040105c     Seeker_¥ñ.OBJ
 0001:0000005c       __imp____vba@05EAD630      0040105c     Seeker_¥ñ.OBJ
 0001:00000060       __imp____vbaFpR4           00401060     Seeker_¥ñ.OBJ
 0001:00000060       __imp_@__vbaFpR4           00401060     Seeker_¥ñ.OBJ
 0001:00000064       __imp____vbaBoolVarNull    00401064     Seeker_¥ñ.OBJ
 0001:00000064       __imp_@__vbaBoolVarNull    00401064     Seeker_¥ñ.OBJ
 0001:00000068       __imp____vbaFpR8           00401068     Seeker_¥ñ.OBJ
 0001:00000068       __imp_@__vbaFpR8           00401068     Seeker_¥ñ.OBJ
 0001:0000006c       __imp___CIsin              0040106c     Seeker_¥ñ.OBJ
 0001:00000070       __imp____vbaChkstk         00401070     Seeker_¥ñ.OBJ
 0001:00000078       __imp____vbaGenerateBoundsError 00401078     Seeker_¥ñ.OBJ
 0001:00000078       __imp_@__vbaGenerateBoundsError 00401078     Seeker_¥ñ.OBJ
 0001:00000080       __imp____vbaCastObjVar     00401080     Seeker_¥ñ.OBJ
 0001:00000080       __imp_@__vbaCastObjVar     00401080     Seeker_¥ñ.OBJ
 0001:00000084       __imp___adj_fpatan         00401084     Seeker_¥ñ.OBJ
 0001:00000088       __imp_@__vbaLateIdCallLd   00401088     Seeker_¥ñ.OBJ
 0001:00000088       __imp____vbaLateIdCallLd   00401088     Seeker_¥ñ.OBJ
 0001:0000008c       __imp____vbaStrR8          0040108c     Seeker_¥ñ.OBJ
 0001:0000008c       __imp_@__vbaStrR8          0040108c     Seeker_¥ñ.OBJ
 0001:00000094       __imp___CIsqrt             00401094     Seeker_¥ñ.OBJ
 0001:0000009c       __imp____vbaExceptHandler  0040109c     Seeker_¥ñ.OBJ
 0001:000000a0       __imp____vbaStrToUnicode   004010a0     Seeker_¥ñ.OBJ
 0001:000000a0       __imp_@__vbaStrToUnicode   004010a0     Seeker_¥ñ.OBJ
 0001:000000a4       __imp___adj_fprem          004010a4     Seeker_¥ñ.OBJ
 0001:000000a8       __imp___adj_fdivr_m64      004010a8     Seeker_¥ñ.OBJ
 0001:000000ac       __imp____vbaI2Str          004010ac     Seeker_¥ñ.OBJ
 0001:000000ac       __imp_@__vbaI2Str          004010ac     Seeker_¥ñ.OBJ
 0001:000000b0       __imp____vbaFPException    004010b0     Seeker_¥ñ.OBJ
 0001:000000b4       __imp____vba@05EADA30      004010b4     Seeker_¥ñ.OBJ
 0001:000000b4       __imp_@__vba@05EADA30      004010b4     Seeker_¥ñ.OBJ
 0001:000000b8       __imp___CIlog              004010b8     Seeker_¥ñ.OBJ
 0001:000000bc       __imp_@__vbaErrorOverflow  004010bc     Seeker_¥ñ.OBJ
 0001:000000bc       __imp____vbaErrorOverflow  004010bc     Seeker_¥ñ.OBJ
 0001:000000c0       __imp_@__vbaNew2           004010c0     Seeker_¥ñ.OBJ
 0001:000000c0       __imp____vbaNew2           004010c0     Seeker_¥ñ.OBJ
 0001:000000c4       __imp___adj_fdiv_m32i      004010c4     Seeker_¥ñ.OBJ
 0001:000000c8       __imp___adj_fdivr_m32i     004010c8     Seeker_¥ñ.OBJ
 0001:000000cc       __imp_@__vbaStrCopy        004010cc     Seeker_¥ñ.OBJ
 0001:000000cc       __imp____vbaStrCopy        004010cc     Seeker_¥ñ.OBJ
 0001:000000d0       __imp_@__vbaFreeStrList    004010d0     Seeker_¥ñ.OBJ
 0001:000000d0       __imp____vbaFreeStrList    004010d0     Seeker_¥ñ.OBJ
 0001:000000d4       __imp___adj_fdivr_m32      004010d4     Seeker_¥ñ.OBJ
 0001:000000d8       __imp____vbaPowerR8        004010d8     Seeker_¥ñ.OBJ
 0001:000000d8       __imp_@__vbaPowerR8        004010d8     Seeker_¥ñ.OBJ
 0001:000000dc       __imp___adj_fdiv_r         004010dc     Seeker_¥ñ.OBJ
 0001:000000e4       __imp_@__vbaVarTstNe       004010e4     Seeker_¥ñ.OBJ
 0001:000000e4       __imp____vbaVarTstNe       004010e4     Seeker_¥ñ.OBJ
 0001:000000e8       __imp_@__vbaI4Var          004010e8     Seeker_¥ñ.OBJ
 0001:000000e8       __imp____vbaI4Var          004010e8     Seeker_¥ñ.OBJ
 0001:000000ec       __imp_@__vba@05EADF74      004010ec     Seeker_¥ñ.OBJ
 0001:000000ec       __imp____vba@05EADF74      004010ec     Seeker_¥ñ.OBJ
 0001:000000f0       __imp_@__vbaStrToAnsi      004010f0     Seeker_¥ñ.OBJ
 0001:000000f0       __imp____vbaStrToAnsi      004010f0     Seeker_¥ñ.OBJ
 0001:000000f4       __imp_@__vbaVarDup         004010f4     Seeker_¥ñ.OBJ
 0001:000000f4       __imp____vbaVarDup         004010f4     Seeker_¥ñ.OBJ
 0001:000000f8       __imp_@__vbaFpI2           004010f8     Seeker_¥ñ.OBJ
 0001:000000f8       __imp____vbaFpI2           004010f8     Seeker_¥ñ.OBJ
 0001:000000fc       __imp_@__vbaFpI4           004010fc     Seeker_¥ñ.OBJ
 0001:000000fc       __imp____vbaFpI4           004010fc     Seeker_¥ñ.OBJ
 0001:00000100       __imp____vbaR8IntI2        00401100     Seeker_¥ñ.OBJ
 0001:00000100       __imp_@__vbaR8IntI2        00401100     Seeker_¥ñ.OBJ
 0001:00000104       __imp___CIatan             00401104     Seeker_¥ñ.OBJ
 0001:00000108       __imp_@__vbaStrMove        00401108     Seeker_¥ñ.OBJ
 0001:00000108       __imp____vbaStrMove        00401108     Seeker_¥ñ.OBJ
 0001:0000010c       __imp____vbaR8IntI4        0040110c     Seeker_¥ñ.OBJ
 0001:0000010c       __imp_@__vbaR8IntI4        0040110c     Seeker_¥ñ.OBJ
 0001:00000110       __imp___allmul             00401110     Seeker_¥ñ.OBJ
 0001:00000114       __imp_@__vbaLenVarB        00401114     Seeker_¥ñ.OBJ
 0001:00000114       __imp____vbaLenVarB        00401114     Seeker_¥ñ.OBJ
 0001:00000118       __imp___CItan              00401118     Seeker_¥ñ.OBJ
 0001:0000011c       __imp_@__vba@05EAD334      0040111c     Seeker_¥ñ.OBJ
 0001:0000011c       __imp____vba@05EAD334      0040111c     Seeker_¥ñ.OBJ
 0001:00000120       __imp_@__vbaFPInt          00401120     Seeker_¥ñ.OBJ
 0001:00000120       __imp____vbaFPInt          00401120     Seeker_¥ñ.OBJ
 0001:00000124       __imp___CIexp              00401124     Seeker_¥ñ.OBJ
 0001:00000128       __imp____vbaFreeObj        00401128     Seeker_¥ñ.OBJ
 0001:00000128       __imp_@__vbaFreeObj        00401128     Seeker_¥ñ.OBJ
 0001:0000012c       __imp____vbaFreeStr        0040112c     Seeker_¥ñ.OBJ
 0001:0000012c       __imp_@__vbaFreeStr        0040112c     Seeker_¥ñ.OBJ
 0001:00000158       __real@4@4004c800000000000000 00401158     fMain.OBJ
 0001:0000015c       __real@4@4004f000000000000000 0040115c     fMain.OBJ
 0001:00000178       __real@8@3fffc000000000000000 00401178     bMain.OBJ
 0001:00000180       __real@8@3fff9999999999999800 00401180     bMain.OBJ
 0001:00000188       __real@4@4001a000000000000000 00401188     bMain.OBJ
 0001:00000190       __real@8@4000a000000000000000 00401190     bMain.OBJ
 0001:00000198       __real@8@4000c000000000000000 00401198     bMain.OBJ
 0001:000001a0       __real@8@40008000000000000000 004011a0     bMain.OBJ
 0001:000001b8       __real@4@4005c800000000000000 004011b8     bMain.OBJ
 0001:000001bc       __real@4@3fff8000000000000000 004011bc     bMain.OBJ
 0001:000001c0       __real@4@4000c000000000000000 004011c0     bMain.OBJ
 0001:00000208       __real@8@4005c800000000000000 00401208     bBlt.OBJ
 0001:00000210       __real@8@4002a000000000000000 00401210     bBlt.OBJ
 0001:00000218       __real@8@400782c0000000000000 00401218     bBlt.OBJ
 0001:00000220       __real@8@40028000000000000000 00401220     bBlt.OBJ
 0001:00000228       __real@8@4001e000000000000000 00401228     bBlt.OBJ
 0001:00000250       __real@4@40079600000000000000 00401250     bSet.OBJ
 0001:00000254       __real@4@4002a000000000000000 00401254     bSet.OBJ
 0001:000002a0       VB@TEXT                    004012a0     Seeker_¥ñ.OBJ
 0001:000002a0       ___vbaChkstk               004012a0     Seeker_¥ñ.OBJ
 0001:000002a6       ___vbaExceptHandler        004012a6     Seeker_¥ñ.OBJ
 0001:000002ac       ___vbaFPException          004012ac     Seeker_¥ñ.OBJ
 0001:000002b2       __adj_fdiv_m16i            004012b2     Seeker_¥ñ.OBJ
 0001:000002b8       __adj_fdiv_m32             004012b8     Seeker_¥ñ.OBJ
 0001:000002be       __adj_fdiv_m32i            004012be     Seeker_¥ñ.OBJ
 0001:000002c4       __adj_fdiv_m64             004012c4     Seeker_¥ñ.OBJ
 0001:000002ca       __adj_fdiv_r               004012ca     Seeker_¥ñ.OBJ
 0001:000002d0       __adj_fdivr_m16i           004012d0     Seeker_¥ñ.OBJ
 0001:000002d6       __adj_fdivr_m32            004012d6     Seeker_¥ñ.OBJ
 0001:000002dc       __adj_fdivr_m32i           004012dc     Seeker_¥ñ.OBJ
 0001:000002e2       __adj_fdivr_m64            004012e2     Seeker_¥ñ.OBJ
 0001:000002e8       __adj_fpatan               004012e8     Seeker_¥ñ.OBJ
 0001:000002ee       __adj_fprem                004012ee     Seeker_¥ñ.OBJ
 0001:000002f4       __adj_fprem1               004012f4     Seeker_¥ñ.OBJ
 0001:000002fa       __adj_fptan                004012fa     Seeker_¥ñ.OBJ
 0001:00000300       __CIatan                   00401300     Seeker_¥ñ.OBJ
 0001:00000306       __CIcos                    00401306     Seeker_¥ñ.OBJ
 0001:0000030c       __CIexp                    0040130c     Seeker_¥ñ.OBJ
 0001:00000312       __CIlog                    00401312     Seeker_¥ñ.OBJ
 0001:00000318       __CIsin                    00401318     Seeker_¥ñ.OBJ
 0001:0000031e       __CIsqrt                   0040131e     Seeker_¥ñ.OBJ
 0001:00000324       __CItan                    00401324     Seeker_¥ñ.OBJ
 0001:0000032a       __allmul                   0040132a     Seeker_¥ñ.OBJ
 0001:00000336       ___vbaFpR4                 00401336     Seeker_¥ñ.OBJ
 0001:00000336       @__vbaFpR4                 00401336     Seeker_¥ñ.OBJ
 0001:0000033c       ___vbaNew2                 0040133c     Seeker_¥ñ.OBJ
 0001:0000033c       @__vbaNew2                 0040133c     Seeker_¥ñ.OBJ
 0001:00000342       @__vbaEnd                  00401342     Seeker_¥ñ.OBJ
 0001:00000342       ___vbaEnd                  00401342     Seeker_¥ñ.OBJ
 0001:00000348       @__vbaErrorOverflow        00401348     Seeker_¥ñ.OBJ
 0001:00000348       ___vbaErrorOverflow        00401348     Seeker_¥ñ.OBJ
 0001:0000034e       ___vbaHresultCheckObj      0040134e     Seeker_¥ñ.OBJ
 0001:0000034e       @__vbaHresultCheckObj      0040134e     Seeker_¥ñ.OBJ
 0001:00000354       ___vbaGenerateBoundsError  00401354     Seeker_¥ñ.OBJ
 0001:00000354       @__vbaGenerateBoundsError  00401354     Seeker_¥ñ.OBJ
 0001:0000035a       ___vbaFreeObjList          0040135a     Seeker_¥ñ.OBJ
 0001:0000035a       @__vbaFreeObjList          0040135a     Seeker_¥ñ.OBJ
 0001:00000360       @__vbaFreeStrList          00401360     Seeker_¥ñ.OBJ
 0001:00000360       ___vbaFreeStrList          00401360     Seeker_¥ñ.OBJ
 0001:00000366       @__vbaStrI2                00401366     Seeker_¥ñ.OBJ
 0001:00000366       ___vbaStrI2                00401366     Seeker_¥ñ.OBJ
 0001:0000036c       ___vbaStrCat               0040136c     Seeker_¥ñ.OBJ
 0001:0000036c       @__vbaStrCat               0040136c     Seeker_¥ñ.OBJ
 0001:00000372       @__vbaStrVarMove           00401372     Seeker_¥ñ.OBJ
 0001:00000372       ___vbaStrVarMove           00401372     Seeker_¥ñ.OBJ
 0001:00000378       @__vbaStrMove              00401378     Seeker_¥ñ.OBJ
 0001:00000378       ___vbaStrMove              00401378     Seeker_¥ñ.OBJ
 0001:0000037e       ___vbaFreeVarList          0040137e     Seeker_¥ñ.OBJ
 0001:0000037e       @__vbaFreeVarList          0040137e     Seeker_¥ñ.OBJ
 0001:00000384       @__vbaVarDup               00401384     Seeker_¥ñ.OBJ
 0001:00000384       ___vbaVarDup               00401384     Seeker_¥ñ.OBJ
 0001:0000038a       @__vba@05EAD274            0040138a     Seeker_¥ñ.OBJ
 0001:0000038a       ___vba@05EAD274            0040138a     Seeker_¥ñ.OBJ
 0001:00000390       @__vbaVarTstNe             00401390     Seeker_¥ñ.OBJ
 0001:00000390       ___vbaVarTstNe             00401390     Seeker_¥ñ.OBJ
 0001:00000396       @__vba@05EAD334            00401396     Seeker_¥ñ.OBJ
 0001:00000396       ___vba@05EAD334            00401396     Seeker_¥ñ.OBJ
 0001:0000039c       ___vbaVarMove              0040139c     Seeker_¥ñ.OBJ
 0001:0000039c       @__vbaVarMove              0040139c     Seeker_¥ñ.OBJ
 0001:000003a2       ___vbaFPInt                004013a2     Seeker_¥ñ.OBJ
 0001:000003a2       @__vbaFPInt                004013a2     Seeker_¥ñ.OBJ
 0001:000003a8       @__vbaFpI2                 004013a8     Seeker_¥ñ.OBJ
 0001:000003a8       ___vbaFpI2                 004013a8     Seeker_¥ñ.OBJ
 0001:000003ae       @__vba@05EAD448            004013ae     Seeker_¥ñ.OBJ
 0001:000003ae       ___vba@05EAD448            004013ae     Seeker_¥ñ.OBJ
 0001:000003b4       @__vba@05EAD480            004013b4     Seeker_¥ñ.OBJ
 0001:000003b4       ___vba@05EAD480            004013b4     Seeker_¥ñ.OBJ
 0001:000003ba       @__vbaPowerR8              004013ba     Seeker_¥ñ.OBJ
 0001:000003ba       ___vbaPowerR8              004013ba     Seeker_¥ñ.OBJ
 0001:000003c0       ___vbaFpR8                 004013c0     Seeker_¥ñ.OBJ
 0001:000003c0       @__vbaFpR8                 004013c0     Seeker_¥ñ.OBJ
 0001:000003c6       @__vbaFreeVar              004013c6     Seeker_¥ñ.OBJ
 0001:000003c6       ___vbaFreeVar              004013c6     Seeker_¥ñ.OBJ
 0001:000003cc       @__vbaBoolVarNull          004013cc     Seeker_¥ñ.OBJ
 0001:000003cc       ___vbaBoolVarNull          004013cc     Seeker_¥ñ.OBJ
 0001:000003d2       ___vba@05EAD630            004013d2     Seeker_¥ñ.OBJ
 0001:000003d2       @__vba@05EAD630            004013d2     Seeker_¥ñ.OBJ
 0001:000003d8       @__vbaSetSystemError       004013d8     Seeker_¥ñ.OBJ
 0001:000003d8       ___vbaSetSystemError       004013d8     Seeker_¥ñ.OBJ
 0001:000003de       @__vbaFreeStr              004013de     Seeker_¥ñ.OBJ
 0001:000003de       ___vbaFreeStr              004013de     Seeker_¥ñ.OBJ
 0001:000003e4       ___vbaStrToUnicode         004013e4     Seeker_¥ñ.OBJ
 0001:000003e4       @__vbaStrToUnicode         004013e4     Seeker_¥ñ.OBJ
 0001:000003ea       @__vbaStrToAnsi            004013ea     Seeker_¥ñ.OBJ
 0001:000003ea       ___vbaStrToAnsi            004013ea     Seeker_¥ñ.OBJ
 0001:000003f0       @__vba@05EADA30            004013f0     Seeker_¥ñ.OBJ
 0001:000003f0       ___vba@05EADA30            004013f0     Seeker_¥ñ.OBJ
 0001:000003f6       ___vbaLenVarB              004013f6     Seeker_¥ñ.OBJ
 0001:000003f6       @__vbaLenVarB              004013f6     Seeker_¥ñ.OBJ
 0001:000003fc       @__vbaI4Var                004013fc     Seeker_¥ñ.OBJ
 0001:000003fc       ___vbaI4Var                004013fc     Seeker_¥ñ.OBJ
 0001:00000402       @__vbaStrCopy              00401402     Seeker_¥ñ.OBJ
 0001:00000402       ___vbaStrCopy              00401402     Seeker_¥ñ.OBJ
 0001:00000408       @__vbaStrR8                00401408     Seeker_¥ñ.OBJ
 0001:00000408       ___vbaStrR8                00401408     Seeker_¥ñ.OBJ
 0001:0000040e       ___vbaFpI4                 0040140e     Seeker_¥ñ.OBJ
 0001:0000040e       @__vbaFpI4                 0040140e     Seeker_¥ñ.OBJ
 0001:00000414       ___vbaR8IntI4              00401414     Seeker_¥ñ.OBJ
 0001:00000414       @__vbaR8IntI4              00401414     Seeker_¥ñ.OBJ
 0001:0000041a       ___vbaObjSet               0040141a     Seeker_¥ñ.OBJ
 0001:0000041a       @__vbaObjSet               0040141a     Seeker_¥ñ.OBJ
 0001:00000420       @__vbaI2Str                00401420     Seeker_¥ñ.OBJ
 0001:00000420       ___vbaI2Str                00401420     Seeker_¥ñ.OBJ
 0001:00000426       @__vbaLateIdCallLd         00401426     Seeker_¥ñ.OBJ
 0001:00000426       ___vbaLateIdCallLd         00401426     Seeker_¥ñ.OBJ
 0001:0000042c       ___vbaCastObjVar           0040142c     Seeker_¥ñ.OBJ
 0001:0000042c       @__vbaCastObjVar           0040142c     Seeker_¥ñ.OBJ
 0001:00000432       @__vba@05EADEF0            00401432     Seeker_¥ñ.OBJ
 0001:00000432       ___vba@05EADEF0            00401432     Seeker_¥ñ.OBJ
 0001:00000438       ___vbaFreeObj              00401438     Seeker_¥ñ.OBJ
 0001:00000438       @__vbaFreeObj              00401438     Seeker_¥ñ.OBJ
 0001:0000043e       ___vba@05EADF74            0040143e     Seeker_¥ñ.OBJ
 0001:0000043e       @__vba@05EADF74            0040143e     Seeker_¥ñ.OBJ
 0001:00000444       @__vbaBoolStr              00401444     Seeker_¥ñ.OBJ
 0001:00000444       ___vbaBoolStr              00401444     Seeker_¥ñ.OBJ
 0001:0000044a       @__vbaR8IntI2              0040144a     Seeker_¥ñ.OBJ
 0001:0000044a       ___vbaR8IntI2              0040144a     Seeker_¥ñ.OBJ
 0001:00000468       ___vbaS                    00401468     Seeker_¥ñ.OBJ
 0001:00022e28       ___vba@05EA954C            00423e28     Seeker_¥ñ.OBJ
 0001:00022e60       ___vba@05EA771C            00423e60     Seeker_¥ñ.OBJ
 0001:00022e9c       ___vba@05EA8A84            00423e9c     Seeker_¥ñ.OBJ
 0001:00023348       ___vba@05EA885C            00424348     Seeker_¥ñ.OBJ
 0001:0002377c       ___vba@05EAC86C            0042477c     Seeker_¥ñ.OBJ
 0001:000238a4       ___vba@05EAC8C4            004248a4     Seeker_¥ñ.OBJ
 0001:000238ac       ___vba@05EAC8D0            004248ac     Seeker_¥ñ.OBJ
 0001:000238b4       ___vba@05EAC8DC            004248b4     Seeker_¥ñ.OBJ
 0001:000238bc       ___vba@05EAC8E8            004248bc     Seeker_¥ñ.OBJ
 0001:000238c4       ___vba@05EAC8F4            004248c4     Seeker_¥ñ.OBJ
 0001:000238d0       ___vba@05EAC904            004248d0     Seeker_¥ñ.OBJ
 0001:000238e0       ___vba@05EAC918            004248e0     Seeker_¥ñ.OBJ
 0001:000238f0       ___vba@05EAC92C            004248f0     Seeker_¥ñ.OBJ
 0001:00023900       ___vba@05EAC940            00424900     Seeker_¥ñ.OBJ
 0001:00023910       ___vba@05EAC954            00424910     Seeker_¥ñ.OBJ
 0001:00023920       ___vba@05EAC968            00424920     Seeker_¥ñ.OBJ
 0001:00023928       ___vba@05EAC974            00424928     Seeker_¥ñ.OBJ
 0001:00023930       ___vba@05EAC980            00424930     Seeker_¥ñ.OBJ
 0001:00023940       ___vba@05EAC994            00424940     Seeker_¥ñ.OBJ
 0001:0002394c       ___vba@05EAC9A4            0042494c     Seeker_¥ñ.OBJ
 0001:0002395c       ___vba@05EAC9B8            0042495c     Seeker_¥ñ.OBJ
 0001:00023998       ___vba@05EAC9F8            00424998     Seeker_¥ñ.OBJ
 0001:0002399c       ___vba@05EACA00            0042499c     Seeker_¥ñ.OBJ
 0001:000239c4       ___vba@05EACA2C            004249c4     Seeker_¥ñ.OBJ
 0001:000239d4       ___vba@05EACA40            004249d4     Seeker_¥ñ.OBJ
 0001:000239dc       ___vba@05EACA4C            004249dc     Seeker_¥ñ.OBJ
 0001:000239e4       ___vba@05EACA58            004249e4     Seeker_¥ñ.OBJ
 0001:000239f4       ___vba@05EAB72C            004249f4     Seeker_¥ñ.OBJ
 0001:00023a00       ___vba@05EAB73C            00424a00     Seeker_¥ñ.OBJ
 0001:00023a0c       ___vba@05EAB74C            00424a0c     Seeker_¥ñ.OBJ
 0001:00023a18       ___vba@05EAB75C            00424a18     Seeker_¥ñ.OBJ
 0001:00023a24       ___vba@05EAB76C            00424a24     Seeker_¥ñ.OBJ
 0001:00023b08       ___vba@05EAB850            00424b08     Seeker_¥ñ.OBJ
 0001:00023b18       ___vba@05EAB864            00424b18     Seeker_¥ñ.OBJ
 0001:00023b40       ___vba@05EAB87C            00424b40     Seeker_¥ñ.OBJ
 0001:00023b5c       ___vba@05EAB8B4            00424b5c     Seeker_¥ñ.OBJ
 0001:00023b6c       ___vba@05EAB8C8            00424b6c     Seeker_¥ñ.OBJ
 0001:00023b78       ___vba@05EAB8D8            00424b78     Seeker_¥ñ.OBJ
 0001:00023b84       ___vba@05EAC644            00424b84     Seeker_¥ñ.OBJ
 0001:00023b90       ___vba@05EAC68C            00424b90     Seeker_¥ñ.OBJ
 0001:00023b9c       ___vba@05EAC6D4            00424b9c     Seeker_¥ñ.OBJ
 0001:00023bb0       ___vba@05EAC724            00424bb0     Seeker_¥ñ.OBJ
 0001:00023bc8       ___vba@05EAC778            00424bc8     Seeker_¥ñ.OBJ
 0001:00023be8       ___vba@05EAC7D0            00424be8     Seeker_¥ñ.OBJ
 0001:00023bf4       ___vba@05EAC7E0            00424bf4     Seeker_¥ñ.OBJ
 0001:00023c14       ___vba@05EAC7F0            00424c14     Seeker_¥ñ.OBJ
 0001:00023c34       ___vba@05EAC828            00424c34     Seeker_¥ñ.OBJ
 0001:00023c58       ___vba@05EABFCC            00424c58     Seeker_¥ñ.OBJ
 0001:00023c74       ___vba@05EAC004            00424c74     Seeker_¥ñ.OBJ
 0001:00023c84       ___vba@05EAC014            00424c84     Seeker_¥ñ.OBJ
 0001:00023c90       ___vba@05EAC024            00424c90     Seeker_¥ñ.OBJ
 0001:00023ca8       ___vba@05EAC044            00424ca8     Seeker_¥ñ.OBJ
 0001:00023cb8       ___vba@05EAC058            00424cb8     Seeker_¥ñ.OBJ
 0001:00023cc8       ___vba@05EAC06C            00424cc8     Seeker_¥ñ.OBJ
 0001:00023cd8       ___vba@05EAC080            00424cd8     Seeker_¥ñ.OBJ
 0001:00023cec       ___vba@05EAC094            00424cec     Seeker_¥ñ.OBJ
 0001:00023cf4       ___vba@05EAC0A0            00424cf4     Seeker_¥ñ.OBJ
 0001:00023d00       ___vba@05EAC0B0            00424d00     Seeker_¥ñ.OBJ
 0001:00023d08       ___vba@05EAC0C0            00424d08     Seeker_¥ñ.OBJ
 0001:00023d1c       ___vba@05EAC110            00424d1c     Seeker_¥ñ.OBJ
 0001:00023d38       ___vba@05EAC16C            00424d38     Seeker_¥ñ.OBJ
 0001:00023d44       ___vba@05EAC1B4            00424d44     Seeker_¥ñ.OBJ
 0001:00023d50       ___vba@05EAD144            00424d50     Seeker_¥ñ.OBJ
 0001:00023d60       ___vba@05EAD190            00424d60     Seeker_¥ñ.OBJ
 0001:00023d70       ___vba@05EAD1DC            00424d70     Seeker_¥ñ.OBJ
 0001:00023d84       ___vba@05EAD22C            00424d84     Seeker_¥ñ.OBJ
 0001:00023d90       ___vba@05EAD2AC            00424d90     Seeker_¥ñ.OBJ
 0001:00023da4       ___vba@05EAD2F8            00424da4     Seeker_¥ñ.OBJ
 0001:00023db0       ___vba@05EAD36C            00424db0     Seeker_¥ñ.OBJ
 0001:00023dc0       ___vba@05EAD3B8            00424dc0     Seeker_¥ñ.OBJ
 0001:00023dcc       ___vba@05EAD400            00424dcc     Seeker_¥ñ.OBJ
 0001:00023dd8       ___vba@05EAD4B8            00424dd8     Seeker_¥ñ.OBJ
 0001:00023de8       ___vba@05EAD504            00424de8     Seeker_¥ñ.OBJ
 0001:00023df4       ___vba@05EAD514            00424df4     Seeker_¥ñ.OBJ
 0001:00023e04       ___vba@05EAD594            00424e04     Seeker_¥ñ.OBJ
 0001:00023e14       ___vba@05EAD5E0            00424e14     Seeker_¥ñ.OBJ
 0001:00023e28       ___vba@05EAD668            00424e28     Seeker_¥ñ.OBJ
 0001:00023e3c       ___vba@05EAD6B8            00424e3c     Seeker_¥ñ.OBJ
 0001:00023e4c       ___vba@05EAD6CC            00424e4c     Seeker_¥ñ.OBJ
 0001:00023e60       ___vba@05EAD6E0            00424e60     Seeker_¥ñ.OBJ
 0001:00023e64       ___vba@05EAD6EC            00424e64     Seeker_¥ñ.OBJ
 0001:00023e74       ___vba@05EAD738            00424e74     Seeker_¥ñ.OBJ
 0001:00023e88       ___vba@05EAD9E4            00424e88     Seeker_¥ñ.OBJ
 0001:00023e98       ___vba@05EADA68            00424e98     Seeker_¥ñ.OBJ
 0001:00023ea8       ___vba@05EADAB4            00424ea8     Seeker_¥ñ.OBJ
 0001:00023eb4       ___vba@05EADAFC            00424eb4     Seeker_¥ñ.OBJ
 0001:00023ec4       ___vba@05EADB48            00424ec4     Seeker_¥ñ.OBJ
 0001:00023ed0       ___vba@05EADB90            00424ed0     Seeker_¥ñ.OBJ
 0001:00023edc       ___vba@05EADC0C            00424edc     Seeker_¥ñ.OBJ
 0001:00023eec       ___vba@05EADC58            00424eec     Seeker_¥ñ.OBJ
 0001:00023ef8       ___vba@05EADCA0            00424ef8     Seeker_¥ñ.OBJ
 0001:00023f14       ___vba@05EADCBC            00424f14     Seeker_¥ñ.OBJ
 0001:00023f20       ___vba@05EADCCC            00424f20     Seeker_¥ñ.OBJ
 0001:00023f30       ___vba@05EADCE0            00424f30     Seeker_¥ñ.OBJ
 0001:00023f38       ___vba@05EADCEC            00424f38     Seeker_¥ñ.OBJ
 0001:00023f44       ___vba@05EADCFC            00424f44     Seeker_¥ñ.OBJ
 0001:00023f50       ___vba@05EADD0C            00424f50     Seeker_¥ñ.OBJ
 0001:00023f5c       ___vba@05EADD1C            00424f5c     Seeker_¥ñ.OBJ
 0001:00023f68       ___vba@05EADD2C            00424f68     Seeker_¥ñ.OBJ
 0001:00023f74       ___vba@05EADD3C            00424f74     Seeker_¥ñ.OBJ
 0001:00023f80       ___vba@05EADD4C            00424f80     Seeker_¥ñ.OBJ
 0001:00023f8c       ___vba@05EADD5C            00424f8c     Seeker_¥ñ.OBJ
 0001:00023f98       ___vba@05EADD6C            00424f98     Seeker_¥ñ.OBJ
 0001:00023fa4       ___vba@05EADD7C            00424fa4     Seeker_¥ñ.OBJ
 0001:00023fb0       ___vba@05EADD8C            00424fb0     Seeker_¥ñ.OBJ
 0001:00023fbc       ___vba@05EADD9C            00424fbc     Seeker_¥ñ.OBJ
 0001:00023fc8       ___vba@05EADDAC            00424fc8     Seeker_¥ñ.OBJ
 0001:00023fd0       ___vba@05EADDBC            00424fd0     Seeker_¥ñ.OBJ
 0001:00023fe8       ___vba@05EADDFC            00424fe8     Seeker_¥ñ.OBJ
 0001:00023ff0       ___vba@05EADE0C            00424ff0     Seeker_¥ñ.OBJ
 0001:00023ffc       ___vba@05EADE54            00424ffc     Seeker_¥ñ.OBJ
 0001:00024010       ___vba@05EADEA4            00425010     Seeker_¥ñ.OBJ
 0001:00024020       ___vba@05EADF28            00425020     Seeker_¥ñ.OBJ
 0001:00024030       ___vba@05EADFAC            00425030     Seeker_¥ñ.OBJ
 0001:00024040       ___vba@05EAE474            00425040     Seeker_¥ñ.OBJ
 0001:00024098       ___vba@05EA70A4            00425098     Seeker_¥ñ.OBJ
 0001:000240d8       ___vba@05EACCBC            004250d8     Seeker_¥ñ.OBJ
 0001:00024100       ___vba@05EACCE8            00425100     Seeker_¥ñ.OBJ
 0001:0002410c       ___vba@05EACCF8            0042510c     Seeker_¥ñ.OBJ
 0001:00024118       ___vba@05EACD08            00425118     Seeker_¥ñ.OBJ
 0001:00024130       VB@BTXT                    00425130     Seeker_¥ñ.OBJ
 0001:00024134       ?Form_KeyDown@fMain@@AAGXXZ 00425134 f   fMain.OBJ
 0001:000241e5       ?Form_KeyUp@fMain@@AAGXXZ  004251e5 f   fMain.OBJ
 0001:00024278       ?Form_Load@fMain@@AAGXXZ   00425278 f   fMain.OBJ
 0001:00024363       ?Form_Unload@fMain@@AAGXXZ 00425363 f   fMain.OBJ
 0001:000243cf       ?CheckKeyPress@fMain@@AAGXXZ 004253cf f   fMain.OBJ
 0001:00024774       ?MainLoop@bMain@@AAGXXZ    00425774 f   bMain.OBJ
 0001:000248bc       ?CheckPub@bMain@@AAGXXZ    004258bc f   bMain.OBJ
 0001:00024916       ?CheckDeath@bMain@@AAGXXZ  00425916 f   bMain.OBJ
 0001:00024a88       ?CheckDelayE@bMain@@AAGXXZ 00425a88 f   bMain.OBJ
 0001:00024af8       ?E_Shot@bMain@@AAGXXZ      00425af8 f   bMain.OBJ
 0001:0002507c       ?CheckDelayM@bMain@@AAGXXZ 0042607c f   bMain.OBJ
 0001:00025267       ?TimeStart@bMain@@AAGXXZ   00426267 f   bMain.OBJ
 0001:0002527c       ?MisShot@bMain@@AAGXXZ     0042627c f   bMain.OBJ
 0001:00025317       ?GoE@bMain@@AAGXXZ         00426317 f   bMain.OBJ
 0001:00025566       ?MDelay@bMain@@AAGXXZ      00426566 f   bMain.OBJ
 0001:00025612       ?EnMoveDelay@bMain@@AAGXXZ 00426612 f   bMain.OBJ
 0001:000256be       ?CheckLogo@bMain@@AAGXXZ   004266be f   bMain.OBJ
 0001:0002570c       ?FPScheck@bMain@@AAGXXZ    0042670c f   bMain.OBJ
 0001:00025be8       ?MainBlt@bBlt@@AAGXXZ      00426be8 f   bBlt.OBJ
 0001:00026a69       ?TextPrint@bBlt@@AAGXXZ    00427a69 f   bBlt.OBJ
 0001:00026cdc       ?NewE0@bSet@@AAGXXZ        00427cdc f   bSet.OBJ
 0001:00026f21       ?CheckInfo@bSet@@AAGXXZ    00427f21 f   bSet.OBJ
 0001:000271b1       ?SaveValue@bSet@@AAGXXZ    004281b1 f   bSet.OBJ
 0001:00027c13       ?SetValue@bSet@@AAGXXZ     00428c13 f   bSet.OBJ
 0001:00028e80       VB@ETXT                    00429e80     Seeker_¥ñ.OBJ
 0002:00000000       __adjust_fdiv              0042b000     VBAEXE6:natsupp.obj
 0002:00000008       VB@BSS                     0042b008     Seeker_¥ñ.OBJ
 0002:00000010       ___vba@05EACAB0            0042b010     Seeker_¥ñ.OBJ
 0002:00000024       _bSet                      0042b024     Seeker_¥ñ.OBJ
 0002:00000278       _bMain                     0042b278     Seeker_¥ñ.OBJ
 0002:00000290       _bBlt                      0042b290     Seeker_¥ñ.OBJ
 0002:00000670       ___vba@05EAC160            0042b670     Seeker_¥ñ.OBJ
 0002:0000068c       ___vba@05F2BF64            0042b68c     Seeker_¥ñ.OBJ

 entry point at        0001:00000468

 Static symbols

