 Seeker

 Timestamp is 53596b4f (Fri Apr 25 04:51:43 2014)

 Preferred load address is 00400000

 Start         Length     Name                   Class
 0001:00000000 00000168H .idata$5                CODE
 0001:00000168 00000230H .rdata                  CODE
 0001:000003a0 0018252cH .text                   CODE
 0001:001828d0 00000004H .text$0                 CODE
 0001:001828e0 0000d340H .text$1                 CODE
 0001:0018fc20 00000004H .text$2                 CODE
 0001:0018fc24 00000014H .idata$2                CODE
 0001:0018fc38 00000014H .idata$3                CODE
 0001:0018fc4c 00000168H .idata$4                CODE
 0001:0018fdb4 00000504H .idata$6                CODE
 0001:001902b8 00000000H .edata                  CODE
 0002:00000000 00000004H .data                   DATA
 0002:00000008 00001580H .bss                    DATA
 0003:00000000 000000e8H .rsrc$01                DATA
 0003:000000f0 00003604H .rsrc$02                DATA

  Address         Publics by Value              Rva+Base     Lib:Object

 0001:00000000       __imp____vbaVarTstGt       00401000     Seeker.OBJ
 0001:00000000       __imp_@__vbaVarTstGt       00401000     Seeker.OBJ
 0001:00000004       __imp_@__vbaStrI2          00401004     Seeker.OBJ
 0001:00000004       __imp____vbaStrI2          00401004     Seeker.OBJ
 0001:00000008       __imp_@__vba@088B1E7C      00401008     Seeker.OBJ
 0001:00000008       __imp____vba@088B1E7C      00401008     Seeker.OBJ
 0001:0000000c       __imp___CIcos              0040100c     Seeker.OBJ
 0001:00000010       __imp___adj_fptan          00401010     Seeker.OBJ
 0001:00000014       __imp____vbaVarMove        00401014     Seeker.OBJ
 0001:00000014       __imp_@__vbaVarMove        00401014     Seeker.OBJ
 0001:00000018       __imp_@__vbaFreeVar        00401018     Seeker.OBJ
 0001:00000018       __imp____vbaFreeVar        00401018     Seeker.OBJ
 0001:0000001c       __imp_@__vbaStrVarMove     0040101c     Seeker.OBJ
 0001:0000001c       __imp____vbaStrVarMove     0040101c     Seeker.OBJ
 0001:00000020       __imp_@__vbaLenBstr        00401020     Seeker.OBJ
 0001:00000020       __imp____vbaLenBstr        00401020     Seeker.OBJ
 0001:00000024       __imp____vbaEnd            00401024     Seeker.OBJ
 0001:00000024       __imp_@__vbaEnd            00401024     Seeker.OBJ
 0001:00000028       __imp_@__vbaFreeVarList    00401028     Seeker.OBJ
 0001:00000028       __imp____vbaFreeVarList    00401028     Seeker.OBJ
 0001:0000002c       __imp___adj_fdiv_m64       0040102c     Seeker.OBJ
 0001:00000030       __imp_@__vbaVarIndexStore  00401030     Seeker.OBJ
 0001:00000030       __imp____vbaVarIndexStore  00401030     Seeker.OBJ
 0001:00000034       __imp____vbaFreeObjList    00401034     Seeker.OBJ
 0001:00000034       __imp_@__vbaFreeObjList    00401034     Seeker.OBJ
 0001:00000038       __imp___adj_fprem1         00401038     Seeker.OBJ
 0001:0000003c       __imp____vba@088B0908      0040103c     Seeker.OBJ
 0001:0000003c       __imp_@__vba@088B0908      0040103c     Seeker.OBJ
 0001:00000040       __imp_@__vbaStrCat         00401040     Seeker.OBJ
 0001:00000040       __imp____vbaStrCat         00401040     Seeker.OBJ
 0001:00000044       __imp____vbaSetSystemError 00401044     Seeker.OBJ
 0001:00000044       __imp_@__vbaSetSystemError 00401044     Seeker.OBJ
 0001:00000048       __imp____vbaHresultCheckObj 00401048     Seeker.OBJ
 0001:00000048       __imp_@__vbaHresultCheckObj 00401048     Seeker.OBJ
 0001:0000004c       __imp___adj_fdiv_m32       0040104c     Seeker.OBJ
 0001:00000050       __imp____vbaAryDestruct    00401050     Seeker.OBJ
 0001:00000050       __imp_@__vbaAryDestruct    00401050     Seeker.OBJ
 0001:00000054       __imp_@__vba@088AFF60      00401054     Seeker.OBJ
 0001:00000054       __imp____vba@088AFF60      00401054     Seeker.OBJ
 0001:00000058       __imp____vbaExitProc       00401058     Seeker.OBJ
 0001:00000058       __imp_@__vbaExitProc       00401058     Seeker.OBJ
 0001:0000005c       __imp____vba@088AFFE4      0040105c     Seeker.OBJ
 0001:0000005c       __imp_@__vba@088AFFE4      0040105c     Seeker.OBJ
 0001:00000060       __imp_@__vbaOnError        00401060     Seeker.OBJ
 0001:00000060       __imp____vbaOnError        00401060     Seeker.OBJ
 0001:00000064       __imp_@__vbaObjSet         00401064     Seeker.OBJ
 0001:00000064       __imp____vbaObjSet         00401064     Seeker.OBJ
 0001:00000068       __imp___adj_fdiv_m16i      00401068     Seeker.OBJ
 0001:0000006c       __imp_@__vbaObjSetAddref   0040106c     Seeker.OBJ
 0001:0000006c       __imp____vbaObjSetAddref   0040106c     Seeker.OBJ
 0001:00000070       __imp___adj_fdivr_m16i     00401070     Seeker.OBJ
 0001:00000074       __imp____vbaVarIndexLoad   00401074     Seeker.OBJ
 0001:00000074       __imp_@__vbaVarIndexLoad   00401074     Seeker.OBJ
 0001:00000078       __imp____vba@08109D1C      00401078     Seeker.OBJ
 0001:00000078       __imp_@__vba@08109D1C      00401078     Seeker.OBJ
 0001:0000007c       __imp_@__vbaFpR8           0040107c     Seeker.OBJ
 0001:0000007c       __imp____vbaFpR8           0040107c     Seeker.OBJ
 0001:00000080       __imp___CIsin              00401080     Seeker.OBJ
 0001:00000084       __imp_@__vbaErase          00401084     Seeker.OBJ
 0001:00000084       __imp____vbaErase          00401084     Seeker.OBJ
 0001:00000088       __imp____vba@088B08D0      00401088     Seeker.OBJ
 0001:00000088       __imp_@__vba@088B08D0      00401088     Seeker.OBJ
 0001:0000008c       __imp____vbaChkstk         0040108c     Seeker.OBJ
 0001:00000094       __imp____vbaGenerateBoundsError 00401094     Seeker.OBJ
 0001:00000094       __imp_@__vbaGenerateBoundsError 00401094     Seeker.OBJ
 0001:00000098       __imp_@__vbaVarTstEq       00401098     Seeker.OBJ
 0001:00000098       __imp____vbaVarTstEq       00401098     Seeker.OBJ
 0001:0000009c       __imp____vbaI2I4           0040109c     Seeker.OBJ
 0001:0000009c       __imp_@__vbaI2I4           0040109c     Seeker.OBJ
 0001:000000a4       __imp____vbaCastObjVar     004010a4     Seeker.OBJ
 0001:000000a4       __imp_@__vbaCastObjVar     004010a4     Seeker.OBJ
 0001:000000a8       __imp___adj_fpatan         004010a8     Seeker.OBJ
 0001:000000ac       __imp_@__vbaLateIdCallLd   004010ac     Seeker.OBJ
 0001:000000ac       __imp____vbaLateIdCallLd   004010ac     Seeker.OBJ
 0001:000000b0       __imp____vbaRedim          004010b0     Seeker.OBJ
 0001:000000b0       __imp_@__vbaRedim          004010b0     Seeker.OBJ
 0001:000000b4       __imp_@__vbaStrR8          004010b4     Seeker.OBJ
 0001:000000b4       __imp____vbaStrR8          004010b4     Seeker.OBJ
 0001:000000bc       __imp_@__vba@088B0CCC      004010bc     Seeker.OBJ
 0001:000000bc       __imp____vba@088B0CCC      004010bc     Seeker.OBJ
 0001:000000c0       __imp_@__vbaUI1I2          004010c0     Seeker.OBJ
 0001:000000c0       __imp____vbaUI1I2          004010c0     Seeker.OBJ
 0001:000000c4       __imp___CIsqrt             004010c4     Seeker.OBJ
 0001:000000cc       __imp_@__vbaVarMul         004010cc     Seeker.OBJ
 0001:000000cc       __imp____vbaVarMul         004010cc     Seeker.OBJ
 0001:000000d0       __imp____vbaExceptHandler  004010d0     Seeker.OBJ
 0001:000000d4       __imp___adj_fprem          004010d4     Seeker.OBJ
 0001:000000d8       __imp___adj_fdivr_m64      004010d8     Seeker.OBJ
 0001:000000dc       __imp____vbaI2Str          004010dc     Seeker.OBJ
 0001:000000dc       __imp_@__vbaI2Str          004010dc     Seeker.OBJ
 0001:000000e0       __imp____vbaFPException    004010e0     Seeker.OBJ
 0001:000000e4       __imp____vbaStrVarVal      004010e4     Seeker.OBJ
 0001:000000e4       __imp_@__vbaStrVarVal      004010e4     Seeker.OBJ
 0001:000000e8       __imp_@__vbaI2Var          004010e8     Seeker.OBJ
 0001:000000e8       __imp____vbaI2Var          004010e8     Seeker.OBJ
 0001:000000ec       __imp___CIlog              004010ec     Seeker.OBJ
 0001:000000f0       __imp____vbaErrorOverflow  004010f0     Seeker.OBJ
 0001:000000f0       __imp_@__vbaErrorOverflow  004010f0     Seeker.OBJ
 0001:000000f4       __imp_@__vbaR8Str          004010f4     Seeker.OBJ
 0001:000000f4       __imp____vbaR8Str          004010f4     Seeker.OBJ
 0001:000000f8       __imp____vbaNew2           004010f8     Seeker.OBJ
 0001:000000f8       __imp_@__vbaNew2           004010f8     Seeker.OBJ
 0001:000000fc       __imp___adj_fdiv_m32i      004010fc     Seeker.OBJ
 0001:00000100       __imp___adj_fdivr_m32i     00401100     Seeker.OBJ
 0001:00000104       __imp_@__vbaStrCopy        00401104     Seeker.OBJ
 0001:00000104       __imp____vbaStrCopy        00401104     Seeker.OBJ
 0001:00000108       __imp_@__vbaFreeStrList    00401108     Seeker.OBJ
 0001:00000108       __imp____vbaFreeStrList    00401108     Seeker.OBJ
 0001:0000010c       __imp___adj_fdivr_m32      0040110c     Seeker.OBJ
 0001:00000110       __imp____vbaPowerR8        00401110     Seeker.OBJ
 0001:00000110       __imp_@__vbaPowerR8        00401110     Seeker.OBJ
 0001:00000114       __imp___adj_fdiv_r         00401114     Seeker.OBJ
 0001:0000011c       __imp_@__vbaI4Var          0040111c     Seeker.OBJ
 0001:0000011c       __imp____vbaI4Var          0040111c     Seeker.OBJ
 0001:00000120       __imp____vba@088B1F9C      00401120     Seeker.OBJ
 0001:00000120       __imp_@__vba@088B1F9C      00401120     Seeker.OBJ
 0001:00000124       __imp_@__vbaVarAdd         00401124     Seeker.OBJ
 0001:00000124       __imp____vbaVarAdd         00401124     Seeker.OBJ
 0001:00000128       __imp_@__vbaFpI2           00401128     Seeker.OBJ
 0001:00000128       __imp____vbaFpI2           00401128     Seeker.OBJ
 0001:0000012c       __imp____vbaVarMod         0040112c     Seeker.OBJ
 0001:0000012c       __imp_@__vbaVarMod         0040112c     Seeker.OBJ
 0001:00000130       __imp_@__vbaFpI4           00401130     Seeker.OBJ
 0001:00000130       __imp____vbaFpI4           00401130     Seeker.OBJ
 0001:00000134       __imp_@__vbaR8IntI2        00401134     Seeker.OBJ
 0001:00000134       __imp____vbaR8IntI2        00401134     Seeker.OBJ
 0001:00000138       __imp___CIatan             00401138     Seeker.OBJ
 0001:0000013c       __imp____vbaStrMove        0040113c     Seeker.OBJ
 0001:0000013c       __imp_@__vbaStrMove        0040113c     Seeker.OBJ
 0001:00000140       __imp____vba@088AFA94      00401140     Seeker.OBJ
 0001:00000140       __imp_@__vba@088AFA94      00401140     Seeker.OBJ
 0001:00000144       __imp____vbaR8IntI4        00401144     Seeker.OBJ
 0001:00000144       __imp_@__vbaR8IntI4        00401144     Seeker.OBJ
 0001:00000148       __imp___allmul             00401148     Seeker.OBJ
 0001:0000014c       __imp____vbaLateIdSt       0040114c     Seeker.OBJ
 0001:0000014c       __imp_@__vbaLateIdSt       0040114c     Seeker.OBJ
 0001:00000150       __imp___CItan              00401150     Seeker.OBJ
 0001:00000154       __imp_@__vbaFPInt          00401154     Seeker.OBJ
 0001:00000154       __imp____vbaFPInt          00401154     Seeker.OBJ
 0001:00000158       __imp___CIexp              00401158     Seeker.OBJ
 0001:0000015c       __imp_@__vbaFreeStr        0040115c     Seeker.OBJ
 0001:0000015c       __imp____vbaFreeStr        0040115c     Seeker.OBJ
 0001:00000160       __imp_@__vbaFreeObj        00401160     Seeker.OBJ
 0001:00000160       __imp____vbaFreeObj        00401160     Seeker.OBJ
 0001:00000168       __real@8@4006e500000000000000 00401168     fSplash.OBJ
 0001:00000170       __real@8@4000c000000000000000 00401170     fSplash.OBJ
 0001:00000178       __real@8@4001a000000000000000 00401178     fSplash.OBJ
 0001:000001c0       __real@8@40008000000000000000 004011c0     bmain.OBJ
 0001:000001c8       __real@8@3fff8000000000000000 004011c8     bmain.OBJ
 0001:000001d0       __real@8@00000000000000000000 004011d0     bmain.OBJ
 0001:000001e8       __real@8@4008fa00000000000000 004011e8     bmain.OBJ
 0001:00000270       __real@4@400899c0000000000000 00401270     fmain.OBJ
 0001:00000274       __real@4@40088c00000000000000 00401274     fmain.OBJ
 0001:00000278       __real@4@4002f000000000000000 00401278     fmain.OBJ
 0001:00000290       __real@4@40098d60000000000000 00401290     fmain.OBJ
 0001:00000294       __real@4@400980c0000000000000 00401294     fmain.OBJ
 0001:00000298       __real@4@4008a180000000000000 00401298     fmain.OBJ
 0001:0000029c       __real@4@40089740000000000000 0040129c     fmain.OBJ
 0001:000002a0       __real@4@40089500000000000000 004012a0     fmain.OBJ
 0001:000002a4       __real@4@40088ac0000000000000 004012a4     fmain.OBJ
 0001:000002a8       __real@4@40099c60000000000000 004012a8     fmain.OBJ
 0001:000002ac       __real@4@40098fc0000000000000 004012ac     fmain.OBJ
 0001:000002b0       __real@8@4004d400000000000000 004012b0     fmain.OBJ
 0001:000002b8       __real@8@40048000000000000000 004012b8     fmain.OBJ
 0001:000002c0       __real@4@4004b400000000000000 004012c0     fmain.OBJ
 0001:000002c4       __real@4@4004c800000000000000 004012c4     fmain.OBJ
 0001:000002e8       __real@8@4005ee00000000000000 004012e8     bltbas.OBJ
 0001:000002f0       __real@8@40099d80000000000000 004012f0     bltbas.OBJ
 0001:000002f8       __real@8@4006d200000000000000 004012f8     bltbas.OBJ
 0001:00000300       __real@8@4002a000000000000000 00401300     bltbas.OBJ
 0001:00000318       __real@8@4001e000000000000000 00401318     bltbas.OBJ
 0001:00000380       __real@4@4004a000000000000000 00401380     Dbas.OBJ
 0001:000003a0       VB@TEXT                    004013a0     Seeker.OBJ
 0001:000003a0       ___vbaChkstk               004013a0     Seeker.OBJ
 0001:000003a6       ___vbaExceptHandler        004013a6     Seeker.OBJ
 0001:000003ac       ___vbaFPException          004013ac     Seeker.OBJ
 0001:000003b2       __adj_fdiv_m16i            004013b2     Seeker.OBJ
 0001:000003b8       __adj_fdiv_m32             004013b8     Seeker.OBJ
 0001:000003be       __adj_fdiv_m32i            004013be     Seeker.OBJ
 0001:000003c4       __adj_fdiv_m64             004013c4     Seeker.OBJ
 0001:000003ca       __adj_fdiv_r               004013ca     Seeker.OBJ
 0001:000003d0       __adj_fdivr_m16i           004013d0     Seeker.OBJ
 0001:000003d6       __adj_fdivr_m32            004013d6     Seeker.OBJ
 0001:000003dc       __adj_fdivr_m32i           004013dc     Seeker.OBJ
 0001:000003e2       __adj_fdivr_m64            004013e2     Seeker.OBJ
 0001:000003e8       __adj_fpatan               004013e8     Seeker.OBJ
 0001:000003ee       __adj_fprem                004013ee     Seeker.OBJ
 0001:000003f4       __adj_fprem1               004013f4     Seeker.OBJ
 0001:000003fa       __adj_fptan                004013fa     Seeker.OBJ
 0001:00000400       __CIatan                   00401400     Seeker.OBJ
 0001:00000406       __CIcos                    00401406     Seeker.OBJ
 0001:0000040c       __CIexp                    0040140c     Seeker.OBJ
 0001:00000412       __CIlog                    00401412     Seeker.OBJ
 0001:00000418       __CIsin                    00401418     Seeker.OBJ
 0001:0000041e       __CIsqrt                   0040141e     Seeker.OBJ
 0001:00000424       __CItan                    00401424     Seeker.OBJ
 0001:0000042a       __allmul                   0040142a     Seeker.OBJ
 0001:00000436       ___vbaErrorOverflow        00401436     Seeker.OBJ
 0001:00000436       @__vbaErrorOverflow        00401436     Seeker.OBJ
 0001:0000043c       @__vbaObjSetAddref         0040143c     Seeker.OBJ
 0001:0000043c       ___vbaObjSetAddref         0040143c     Seeker.OBJ
 0001:00000442       @__vbaR8IntI4              00401442     Seeker.OBJ
 0001:00000442       ___vbaR8IntI4              00401442     Seeker.OBJ
 0001:00000448       ___vbaFPInt                00401448     Seeker.OBJ
 0001:00000448       @__vbaFPInt                00401448     Seeker.OBJ
 0001:0000044e       @__vbaFpI4                 0040144e     Seeker.OBJ
 0001:0000044e       ___vbaFpI4                 0040144e     Seeker.OBJ
 0001:00000454       ___vbaFreeObj              00401454     Seeker.OBJ
 0001:00000454       @__vbaFreeObj              00401454     Seeker.OBJ
 0001:0000045a       ___vba@08109D1C            0040145a     Seeker.OBJ
 0001:0000045a       @__vba@08109D1C            0040145a     Seeker.OBJ
 0001:00000460       @__vbaNew2                 00401460     Seeker.OBJ
 0001:00000460       ___vbaNew2                 00401460     Seeker.OBJ
 0001:00000466       ___vbaFreeVarList          00401466     Seeker.OBJ
 0001:00000466       @__vbaFreeVarList          00401466     Seeker.OBJ
 0001:0000046c       ___vbaFreeObjList          0040146c     Seeker.OBJ
 0001:0000046c       @__vbaFreeObjList          0040146c     Seeker.OBJ
 0001:00000472       @__vbaLateIdCallLd         00401472     Seeker.OBJ
 0001:00000472       ___vbaLateIdCallLd         00401472     Seeker.OBJ
 0001:00000478       ___vbaCastObjVar           00401478     Seeker.OBJ
 0001:00000478       @__vbaCastObjVar           00401478     Seeker.OBJ
 0001:0000047e       @__vbaObjSet               0040147e     Seeker.OBJ
 0001:0000047e       ___vbaObjSet               0040147e     Seeker.OBJ
 0001:00000484       ___vbaUI1I2                00401484     Seeker.OBJ
 0001:00000484       @__vbaUI1I2                00401484     Seeker.OBJ
 0001:0000048a       ___vbaSetSystemError       0040148a     Seeker.OBJ
 0001:0000048a       @__vbaSetSystemError       0040148a     Seeker.OBJ
 0001:00000490       ___vbaHresultCheckObj      00401490     Seeker.OBJ
 0001:00000490       @__vbaHresultCheckObj      00401490     Seeker.OBJ
 0001:00000496       @__vbaFreeStr              00401496     Seeker.OBJ
 0001:00000496       ___vbaFreeStr              00401496     Seeker.OBJ
 0001:0000049c       ___vbaStrCopy              0040149c     Seeker.OBJ
 0001:0000049c       @__vbaStrCopy              0040149c     Seeker.OBJ
 0001:000004a2       @__vbaFpR8                 004014a2     Seeker.OBJ
 0001:000004a2       ___vbaFpR8                 004014a2     Seeker.OBJ
 0001:000004a8       ___vbaEnd                  004014a8     Seeker.OBJ
 0001:000004a8       @__vbaEnd                  004014a8     Seeker.OBJ
 0001:000004ae       @__vbaR8Str                004014ae     Seeker.OBJ
 0001:000004ae       ___vbaR8Str                004014ae     Seeker.OBJ
 0001:000004b4       ___vbaPowerR8              004014b4     Seeker.OBJ
 0001:000004b4       @__vbaPowerR8              004014b4     Seeker.OBJ
 0001:000004ba       @__vbaGenerateBoundsError  004014ba     Seeker.OBJ
 0001:000004ba       ___vbaGenerateBoundsError  004014ba     Seeker.OBJ
 0001:000004c0       @__vbaVarTstGt             004014c0     Seeker.OBJ
 0001:000004c0       ___vbaVarTstGt             004014c0     Seeker.OBJ
 0001:000004c6       ___vbaStrVarVal            004014c6     Seeker.OBJ
 0001:000004c6       @__vbaStrVarVal            004014c6     Seeker.OBJ
 0001:000004cc       ___vba@088B1E7C            004014cc     Seeker.OBJ
 0001:000004cc       @__vba@088B1E7C            004014cc     Seeker.OBJ
 0001:000004d2       ___vbaStrI2                004014d2     Seeker.OBJ
 0001:000004d2       @__vbaStrI2                004014d2     Seeker.OBJ
 0001:000004d8       @__vbaVarIndexLoad         004014d8     Seeker.OBJ
 0001:000004d8       ___vbaVarIndexLoad         004014d8     Seeker.OBJ
 0001:000004de       ___vbaVarIndexStore        004014de     Seeker.OBJ
 0001:000004de       @__vbaVarIndexStore        004014de     Seeker.OBJ
 0001:000004e4       @__vba@088B1F9C            004014e4     Seeker.OBJ
 0001:000004e4       ___vba@088B1F9C            004014e4     Seeker.OBJ
 0001:000004ea       @__vbaI2Str                004014ea     Seeker.OBJ
 0001:000004ea       ___vbaI2Str                004014ea     Seeker.OBJ
 0001:000004f0       ___vbaFreeVar              004014f0     Seeker.OBJ
 0001:000004f0       @__vbaFreeVar              004014f0     Seeker.OBJ
 0001:000004f6       ___vbaFreeStrList          004014f6     Seeker.OBJ
 0001:000004f6       @__vbaFreeStrList          004014f6     Seeker.OBJ
 0001:000004fc       ___vbaStrMove              004014fc     Seeker.OBJ
 0001:000004fc       @__vbaStrMove              004014fc     Seeker.OBJ
 0001:00000502       ___vbaStrCat               00401502     Seeker.OBJ
 0001:00000502       @__vbaStrCat               00401502     Seeker.OBJ
 0001:00000508       ___vbaLateIdSt             00401508     Seeker.OBJ
 0001:00000508       @__vbaLateIdSt             00401508     Seeker.OBJ
 0001:0000050e       ___vbaVarMod               0040150e     Seeker.OBJ
 0001:0000050e       @__vbaVarMod               0040150e     Seeker.OBJ
 0001:00000514       @__vbaVarAdd               00401514     Seeker.OBJ
 0001:00000514       ___vbaVarAdd               00401514     Seeker.OBJ
 0001:0000051a       @__vbaFpI2                 0040151a     Seeker.OBJ
 0001:0000051a       ___vbaFpI2                 0040151a     Seeker.OBJ
 0001:00000520       ___vbaExitProc             00401520     Seeker.OBJ
 0001:00000520       @__vbaExitProc             00401520     Seeker.OBJ
 0001:00000526       ___vbaI2Var                00401526     Seeker.OBJ
 0001:00000526       @__vbaI2Var                00401526     Seeker.OBJ
 0001:0000052c       @__vba@088B08D0            0040152c     Seeker.OBJ
 0001:0000052c       ___vba@088B08D0            0040152c     Seeker.OBJ
 0001:00000532       @__vba@088B0908            00401532     Seeker.OBJ
 0001:00000532       ___vba@088B0908            00401532     Seeker.OBJ
 0001:00000538       @__vbaVarTstEq             00401538     Seeker.OBJ
 0001:00000538       ___vbaVarTstEq             00401538     Seeker.OBJ
 0001:0000053e       @__vbaOnError              0040153e     Seeker.OBJ
 0001:0000053e       ___vbaOnError              0040153e     Seeker.OBJ
 0001:00000544       ___vbaLenBstr              00401544     Seeker.OBJ
 0001:00000544       @__vbaLenBstr              00401544     Seeker.OBJ
 0001:0000054a       ___vba@088AFA94            0040154a     Seeker.OBJ
 0001:0000054a       @__vba@088AFA94            0040154a     Seeker.OBJ
 0001:00000550       ___vbaStrVarMove           00401550     Seeker.OBJ
 0001:00000550       @__vbaStrVarMove           00401550     Seeker.OBJ
 0001:00000556       ___vbaI2I4                 00401556     Seeker.OBJ
 0001:00000556       @__vbaI2I4                 00401556     Seeker.OBJ
 0001:0000055c       ___vbaVarMul               0040155c     Seeker.OBJ
 0001:0000055c       @__vbaVarMul               0040155c     Seeker.OBJ
 0001:00000562       ___vbaI4Var                00401562     Seeker.OBJ
 0001:00000562       @__vbaI4Var                00401562     Seeker.OBJ
 0001:00000568       @__vbaStrR8                00401568     Seeker.OBJ
 0001:00000568       ___vbaStrR8                00401568     Seeker.OBJ
 0001:0000056e       ___vbaVarMove              0040156e     Seeker.OBJ
 0001:0000056e       @__vbaVarMove              0040156e     Seeker.OBJ
 0001:00000574       @__vba@088AFF60            00401574     Seeker.OBJ
 0001:00000574       ___vba@088AFF60            00401574     Seeker.OBJ
 0001:0000057a       @__vbaR8IntI2              0040157a     Seeker.OBJ
 0001:0000057a       ___vbaR8IntI2              0040157a     Seeker.OBJ
 0001:00000580       @__vba@088AFFE4            00401580     Seeker.OBJ
 0001:00000580       ___vba@088AFFE4            00401580     Seeker.OBJ
 0001:00000586       ___vbaAryDestruct          00401586     Seeker.OBJ
 0001:00000586       @__vbaAryDestruct          00401586     Seeker.OBJ
 0001:0000058c       @__vbaErase                0040158c     Seeker.OBJ
 0001:0000058c       ___vbaErase                0040158c     Seeker.OBJ
 0001:00000592       ___vbaRedim                00401592     Seeker.OBJ
 0001:00000592       @__vbaRedim                00401592     Seeker.OBJ
 0001:00000598       @__vba@088B0CCC            00401598     Seeker.OBJ
 0001:00000598       ___vba@088B0CCC            00401598     Seeker.OBJ
 0001:000005b8       ___vbaS                    004015b8     Seeker.OBJ
 0001:000455d4       ___vba@0812D704            004465d4     Seeker.OBJ
 0001:0004560c       ___vba@05F2B064            0044660c     Seeker.OBJ
 0001:00045644       ___vba@0812E6FC            00446644     Seeker.OBJ
 0001:00045680       ___vba@0812F4AC            00446680     Seeker.OBJ
 0001:00045a78       ___vba@00AA98FC            00446a78     Seeker.OBJ
 0001:000460a4       ___vba@0813192C            004470a4     Seeker.OBJ
 0001:00046cdc       ___vba@00AA96B4            00447cdc     Seeker.OBJ
 0001:00046e98       ___vba@00AA970C            00447e98     Seeker.OBJ
 0001:00046ea0       ___vba@00AA9718            00447ea0     Seeker.OBJ
 0001:00046ea8       ___vba@00AA9724            00447ea8     Seeker.OBJ
 0001:00046eb0       ___vba@00AA9730            00447eb0     Seeker.OBJ
 0001:00046eb8       ___vba@00AA973C            00447eb8     Seeker.OBJ
 0001:00046ec0       ___vba@00AA9748            00447ec0     Seeker.OBJ
 0001:00046ec8       ___vba@00AA9754            00447ec8     Seeker.OBJ
 0001:00046ed0       ___vba@00AA9760            00447ed0     Seeker.OBJ
 0001:00046ee0       ___vba@00AA9774            00447ee0     Seeker.OBJ
 0001:00046ef0       ___vba@00AA9788            00447ef0     Seeker.OBJ
 0001:00046f00       ___vba@00AA979C            00447f00     Seeker.OBJ
 0001:00046f10       ___vba@00AA97B0            00447f10     Seeker.OBJ
 0001:00046f20       ___vba@00AA97C4            00447f20     Seeker.OBJ
 0001:00046f24       ___vba@00AA97CC            00447f24     Seeker.OBJ
 0001:00046f34       ___vba@00AA97E0            00447f34     Seeker.OBJ
 0001:00046f70       ___vba@00AA9820            00447f70     Seeker.OBJ
 0001:00046f74       ___vba@00AA9828            00447f74     Seeker.OBJ
 0001:00046f9c       ___vba@00AA9854            00447f9c     Seeker.OBJ
 0001:00046fac       ___vba@00AA9868            00447fac     Seeker.OBJ
 0001:00046fb4       ___vba@00AA9874            00447fb4     Seeker.OBJ
 0001:00046fc4       ___vba@00AA9888            00447fc4     Seeker.OBJ
 0001:00046fcc       ___vba@00AA9890            00447fcc     Seeker.OBJ
 0001:00046fdc       ___vba@0810BA8C            00447fdc     Seeker.OBJ
 0001:00047000       ___vba@0810BAA0            00448000     Seeker.OBJ
 0001:00047020       ___vba@0810BAD8            00448020     Seeker.OBJ
 0001:00047030       ___vba@0810BAEC            00448030     Seeker.OBJ
 0001:00047058       ___vba@0810BB04            00448058     Seeker.OBJ
 0001:00047078       ___vba@0810BB3C            00448078     Seeker.OBJ
 0001:000470ac       ___vba@0810BB60            004480ac     Seeker.OBJ
 0001:000470cc       ___vba@0810BB98            004480cc     Seeker.OBJ
 0001:000470f4       ___vba@0810BBB0            004480f4     Seeker.OBJ
 0001:00047114       ___vba@0810BBE8            00448114     Seeker.OBJ
 0001:0004713c       ___vba@0810BC00            0044813c     Seeker.OBJ
 0001:0004715c       ___vba@0810BC38            0044815c     Seeker.OBJ
 0001:0004716c       ___vba@0810BC4C            0044816c     Seeker.OBJ
 0001:0004717c       ___vba@0810BC64            0044817c     Seeker.OBJ
 0001:0004718c       ___vba@0810BC78            0044818c     Seeker.OBJ
 0001:000471b4       ___vba@0810B5FC            004481b4     Seeker.OBJ
 0001:000471d4       ___vba@0810B634            004481d4     Seeker.OBJ
 0001:000471e0       ___vba@0810B644            004481e0     Seeker.OBJ
 0001:00047200       ___vba@0810B654            00448200     Seeker.OBJ
 0001:0004721c       ___vba@0810B68C            0044821c     Seeker.OBJ
 0001:00047228       ___vba@0810B69C            00448228     Seeker.OBJ
 0001:00047238       ___vba@0810B6B0            00448238     Seeker.OBJ
 0001:00047248       ___vba@0810B6C4            00448248     Seeker.OBJ
 0001:00047258       ___vba@0810B6D8            00448258     Seeker.OBJ
 0001:00047268       ___vba@0810B6EC            00448268     Seeker.OBJ
 0001:00047274       ___vba@0810B6FC            00448274     Seeker.OBJ
 0001:00047360       ___vba@08109854            00448360     Seeker.OBJ
 0001:00047370       ___vba@08109868            00448370     Seeker.OBJ
 0001:00047380       ___vba@0810987C            00448380     Seeker.OBJ
 0001:00047388       ___vba@08109888            00448388     Seeker.OBJ
 0001:00047390       ___vba@08109894            00448390     Seeker.OBJ
 0001:00047394       ___vba@0810989C            00448394     Seeker.OBJ
 0001:0004739c       ___vba@081098A8            0044839c     Seeker.OBJ
 0001:000473a4       ___vba@081098B4            004483a4     Seeker.OBJ
 0001:000473ac       ___vba@081098C0            004483ac     Seeker.OBJ
 0001:000473b0       ___vba@081098C8            004483b0     Seeker.OBJ
 0001:000473c0       ___vba@081098DC            004483c0     Seeker.OBJ
 0001:000473c8       ___vba@081098E8            004483c8     Seeker.OBJ
 0001:000473d8       ___vba@081098FC            004483d8     Seeker.OBJ
 0001:000473fc       ___vba@08109924            004483fc     Seeker.OBJ
 0001:00047408       ___vba@08109934            00448408     Seeker.OBJ
 0001:00047430       ___vba@08109960            00448430     Seeker.OBJ
 0001:00047434       ___vba@08109968            00448434     Seeker.OBJ
 0001:00047444       ___vba@0810997C            00448444     Seeker.OBJ
 0001:00047448       ___vba@08109984            00448448     Seeker.OBJ
 0001:00047450       ___vba@08109990            00448450     Seeker.OBJ
 0001:00047458       ___vba@0810999C            00448458     Seeker.OBJ
 0001:0004745c       ___vba@081099A4            0044845c     Seeker.OBJ
 0001:00047460       ___vba@081099AC            00448460     Seeker.OBJ
 0001:00047468       ___vba@081099B8            00448468     Seeker.OBJ
 0001:00047478       ___vba@081099C8            00448478     Seeker.OBJ
 0001:00047484       ___vba@081099D8            00448484     Seeker.OBJ
 0001:000474ac       ___vba@081099F0            004484ac     Seeker.OBJ
 0001:000474c8       ___vba@08109A28            004484c8     Seeker.OBJ
 0001:000474d4       ___vba@08109A38            004484d4     Seeker.OBJ
 0001:000474e4       ___vba@08109A9C            004484e4     Seeker.OBJ
 0001:000474f4       ___vba@08109AB0            004484f4     Seeker.OBJ
 0001:00047504       ___vba@08109AC4            00448504     Seeker.OBJ
 0001:00047510       ___vba@08109AD4            00448510     Seeker.OBJ
 0001:00047524       ___vba@08109B24            00448524     Seeker.OBJ
 0001:00047540       ___vba@08109B80            00448540     Seeker.OBJ
 0001:00047550       ___vba@08109BCC            00448550     Seeker.OBJ
 0001:0004755c       ___vba@08109C14            0044855c     Seeker.OBJ
 0001:00047568       ___vba@08109C5C            00448568     Seeker.OBJ
 0001:00047578       ___vba@08109C70            00448578     Seeker.OBJ
 0001:00047584       ___vba@08109D54            00448584     Seeker.OBJ
 0001:00047590       ___vba@08109D9C            00448590     Seeker.OBJ
 0001:000475a4       ___vba@08109DEC            004485a4     Seeker.OBJ
 0001:000475b8       ___vba@08109E3C            004485b8     Seeker.OBJ
 0001:000475cc       ___vba@08109E8C            004485cc     Seeker.OBJ
 0001:000475dc       ___vba@08109F64            004485dc     Seeker.OBJ
 0001:000475e8       ___vba@08109FAC            004485e8     Seeker.OBJ
 0001:000475fc       ___vba@08109FFC            004485fc     Seeker.OBJ
 0001:00047618       ___vba@0810A050            00448618     Seeker.OBJ
 0001:00047674       ___vba@0810A0B0            00448674     Seeker.OBJ
 0001:00047680       ___vba@0810A0C0            00448680     Seeker.OBJ
 0001:000476c0       ___vba@0810A108            004486c0     Seeker.OBJ
 0001:000476d8       ___vba@081083CC            004486d8     Seeker.OBJ
 0001:00047708       ___vba@08108400            00448708     Seeker.OBJ
 0001:00047754       ___vba@08108450            00448754     Seeker.OBJ
 0001:00047794       ___vba@08108494            00448794     Seeker.OBJ
 0001:000477c4       ___vba@081084C8            004487c4     Seeker.OBJ
 0001:000477f4       ___vba@08108500            004487f4     Seeker.OBJ
 0001:00047808       ___vba@08108514            00448808     Seeker.OBJ
 0001:0004781c       ___vba@0810852C            0044881c     Seeker.OBJ
 0001:0004782c       ___vba@08108540            0044882c     Seeker.OBJ
 0001:00047848       ___vba@08108560            00448848     Seeker.OBJ
 0001:0004786c       ___vba@08108588            0044886c     Seeker.OBJ
 0001:0004787c       ___vba@081085A0            0044887c     Seeker.OBJ
 0001:00047888       ___vba@081085B0            00448888     Seeker.OBJ
 0001:00047898       ___vba@08108AA4            00448898     Seeker.OBJ
 0001:000478fc       ___vba@08108B08            004488fc     Seeker.OBJ
 0001:0004790c       ___vba@08108B1C            0044890c     Seeker.OBJ
 0001:00047930       ___vba@08108B44            00448930     Seeker.OBJ
 0001:0004794c       ___vba@08108B64            0044894c     Seeker.OBJ
 0001:00047984       ___vba@08108BA0            00448984     Seeker.OBJ
 0001:0004798c       ___vba@08108BAC            0044898c     Seeker.OBJ
 0001:000479a0       ___vba@08108BC8            004489a0     Seeker.OBJ
 0001:000479b0       ___vba@08108BDC            004489b0     Seeker.OBJ
 0001:000479c0       ___vba@08108C28            004489c0     Seeker.OBJ
 0001:000479d0       ___vba@08108C74            004489d0     Seeker.OBJ
 0001:000479dc       ___vba@08108C84            004489dc     Seeker.OBJ
 0001:000479e8       ___vba@088B00D4            004489e8     Seeker.OBJ
 0001:000479f4       ___vba@088B011C            004489f4     Seeker.OBJ
 0001:00047a00       ___vba@088B0164            00448a00     Seeker.OBJ
 0001:00047a10       ___vba@088B01B0            00448a10     Seeker.OBJ
 0001:00047a2c       ___vba@088B0208            00448a2c     Seeker.OBJ
 0001:00047a3c       ___vba@088B0254            00448a3c     Seeker.OBJ
 0001:00047a50       ___vba@088B0268            00448a50     Seeker.OBJ
 0001:00047a68       ___vba@088B0284            00448a68     Seeker.OBJ
 0001:00047a70       ___vba@088B0290            00448a70     Seeker.OBJ
 0001:00047a74       ___vba@088B1EB4            00448a74     Seeker.OBJ
 0001:00047a80       ___vba@088B1EFC            00448a80     Seeker.OBJ
 0001:00047a94       ___vba@088B1F4C            00448a94     Seeker.OBJ
 0001:00047aa8       ___vba@088B1FD4            00448aa8     Seeker.OBJ
 0001:00047ab4       ___vba@088B201C            00448ab4     Seeker.OBJ
 0001:00047ac8       ___vba@088B2030            00448ac8     Seeker.OBJ
 0001:00047ad4       ___vba@088B20C4            00448ad4     Seeker.OBJ
 0001:00047ae8       ___vba@088B2114            00448ae8     Seeker.OBJ
 0001:00047af8       ___vba@088B2160            00448af8     Seeker.OBJ
 0001:00047b04       ___vba@088B21A8            00448b04     Seeker.OBJ
 0001:00047b18       ___vba@088B21F4            00448b18     Seeker.OBJ
 0001:00047b28       ___vba@088B2208            00448b28     Seeker.OBJ
 0001:00047b2c       ___vba@088B2214            00448b2c     Seeker.OBJ
 0001:00047b40       ___vba@088B2228            00448b40     Seeker.OBJ
 0001:00047b50       ___vba@088B223C            00448b50     Seeker.OBJ
 0001:00047b60       ___vba@088B2250            00448b60     Seeker.OBJ
 0001:00047b74       ___vba@088B2268            00448b74     Seeker.OBJ
 0001:00047b88       ___vba@088B07AC            00448b88     Seeker.OBJ
 0001:00047b94       ___vba@088B07F4            00448b94     Seeker.OBJ
 0001:00047ba0       ___vba@088B083C            00448ba0     Seeker.OBJ
 0001:00047bb0       ___vba@088B0888            00448bb0     Seeker.OBJ
 0001:00047bbc       ___vba@088B0940            00448bbc     Seeker.OBJ
 0001:00047bcc       ___vba@088AF9FC            00448bcc     Seeker.OBJ
 0001:00047bdc       ___vba@088AFA48            00448bdc     Seeker.OBJ
 0001:00047bec       ___vba@088AFACC            00448bec     Seeker.OBJ
 0001:00047bfc       ___vba@088AFB18            00448bfc     Seeker.OBJ
 0001:00047c08       ___vba@088AFB60            00448c08     Seeker.OBJ
 0001:00047c14       ___vba@088AFBA8            00448c14     Seeker.OBJ
 0001:00047c20       ___vba@088AFE8C            00448c20     Seeker.OBJ
 0001:00047c30       ___vba@088AFED4            00448c30     Seeker.OBJ
 0001:00047c38       ___vba@088AFEE4            00448c38     Seeker.OBJ
 0001:00047c48       ___vba@088AFF30            00448c48     Seeker.OBJ
 0001:00047c64       ___vba@088AFF4C            00448c64     Seeker.OBJ
 0001:00047c70       ___vba@088AFF98            00448c70     Seeker.OBJ
 0001:00047c80       ___vba@088B001C            00448c80     Seeker.OBJ
 0001:00047c94       ___vba@088B0C3C            00448c94     Seeker.OBJ
 0001:00047ca0       ___vba@088B0C84            00448ca0     Seeker.OBJ
 0001:001827e8       ___vba@08130014            005837e8     Seeker.OBJ
 0001:00182828       ___vba@0813025C            00583828     Seeker.OBJ
 0001:00182868       ___vba@00AAA8F4            00583868     Seeker.OBJ
 0001:00182890       ___vba@00AAA920            00583890     Seeker.OBJ
 0001:0018289c       ___vba@00AAA930            0058389c     Seeker.OBJ
 0001:001828a8       ___vba@00AAA940            005838a8     Seeker.OBJ
 0001:001828b4       ___vba@00AAA950            005838b4     Seeker.OBJ
 0001:001828c0       ___vba@00AAA960            005838c0     Seeker.OBJ
 0001:001828d0       VB@BTXT                    005838d0     Seeker.OBJ
 0001:001828e0       ?Form_Load@fSplash@@AAGXXZ 005838e0 f   fSplash.OBJ
 0001:00183190       ?StartOn@bmain@@AAGXXZ     00584190 f   bmain.OBJ
 0001:001836b0       ?SetOff@bmain@@AAGXXZ      005846b0 f   bmain.OBJ
 0001:00183930       ?OpenLoop@bmain@@AAGXXZ    00584930 f   bmain.OBJ
 0001:00183c10       ?M_Click@bmain@@AAGXXZ     00584c10 f   bmain.OBJ
 0001:00183e70       ?CNTFPS@bmain@@AAGXXZ      00584e70 f   bmain.OBJ
 0001:001842b0       ?BoxShow@bmain@@AAGXXZ     005852b0 f   bmain.OBJ
 0001:00184520       ?Consol_KeyDown@fmain@@AAGXXZ 00585520 f   fmain.OBJ
 0001:001847a0       ?ConsolCheck@fmain@@AAGXXZ 005857a0 f   fmain.OBJ
 0001:00185550       ?Form_KeyUp@fmain@@AAGXXZ  00586550 f   fmain.OBJ
 0001:00185610       ?Form_Load@fmain@@AAGXXZ   00586610 f   fmain.OBJ
 0001:00185700       ?Form_KeyDown@fmain@@AAGXXZ 00586700 f   fmain.OBJ
 0001:00185a40       ?Form_MouseDown@fmain@@AAGXXZ 00586a40 f   fmain.OBJ
 0001:001866b0       ?Form_MouseMove@fmain@@AAGXXZ 005876b0 f   fmain.OBJ
 0001:00187340       ?Form_MouseUp@fmain@@AAGXXZ 00588340 f   fmain.OBJ
 0001:001873b0       ?Form_Unload@fmain@@AAGXXZ 005883b0 f   fmain.OBJ
 0001:00187420       ?BltImage@bltbas@@AAGXXZ   00588420 f   bltbas.OBJ
 0001:0018b7f0       ?CheckBG@bltbas@@AAGXXZ    0058c7f0 f   bltbas.OBJ
 0001:0018bd00       ?BltMouse@bltbas@@AAGXXZ   0058cd00 f   bltbas.OBJ
 0001:0018bf60       ?BltNum@bltbas@@AAGXXZ     0058cf60 f   bltbas.OBJ
 0001:0018c320       ?BltBox@bltbas@@AAGXXZ     0058d320 f   bltbas.OBJ
 0001:0018d7e0       ?Gstart@Gbas@@AAGXXZ       0058e7e0 f   Gbas.OBJ
 0001:0018dac0       ?Gmaping@Gbas@@AAGXXZ      0058eac0 f   Gbas.OBJ
 0001:0018db20       ?SetOn@Dbas@@AAGXXZ        0058eb20 f   Dbas.OBJ
 0001:0018f990       ?NewFireBG@Dbas@@AAGXXZ    00590990 f   Dbas.OBJ
 0001:0018faf0       ?NewMi@Dbas@@AAGXXZ        00590af0 f   Dbas.OBJ
 0001:0018fc20       VB@ETXT                    00590c20     Seeker.OBJ
 0002:00000000       __adjust_fdiv              00592000     VBAEXE6:natsupp.obj
 0002:00000008       VB@BSS                     00592008     Seeker.OBJ
 0002:00000010       ___vba@00AAA6C8            00592010     Seeker.OBJ
 0002:00000024       _bmain                     00592024     Seeker.OBJ
 0002:00000110       ___vba@00AAA6E0            00592110     Seeker.OBJ
 0002:00000124       _bltbas                    00592124     Seeker.OBJ
 0002:00000134       _Dbas                      00592134     Seeker.OBJ
 0002:00000278       _Gbas                      00592278     Seeker.OBJ
 0002:00000740       ___vba@08109B74            00592740     Seeker.OBJ
 0002:00000764       ___vba@08535E4C            00592764     Seeker.OBJ
 0002:00000e8c       ___vba@05E591AC            00592e8c     Seeker.OBJ

 entry point at        0001:000005b8

 Static symbols

